<html>
<body>
<pre>
<h1>µVision Build Log</h1>
<h2>Tool Versions:</h2>
IDE-Version: µVision V5.26.2.0
Copyright (C) 2018 ARM Ltd and ARM Germany GmbH. All rights reserved.
License Information: Alexandre Matias, UTFPR, LIC=V8545-G9JU0-VHI87-EKM36-NS04F-U0YIW
 
Tool Versions:
Toolchain:       MDK-ARM Professional  Version: 5.26.2.0
Toolchain Path:  C:\Keil_v5\ARM\ARMCC\Bin
C Compiler:      Armcc.exe V5.06 update 6 (build 750)
Assembler:       Armasm.exe V5.06 update 6 (build 750)
Linker/Locator:  ArmLink.exe V5.06 update 6 (build 750)
Library Manager: ArmAr.exe V5.06 update 6 (build 750)
Hex Converter:   FromElf.exe V5.06 update 6 (build 750)
CPU DLL:         SARMCM3.DLL V5.26.2.0
Dialog DLL:      DCM.DLL V1.17.2.0
Target DLL:      lmidk-agdi.dll V???
Dialog DLL:      TCM.DLL V1.36.1.0
 
<h2>Project:</h2>
C:\Users\Alexa\Embarcados\lab03\ProjectFiles\base_project.uvprojx
Project File Date:  10/07/2019

<h2>Output:</h2>
*** Using Compiler 'V5.06 update 6 (build 750)', folder: 'C:\Keil_v5\ARM\ARMCC\Bin'
*** Note: Rebuilding project, since 'Options->Output->Create Batch File' is selected.
Rebuild Project 'base_project' - Target 'TM4C129 Flash'
compiling lab03.c...
C:\Users\Alexa\Embarcados\lab03\ProjectFiles\buttons.h(5): warning:  #1295-D: Deprecated declaration button_init - give arg types
  extern void button_init();
C:\Users\Alexa\Embarcados\lab03\ProjectFiles\buttons.h(6): warning:  #1295-D: Deprecated declaration button_read_s1 - give arg types
  extern bool button_read_s1();
C:\Users\Alexa\Embarcados\lab03\ProjectFiles\buttons.h(7): warning:  #1295-D: Deprecated declaration button_read_s2 - give arg types
  extern bool button_read_s2();
C:\Users\Alexa\Embarcados\lab03\ProjectFiles\buttons.h(9): warning:  #1-D: last line of file ends without a newline
  #endif //__BUTTONS_H
C:\Users\Alexa\Embarcados\lab03\ProjectFiles\buzzer.h(18): warning:  #1295-D: Deprecated declaration buzzer_init - give arg types
  extern void buzzer_init();
C:\Users\Alexa\Embarcados\lab03\ProjectFiles\buzzer.h(23): warning:  #1-D: last line of file ends without a newline
  #endif //__BUZZER_H
C:\Users\Alexa\Embarcados\lab03\ProjectFiles\joy.h(20): warning:  #1295-D: Deprecated declaration joy_read_center - give arg types
  extern bool joy_read_center();
C:\Users\Alexa\Embarcados\lab03\ProjectFiles\lab03.c(455): warning:  #550-D: variable "pixel"  was set but never used
        uint32_t i, j, pixel, n;
C:\Users\Alexa\Embarcados\lab03\ProjectFiles\lab03.c(507): warning:  #177-D: variable "color"  was declared but never referenced
        uint32_t color = 0xFF, i, j, pixel;
C:\Users\Alexa\Embarcados\lab03\ProjectFiles\lab03.c(507): warning:  #177-D: variable "pixel"  was declared but never referenced
        uint32_t color = 0xFF, i, j, pixel;
C:\Users\Alexa\Embarcados\lab03\ProjectFiles\lab03.c(531): warning:  #177-D: variable "color"  was declared but never referenced
        uint32_t color = 0xE2697A, i, j, pixel;
C:\Users\Alexa\Embarcados\lab03\ProjectFiles\lab03.c(531): warning:  #550-D: variable "pixel"  was set but never used
        uint32_t color = 0xE2697A, i, j, pixel;
C:\Users\Alexa\Embarcados\lab03\ProjectFiles\lab03.c(568): warning:  #177-D: variable "color"  was declared but never referenced
        uint32_t color = 0x00, i, j, pixel, andar= 1;
C:\Users\Alexa\Embarcados\lab03\ProjectFiles\lab03.c(568): warning:  #177-D: variable "pixel"  was declared but never referenced
        uint32_t color = 0x00, i, j, pixel, andar= 1;
C:\Users\Alexa\Embarcados\lab03\ProjectFiles\lab03.c(597): warning:  #177-D: variable "color"  was declared but never referenced
        uint32_t color = 0x00, i, j, pixel;
C:\Users\Alexa\Embarcados\lab03\ProjectFiles\lab03.c(597): warning:  #177-D: variable "pixel"  was declared but never referenced
        uint32_t color = 0x00, i, j, pixel;
C:\Users\Alexa\Embarcados\lab03\ProjectFiles\lab03.c(626): warning:  #177-D: variable "color"  was declared but never referenced
        uint32_t color = 0x00, i, j, pixel;
C:\Users\Alexa\Embarcados\lab03\ProjectFiles\lab03.c(626): warning:  #177-D: variable "pixel"  was declared but never referenced
        uint32_t color = 0x00, i, j, pixel;
C:\Users\Alexa\Embarcados\lab03\ProjectFiles\lab03.c(1080): warning:  #177-D: variable "k"  was declared but never referenced
        uint16_t i, j, k;
C:\Users\Alexa\Embarcados\lab03\ProjectFiles\lab03.c(1126): warning:  #177-D: variable "pbufx"  was declared but never referenced
        char pbufx[10], pbufy[10], pbufz[10];
C:\Users\Alexa\Embarcados\lab03\ProjectFiles\lab03.c(1126): warning:  #177-D: variable "pbufy"  was declared but never referenced
        char pbufx[10], pbufy[10], pbufz[10];
C:\Users\Alexa\Embarcados\lab03\ProjectFiles\lab03.c(1126): warning:  #177-D: variable "pbufz"  was declared but never referenced
        char pbufx[10], pbufy[10], pbufz[10];
C:\Users\Alexa\Embarcados\lab03\ProjectFiles\lab03.c(1127): warning:  #177-D: variable "center"  was declared but never referenced
        bool center;
C:\Users\Alexa\Embarcados\lab03\ProjectFiles\lab03.c(1128): warning:  #177-D: variable "temp"  was declared but never referenced
        float temp,lux;
C:\Users\Alexa\Embarcados\lab03\ProjectFiles\lab03.c(1128): warning:  #177-D: variable "lux"  was declared but never referenced
        float temp,lux;
C:\Users\Alexa\Embarcados\lab03\ProjectFiles\lab03.c(1129): warning:  #177-D: variable "mic"  was declared but never referenced
        float mic;
C:\Users\Alexa\Embarcados\lab03\ProjectFiles\lab03.c(1130): warning:  #177-D: variable "s1_press"  was declared but never referenced
        bool s1_press, s2_press;
C:\Users\Alexa\Embarcados\lab03\ProjectFiles\lab03.c(1130): warning:  #177-D: variable "s2_press"  was declared but never referenced
        bool s1_press, s2_press;
C:\Users\Alexa\Embarcados\lab03\ProjectFiles\lab03.c(1131): warning:  #177-D: variable "i"  was declared but never referenced
        uint32_t i, j, i_anterior = 0;
C:\Users\Alexa\Embarcados\lab03\ProjectFiles\lab03.c(1131): warning:  #177-D: variable "j"  was declared but never referenced
        uint32_t i, j, i_anterior = 0;
C:\Users\Alexa\Embarcados\lab03\ProjectFiles\lab03.c(1131): warning:  #177-D: variable "i_anterior"  was declared but never referenced
        uint32_t i, j, i_anterior = 0;
C:\Users\Alexa\Embarcados\lab03\ProjectFiles\lab03.c(1209): warning:  #1-D: last line of file ends without a newline
  }
C:\Users\Alexa\Embarcados\lab03\ProjectFiles\lab03.c(275): warning:  #177-D: function "floatToString"  was declared but never referenced
  static void floatToString(float value, char *pBuf, uint32_t len, uint32_t base, uint8_t zeros, uint8_t precision){
lab03.c: 33 warnings, 0 errors
compiling buzzer.c...
C:\Users\Alexa\Embarcados\lab03\ProjectFiles\buzzer.h(18): warning:  #1295-D: Deprecated declaration buzzer_init - give arg types
  extern void buzzer_init();
C:\Users\Alexa\Embarcados\lab03\ProjectFiles\buzzer.h(23): warning:  #1-D: last line of file ends without a newline
  #endif //__BUZZER_H
C:\Users\Alexa\Embarcados\lab03\ProjectFiles\buzzer.c(162): warning:  #1-D: last line of file ends without a newline
  }
C:\Users\Alexa\Embarcados\lab03\ProjectFiles\buzzer.c(31): warning:  #550-D: variable "g_ui32SysClock"  was set but never used
  static uint32_t g_ui32SysClock;
C:\Users\Alexa\Embarcados\lab03\ProjectFiles\buzzer.c(33): warning:  #550-D: variable "g_current_per"  was set but never used
  static uint16_t g_current_per;
buzzer.c: 5 warnings, 0 errors
compiling accel.c...
C:\Users\Alexa\Embarcados\lab03\ProjectFiles\accel.c(89): warning:  #1-D: last line of file ends without a newline
  }
accel.c: 1 warning, 0 errors
compiling buttons.c...
C:\Users\Alexa\Embarcados\lab03\ProjectFiles\buttons.h(5): warning:  #1295-D: Deprecated declaration button_init - give arg types
  extern void button_init();
C:\Users\Alexa\Embarcados\lab03\ProjectFiles\buttons.h(6): warning:  #1295-D: Deprecated declaration button_read_s1 - give arg types
  extern bool button_read_s1();
C:\Users\Alexa\Embarcados\lab03\ProjectFiles\buttons.h(7): warning:  #1295-D: Deprecated declaration button_read_s2 - give arg types
  extern bool button_read_s2();
C:\Users\Alexa\Embarcados\lab03\ProjectFiles\buttons.h(9): warning:  #1-D: last line of file ends without a newline
  #endif //__BUTTONS_H
buttons.c: 4 warnings, 0 errors
compiling cfaf128x128x16.c...
C:\Users\Alexa\Embarcados\lab03\ProjectFiles\cfaf128x128x16.c(880): warning:  #1-D: last line of file ends without a newline
  //*****************************************************************************
C:\Users\Alexa\Embarcados\lab03\ProjectFiles\cfaf128x128x16.c(770): warning:  #177-D: function "ssiSetDataMode"  was declared but never referenced
  ssiSetDataMode(uint8_t mode) {
C:\Users\Alexa\Embarcados\lab03\ProjectFiles\cfaf128x128x16.c(777): warning:  #177-D: function "ssiSetClockDivider"  was declared but never referenced
  ssiSetClockDivider(uint8_t divider){
cfaf128x128x16.c: 3 warnings, 0 errors
compiling led.c...
compiling mic.c...
C:\Users\Alexa\Embarcados\lab03\ProjectFiles\mic.h(23): warning:  #1-D: last line of file ends without a newline
  #endif //__MIC_H__
C:\Users\Alexa\Embarcados\lab03\ProjectFiles\mic.c(91): warning:  #1-D: last line of file ends without a newline
  }
mic.c: 2 warnings, 0 errors
compiling opt.c...
C:\Users\Alexa\Embarcados\lab03\ProjectFiles\opt.h(20): warning:  #1295-D: Deprecated declaration opt_init - give arg types
  extern void  opt_init();
C:\Users\Alexa\Embarcados\lab03\ProjectFiles\opt.h(21): warning:  #1295-D: Deprecated declaration opt_read - give arg types
  extern uint16_t opt_read();
C:\Users\Alexa\Embarcados\lab03\ProjectFiles\opt.h(22): warning:  #1295-D: Deprecated declaration opt_read_lux - give arg types
  extern uint32_t opt_read_lux();
C:\Users\Alexa\Embarcados\lab03\ProjectFiles\opt.h(24): warning:  #1-D: last line of file ends without a newline
  #endif //__OPT_H__
C:\Users\Alexa\Embarcados\lab03\ProjectFiles\opt.c(149): warning:  #128-D: loop is not reachable
                while(i < n){
C:\Users\Alexa\Embarcados\lab03\ProjectFiles\opt.c(195): warning:  #128-D: loop is not reachable
                while(i < n-1){
C:\Users\Alexa\Embarcados\lab03\ProjectFiles\opt.c(330): warning:  #177-D: variable "temp"  was declared but never referenced
                uint64_t temp = 0;
C:\Users\Alexa\Embarcados\lab03\ProjectFiles\opt.c(60): warning:  #550-D: variable "mid"  was set but never used
  static uint16_t mid, did;
C:\Users\Alexa\Embarcados\lab03\ProjectFiles\opt.c(60): warning:  #550-D: variable "did"  was set but never used
  static uint16_t mid, did;
C:\Users\Alexa\Embarcados\lab03\ProjectFiles\opt.c(86): warning:  #177-D: variable "g_mid"  was declared but never referenced
  static uint16_t g_mid, g_did, g_timeout_count;
C:\Users\Alexa\Embarcados\lab03\ProjectFiles\opt.c(86): warning:  #177-D: variable "g_did"  was declared but never referenced
  static uint16_t g_mid, g_did, g_timeout_count;
opt.c: 11 warnings, 0 errors
compiling rgb.c...
C:\Users\Alexa\Embarcados\lab03\ProjectFiles\rgb.h(66): warning:  #1-D: last line of file ends without a newline
  #endif //__RGB_H__
C:\Users\Alexa\Embarcados\lab03\ProjectFiles\rgb.c(290): warning:  #1-D: last line of file ends without a newline
  }
rgb.c: 2 warnings, 0 errors
compiling servo.c...
C:\Users\Alexa\Embarcados\lab03\ProjectFiles\servo.h(27): warning:  #1295-D: Deprecated declaration servo_init - give arg types
  extern void servo_init();
C:\Users\Alexa\Embarcados\lab03\ProjectFiles\servo.c(59): warning:  #550-D: variable "g_ui32SysClock"  was set but never used
  static uint32_t g_ui32SysClock;
servo.c: 2 warnings, 0 errors
compiling joy.c...
C:\Users\Alexa\Embarcados\lab03\ProjectFiles\joy.h(20): warning:  #1295-D: Deprecated declaration joy_read_center - give arg types
  extern bool joy_read_center();
C:\Users\Alexa\Embarcados\lab03\ProjectFiles\joy.c(102): warning:  #1-D: last line of file ends without a newline
  }
joy.c: 2 warnings, 0 errors
compiling temp.c...
C:\Users\Alexa\Embarcados\lab03\ProjectFiles\temp.h(23): warning:  #1-D: last line of file ends without a newline
  #endif //__TEMP_H__
C:\Users\Alexa\Embarcados\lab03\ProjectFiles\temp.c(158): warning:  #128-D: loop is not reachable
                while(i < n){
C:\Users\Alexa\Embarcados\lab03\ProjectFiles\temp.c(207): warning:  #128-D: loop is not reachable
                while(i < n-1){
C:\Users\Alexa\Embarcados\lab03\ProjectFiles\temp.c(303): warning:  #177-D: variable "temp"  was declared but never referenced
        uint64_t temp = 0;
C:\Users\Alexa\Embarcados\lab03\ProjectFiles\temp.c(94): warning:  #550-D: variable "g_mid"  was set but never used
  static uint16_t g_mid, g_did, g_timeout_count;
C:\Users\Alexa\Embarcados\lab03\ProjectFiles\temp.c(94): warning:  #550-D: variable "g_did"  was set but never used
  static uint16_t g_mid, g_did, g_timeout_count;
temp.c: 6 warnings, 0 errors
assembling utils.s...
compiling Chefao.c...
compiling Eddie.c...
compiling Escada.c...
compiling Inimigo.c...
compiling Item.c...
compiling Background.c...
compiling Numeros.c...
compiling RTX_Conf_CM.c...
assembling startup_TM4C129.s...
compiling system_TM4C129.c...
linking...
Program Size: Code=20816 RO-data=12488 RW-data=268 ZI-data=21388  
".\Flash\base_project.axf" - 0 Error(s), 71 Warning(s).

<h2>Software Packages used:</h2>

Package Vendor: ARM
                http://www.keil.com/pack/ARM.CMSIS.5.5.1.pack
                ARM.CMSIS.5.5.1
                CMSIS (Cortex Microcontroller Software Interface Standard)
   * Component: RTOS Version: 1.0.0
   * Component: CORE Version: 5.2.0
   * Component: Keil RTX Version: 4.81.1

Package Vendor: Keil
                http://www.keil.com/pack/Keil.TM4C_DFP.1.1.0.pack
                Keil.TM4C_DFP.1.1.0
                Texas Instruments Tiva C Series Device Support and Examples
   * Component: Startup Version: 1.0.0

<h2>Collection of Component include folders:</h2>
  .\RTE\_TM4C129_Flash
  C:\Keil_v5\ARM\PACK\ARM\CMSIS\5.5.1\CMSIS\Core\Include
  C:\Keil_v5\ARM\PACK\ARM\CMSIS\5.5.1\CMSIS\RTOS\RTX\INC
  C:\Keil_v5\ARM\PACK\Keil\TM4C_DFP\1.1.0\Device\Include\TM4C129

<h2>Collection of Component Files used:</h2>

   * Component: ::CMSIS:RTOS:1.0.0 (API)

   * Component: ARM::CMSIS:CORE:5.2.0

   * Component: ARM::CMSIS:RTOS:Keil RTX:4.81.1
      Source file:   CMSIS\RTOS\RTX\UserCodeTemplates\Mutex.c
      Source file:   CMSIS\RTOS\RTX\SRC\ARM\SVC_Table.s
      Source file:   CMSIS\RTOS\RTX\UserCodeTemplates\Timer.c
      Source file:   CMSIS\RTOS\RTX\UserCodeTemplates\main.c
      Include file:  CMSIS\RTOS\RTX\UserCodeTemplates\osObjects.h
      Source file:   CMSIS\RTOS\RTX\UserCodeTemplates\Thread.c
      Source file:   CMSIS\RTOS\RTX\Templates\RTX_Conf_CM.c
      Source file:   CMSIS\RTOS\RTX\UserCodeTemplates\Semaphore.c
      Include file:  CMSIS\RTOS\RTX\INC\cmsis_os.h
      Source file:   CMSIS\RTOS\RTX\UserCodeTemplates\MailQueue.c
      Source file:   CMSIS\RTOS\RTX\UserCodeTemplates\MsgQueue.c
      Source file:   CMSIS\RTOS\RTX\UserCodeTemplates\MemPool.c
      Library file:  CMSIS\RTOS\RTX\LIB\ARM\RTX_CM4.lib

   * Component: Keil::Device:Startup:1.0.0
      Source file:   Device\Source\ARM\startup_TM4C129.s
      Source file:   Device\Source\system_TM4C129.c
      Include file:  Device\Include\TM4C129\TM4C129.h
Build Time Elapsed:  00:00:07
</pre>
</body>
</html>
