Component: ARM Compiler 5.06 update 6 (build 750) Tool: armlink [4d35ed]

==============================================================================

Section Cross References

    lab03.o(.text) refers to rt_cmsis.o(i.osThreadCreate) for osThreadCreate
    lab03.o(.text) refers to cfaf128x128x16.o(.text) for cfaf128x128x16Init
    lab03.o(.text) refers to joy.o(.text) for joy_init
    lab03.o(.text) refers to buzzer.o(.text) for buzzer_init
    lab03.o(.text) refers to buttons.o(.text) for button_init
    lab03.o(.text) refers to fast_eddie.o(.text) for init_mutex
    lab03.o(.text) refers to rt_cmsis.o(i.osSignalWait) for osSignalWait
    lab03.o(.text) refers to rt_cmsis.o(i.osSignalSet) for osSignalSet
    lab03.o(.text) refers to lab03.o(.constdata) for .constdata
    lab03.o(.text) refers to lab03.o(.data) for .data
    lab03.o(.text) refers to lab03.o(.bss) for .bss
    lab03.o(.text) refers to rand.o(.emb_text) for rand
    lab03.o(.text) refers to rt_cmsis.o(i.osSignalClear) for osSignalClear
    lab03.o(.text) refers to dflt_clz.o(x$fpl$dflt) for __aeabi_i2d
    lab03.o(.text) refers to dmul.o(x$fpl$dmul) for __aeabi_dmul
    lab03.o(.text) refers to d2f.o(x$fpl$d2f) for __aeabi_d2f
    lab03.o(.text) refers to rt_cmsis.o(i.osTimerCreate) for osTimerCreate
    lab03.o(.text) refers to rt_cmsis.o(i.osTimerStart) for osTimerStart
    lab03.o(.text) refers to rand.o(.text) for srand
    lab03.o(.text) refers to rt_cmsis.o(i.osKernelStart) for osKernelStart
    lab03.o(.text) refers to rt_cmsis.o(i.osDelay) for osDelay
    lab03.o(.constdata) refers to lab03.o(.text) for timer_frames
    lab03.o(.constdata) refers to lab03.o(.bss) for os_timer_cb_frames
    fast_eddie.o(.text) refers to rt_cmsis.o(i.osMutexCreate) for osMutexCreate
    fast_eddie.o(.text) refers to rt_cmsis.o(i.osMutexWait) for osMutexWait
    fast_eddie.o(.text) refers to rectangle.o(i.GrRectFill) for GrRectFill
    fast_eddie.o(.text) refers to rt_cmsis.o(i.osMutexRelease) for osMutexRelease
    fast_eddie.o(.text) refers to line.o(i.GrLineDrawV) for GrLineDrawV
    fast_eddie.o(.text) refers to line.o(i.GrLineDrawH) for GrLineDrawH
    fast_eddie.o(.text) refers to fast_eddie.o(.constdata) for .constdata
    fast_eddie.o(.text) refers to fast_eddie.o(.data) for .data
    fast_eddie.o(.text) refers to fast_eddie.o(.bss) for .bss
    fast_eddie.o(.text) refers to eddie.o(.constdata) for Eddie_start
    fast_eddie.o(.text) refers to lab03.o(.data) for pulo
    fast_eddie.o(.text) refers to lab03.o(.data) for pos_eddie_direita
    fast_eddie.o(.text) refers to eddie.o(.constdata) for Eddie
    fast_eddie.o(.text) refers to escada.o(.constdata) for Escada_start
    fast_eddie.o(.text) refers to lab03.o(.data) for frame_escada
    fast_eddie.o(.text) refers to escada.o(.constdata) for Escada
    fast_eddie.o(.text) refers to lab03.o(.bss) for posicaoEscadas
    fast_eddie.o(.text) refers to inimigo.o(.constdata) for Inimigo_start
    fast_eddie.o(.text) refers to inimigo.o(.constdata) for Inimigo
    fast_eddie.o(.text) refers to chefao.o(.constdata) for Chefao_start
    fast_eddie.o(.text) refers to chefao.o(.constdata) for Chefao
    fast_eddie.o(.text) refers to chave_1.o(.constdata) for Chave_start
    fast_eddie.o(.text) refers to chave_1.o(.constdata) for Chave
    fast_eddie.o(.text) refers to context.o(i.GrContextInit) for GrContextInit
    fast_eddie.o(.text) refers to string.o(i.GrContextFontSet) for GrContextFontSet
    fast_eddie.o(.text) refers to item.o(.constdata) for Item_start
    fast_eddie.o(.text) refers to item.o(.constdata) for Item
    fast_eddie.o(.text) refers to cfaf128x128x16.o(.constdata) for g_sCfaf128x128x16
    fast_eddie.o(.text) refers to fontfixed6x8.o(.constdata) for g_sFontFixed6x8
    fast_eddie.o(.text) refers to numeros.o(.constdata) for Numeros_start
    fast_eddie.o(.text) refers to numeros.o(.constdata) for Numeros
    fast_eddie.o(.text) refers to buzzer.o(.text) for buzzer_vol_set
    fast_eddie.o(.text) refers to rt_cmsis.o(i.osDelay) for osDelay
    fast_eddie.o(.constdata) refers to fast_eddie.o(.bss) for os_mutex_cb_mutex_display
    buzzer.o(.text) refers to pwm.o(i.PWMClockSet) for PWMClockSet
    buzzer.o(.text) refers to pwm.o(i.PWMOutputState) for PWMOutputState
    buzzer.o(.text) refers to pwm.o(i.PWMGenPeriodGet) for PWMGenPeriodGet
    buzzer.o(.text) refers to pwm.o(i.PWMPulseWidthSet) for PWMPulseWidthSet
    buzzer.o(.text) refers to pwm.o(i.PWMGenPeriodSet) for PWMGenPeriodSet
    buzzer.o(.text) refers to sysctl.o(i.SysCtlPeripheralEnable) for SysCtlPeripheralEnable
    buzzer.o(.text) refers to sysctl.o(i.SysCtlPeripheralReady) for SysCtlPeripheralReady
    buzzer.o(.text) refers to gpio.o(i.GPIOPinTypePWM) for GPIOPinTypePWM
    buzzer.o(.text) refers to gpio.o(i.GPIOPinConfigure) for GPIOPinConfigure
    buzzer.o(.text) refers to pwm.o(i.PWMGenConfigure) for PWMGenConfigure
    buzzer.o(.text) refers to pwm.o(i.PWMOutputInvert) for PWMOutputInvert
[...]
    __Vectors_Size                           0x00000200   Number         0  startup_tm4c129.o ABSOLUTE
    __main                                   0x00000201   Thumb Code     8  __main.o(!!!main)
    __scatterload                            0x00000209   Thumb Code     0  __scatter.o(!!!scatter)
    __scatterload_rt2                        0x00000209   Thumb Code    44  __scatter.o(!!!scatter)
    __scatterload_rt2_thumb_only             0x00000209   Thumb Code     0  __scatter.o(!!!scatter)
    __scatterload_null                       0x00000217   Thumb Code     0  __scatter.o(!!!scatter)
    __scatterload_copy                       0x0000023d   Thumb Code    26  __scatter_copy.o(!!handler_copy)
    __scatterload_zeroinit                   0x00000259   Thumb Code    28  __scatter_zi.o(!!handler_zi)
    __rt_lib_init                            0x00000275   Thumb Code     0  libinit.o(.ARM.Collect$$libinit$$00000000)
    __rt_lib_init_fp_1                       0x00000277   Thumb Code     0  libinit2.o(.ARM.Collect$$libinit$$00000001)
    __rt_lib_init_heap_1                     0x0000027b   Thumb Code     0  libinit2.o(.ARM.Collect$$libinit$$0000000A)
    __rt_lib_init_preinit_1                  0x0000027b   Thumb Code     0  libinit2.o(.ARM.Collect$$libinit$$00000004)
    __rt_lib_init_rand_2                     0x0000027b   Thumb Code     0  libinit2.o(.ARM.Collect$$libinit$$0000000D)
    __rt_lib_init_user_alloc_1               0x0000027b   Thumb Code     0  libinit2.o(.ARM.Collect$$libinit$$0000000C)
    __rt_lib_init_alloca_1                   0x0000027f   Thumb Code     0  libinit2.o(.ARM.Collect$$libinit$$0000002E)
    __rt_lib_init_argv_1                     0x0000027f   Thumb Code     0  libinit2.o(.ARM.Collect$$libinit$$0000002C)
    __rt_lib_init_atexit_1                   0x0000027f   Thumb Code     0  libinit2.o(.ARM.Collect$$libinit$$0000001B)
    __rt_lib_init_clock_1                    0x0000027f   Thumb Code     0  libinit2.o(.ARM.Collect$$libinit$$00000021)
    __rt_lib_init_cpp_1                      0x0000027f   Thumb Code     0  libinit2.o(.ARM.Collect$$libinit$$00000032)
    __rt_lib_init_exceptions_1               0x0000027f   Thumb Code     0  libinit2.o(.ARM.Collect$$libinit$$00000030)
    __rt_lib_init_fp_trap_1                  0x0000027f   Thumb Code     0  libinit2.o(.ARM.Collect$$libinit$$0000001F)
    __rt_lib_init_getenv_1                   0x0000027f   Thumb Code     0  libinit2.o(.ARM.Collect$$libinit$$00000023)
    __rt_lib_init_lc_collate_1               0x0000027f   Thumb Code     0  libinit2.o(.ARM.Collect$$libinit$$00000011)
    __rt_lib_init_lc_ctype_1                 0x0000027f   Thumb Code     0  libinit2.o(.ARM.Collect$$libinit$$00000013)
    __rt_lib_init_lc_monetary_1              0x0000027f   Thumb Code     0  libinit2.o(.ARM.Collect$$libinit$$00000015)
    __rt_lib_init_lc_numeric_1               0x0000027f   Thumb Code     0  libinit2.o(.ARM.Collect$$libinit$$00000017)
    __rt_lib_init_lc_time_1                  0x0000027f   Thumb Code     0  libinit2.o(.ARM.Collect$$libinit$$00000019)
    __rt_lib_init_rand_1                     0x0000027f   Thumb Code     0  libinit2.o(.ARM.Collect$$libinit$$0000000E)
    __rt_lib_init_return                     0x0000027f   Thumb Code     0  libinit2.o(.ARM.Collect$$libinit$$00000033)
    __rt_lib_init_signal_1                   0x0000027f   Thumb Code     0  libinit2.o(.ARM.Collect$$libinit$$0000001D)
    __rt_lib_init_stdio_1                    0x0000027f   Thumb Code     0  libinit2.o(.ARM.Collect$$libinit$$00000025)
    __rt_lib_shutdown                        0x00000281   Thumb Code     0  libshutdown.o(.ARM.Collect$$libshutdown$$00000000)
    __rt_lib_shutdown_cpp_1                  0x00000283   Thumb Code     0  libshutdown2.o(.ARM.Collect$$libshutdown$$00000002)
    __rt_lib_shutdown_fp_trap_1              0x00000283   Thumb Code     0  libshutdown2.o(.ARM.Collect$$libshutdown$$00000007)
    __rt_lib_shutdown_heap_1                 0x00000283   Thumb Code     0  libshutdown2.o(.ARM.Collect$$libshutdown$$0000000F)
    __rt_lib_shutdown_return                 0x00000283   Thumb Code     0  libshutdown2.o(.ARM.Collect$$libshutdown$$00000010)
    __rt_lib_shutdown_signal_1               0x00000283   Thumb Code     0  libshutdown2.o(.ARM.Collect$$libshutdown$$0000000A)
    __rt_lib_shutdown_stdio_1                0x00000283   Thumb Code     0  libshutdown2.o(.ARM.Collect$$libshutdown$$00000004)
    __rt_lib_shutdown_user_alloc_1           0x00000283   Thumb Code     0  libshutdown2.o(.ARM.Collect$$libshutdown$$0000000C)
    __rt_entry                               0x00000285   Thumb Code     0  __rtentry.o(.ARM.Collect$$rtentry$$00000000)
    __rt_entry_presh_1                       0x00000285   Thumb Code     0  __rtentry2.o(.ARM.Collect$$rtentry$$00000002)
    __rt_entry_sh                            0x00000285   Thumb Code     0  __rtentry4.o(.ARM.Collect$$rtentry$$00000004)
    __rt_entry_li                            0x0000028b   Thumb Code     0  __rtentry2.o(.ARM.Collect$$rtentry$$0000000A)
    __rt_entry_postsh_1                      0x0000028b   Thumb Code     0  __rtentry2.o(.ARM.Collect$$rtentry$$00000009)
    __rt_entry_postli_1                      0x0000028f   Thumb Code     0  __rtentry2.o(.ARM.Collect$$rtentry$$0000000B)
    __rt_entry_main                          0x00000297   Thumb Code     0  __rtentry2.o(.ARM.Collect$$rtentry$$0000000D)
    __rt_exit                                0x0000029f   Thumb Code     0  rtexit.o(.ARM.Collect$$rtexit$$00000000)
    __rt_exit_ls                             0x000002a1   Thumb Code     0  rtexit2.o(.ARM.Collect$$rtexit$$00000003)
    __rt_exit_prels_1                        0x000002a1   Thumb Code     0  rtexit2.o(.ARM.Collect$$rtexit$$00000002)
    __rt_exit_exit                           0x000002a5   Thumb Code     0  rtexit2.o(.ARM.Collect$$rtexit$$00000004)
    _platform_post_lib_init                  0x000002ad   Thumb Code    24  rtx_conf_cm.o(.emb_text)
    rt_set_PSP                               0x000002c9   Thumb Code     6  hal_cm4.o(.emb_text)
    rt_get_PSP                               0x000002cf   Thumb Code     6  hal_cm4.o(.emb_text)
    os_set_env                               0x000002d5   Thumb Code    24  hal_cm4.o(.emb_text)
    _alloc_box                               0x000002f1   Thumb Code    28  hal_cm4.o(.emb_text)
    _free_box                                0x00000311   Thumb Code    28  hal_cm4.o(.emb_text)
    SVC_Handler                              0x00000331   Thumb Code   168  hal_cm4.o(.emb_text)
    PendSV_Handler                           0x000003e9   Thumb Code    96  hal_cm4.o(.emb_text)
    SysTick_Handler                          0x0000044d   Thumb Code     8  hal_cm4.o(.emb_text)
    OS_Tick_Handler                          0x00000455   Thumb Code    12  hal_cm4.o(.emb_text)
    rand                                     0x00000461   Thumb Code    48  rand.o(.emb_text)
    __RL_RTX_VER                             0x00000482   Number         0  rt_system.o ABSOLUTE
    Init_Thread                              0x00000495   Thumb Code   288  lab03.o(.text)
    init_all                                 0x000005b5   Thumb Code    26  lab03.o(.text)
    interacaoPersonagens                     0x000005cf   Thumb Code    98  lab03.o(.text)
    interacaoJoystick                        0x00000631   Thumb Code   232  lab03.o(.text)
    interacaoBotao                           0x00000719   Thumb Code    44  lab03.o(.text)
    movimentaEddie                           0x00000745   Thumb Code   530  lab03.o(.text)
    movimentaChefao                          0x00000957   Thumb Code   440  lab03.o(.text)
    movimentaInimigo                         0x00000b0f   Thumb Code   232  lab03.o(.text)
    movimentaItem                            0x00000bf7   Thumb Code   458  lab03.o(.text)
    painelPontuacao                          0x00000dc1   Thumb Code    54  lab03.o(.text)
    painelVida                               0x00000df7   Thumb Code    28  lab03.o(.text)
    timer_frames                             0x00000e13   Thumb Code   118  lab03.o(.text)
    startGame                                0x00000e89   Thumb Code   130  lab03.o(.text)
    main                                     0x00000f0b   Thumb Code    36  lab03.o(.text)
    init_mutex                               0x00000f3d   Thumb Code    14  fast_eddie.o(.text)
    draw_pixel                               0x00000f4b   Thumb Code    60  fast_eddie.o(.text)
    clear                                    0x00000f87   Thumb Code   104  fast_eddie.o(.text)
    imprimeBackground                        0x00000fef   Thumb Code   100  fast_eddie.o(.text)
    imprimeEddie                             0x00001053   Thumb Code   402  fast_eddie.o(.text)
    apagaEddie                               0x000011e5   Thumb Code   194  fast_eddie.o(.text)
    apagaEscada                              0x000012a7   Thumb Code    92  fast_eddie.o(.text)
    imprimeEscada                            0x00001303   Thumb Code   204  fast_eddie.o(.text)
    imprimeEscadas                           0x000013cf   Thumb Code    28  fast_eddie.o(.text)
    apagaChefao                              0x000013eb   Thumb Code    90  fast_eddie.o(.text)
    imprimeChefao                            0x00001445   Thumb Code   684  fast_eddie.o(.text)
    apagaInimigo                             0x000016f1   Thumb Code    92  fast_eddie.o(.text)
    imprimeInimigo                           0x0000174d   Thumb Code   306  fast_eddie.o(.text)
    apagaItem                                0x0000187f   Thumb Code    92  fast_eddie.o(.text)
    imprimeItem                              0x000018db   Thumb Code   214  fast_eddie.o(.text)
    inicializaPontuacao                      0x000019b1   Thumb Code    58  fast_eddie.o(.text)
    imprimePontuacao                         0x000019eb   Thumb Code   624  fast_eddie.o(.text)
    apagaPontuacao                           0x00001c5b   Thumb Code   138  fast_eddie.o(.text)
    somPulo                                  0x00001ce5   Thumb Code    70  fast_eddie.o(.text)
    somSubirEscada                           0x00001d2b   Thumb Code   130  fast_eddie.o(.text)
    somFimGame                               0x00001dad   Thumb Code   230  fast_eddie.o(.text)
    somItem                                  0x00001e93   Thumb Code    96  fast_eddie.o(.text)
    somMorte                                 0x00001ef3   Thumb Code    98  fast_eddie.o(.text)
    somProximaFase                           0x00001f55   Thumb Code   240  fast_eddie.o(.text)
    imprimeVidas                             0x00002045   Thumb Code   172  fast_eddie.o(.text)
    buzzer_write                             0x00002145   Thumb Code    14  buzzer.o(.text)
    buzzer_vol_set                           0x00002153   Thumb Code    54  buzzer.o(.text)
    buzzer_per_set                           0x00002189   Thumb Code    48  buzzer.o(.text)
    buzzer_init                              0x000021b9   Thumb Code   120  buzzer.o(.text)
    button_init                              0x0000224d   Thumb Code    42  buttons.o(.text)
    button_read_s1                           0x00002277   Thumb Code    20  buttons.o(.text)
    button_read_s2                           0x0000228b   Thumb Code    20  buttons.o(.text)
    cfaf128x128x16Rect                       0x00002439   Thumb Code   100  cfaf128x128x16.o(.text)
    cfaf128x128x16LineVer                    0x0000249d   Thumb Code    22  cfaf128x128x16.o(.text)
    cfaf128x128x16LineHor                    0x000024b3   Thumb Code    16  cfaf128x128x16.o(.text)
    cfaf128x128x16Dot                        0x000024c3   Thumb Code    22  cfaf128x128x16.o(.text)
    cfaf128x128x16SetOrientation             0x0000271d   Thumb Code    70  cfaf128x128x16.o(.text)
    cfaf128x128x16ClearColor                 0x00002763   Thumb Code    36  cfaf128x128x16.o(.text)
    cfaf128x128x16Clear                      0x00002787   Thumb Code     4  cfaf128x128x16.o(.text)
    InitSSICom                               0x0000278b   Thumb Code   138  cfaf128x128x16.o(.text)
    cfaf128x128x16Init                       0x00002815   Thumb Code   322  cfaf128x128x16.o(.text)
    joy_init                                 0x000029a5   Thumb Code    46  joy.o(.text)
    joy_read_center                          0x00002a3b   Thumb Code    20  joy.o(.text)
    joy_read_x                               0x00002a4f   Thumb Code     8  joy.o(.text)
    joy_read_y                               0x00002a57   Thumb Code     8  joy.o(.text)
    os_idle_demon                            0x00002a75   Thumb Code     2  rtx_conf_cm.o(.text)
    os_error                                 0x00002a77   Thumb Code     2  rtx_conf_cm.o(.text)
    __user_perthread_libspace                0x00002a79   Thumb Code    32  rtx_conf_cm.o(.text)
    _mutex_initialize                        0x00002a99   Thumb Code    34  rtx_conf_cm.o(.text)
    _mutex_acquire                           0x00002abb   Thumb Code    22  rtx_conf_cm.o(.text)
    _mutex_release                           0x00002ad1   Thumb Code    18  rtx_conf_cm.o(.text)
    Reset_Handler                            0x00002b01   Thumb Code     8  startup_tm4c129.o(.text)
    NMI_Handler                              0x00002b09   Thumb Code     2  startup_tm4c129.o(.text)
    HardFault_Handler                        0x00002b0b   Thumb Code     2  startup_tm4c129.o(.text)
    MemManage_Handler                        0x00002b0d   Thumb Code     2  startup_tm4c129.o(.text)
    BusFault_Handler                         0x00002b0f   Thumb Code     2  startup_tm4c129.o(.text)
    UsageFault_Handler                       0x00002b11   Thumb Code     2  startup_tm4c129.o(.text)
    DebugMon_Handler                         0x00002b15   Thumb Code     2  startup_tm4c129.o(.text)
    GPIOA_Handler                            0x00002b1b   Thumb Code     2  startup_tm4c129.o(.text)
    GPIOB_Handler                            0x00002b1d   Thumb Code     2  startup_tm4c129.o(.text)
    GPIOC_Handler                            0x00002b1f   Thumb Code     2  startup_tm4c129.o(.text)
    GPIOD_Handler                            0x00002b21   Thumb Code     2  startup_tm4c129.o(.text)
    GPIOE_Handler                            0x00002b23   Thumb Code     2  startup_tm4c129.o(.text)
    UART0_Handler                            0x00002b25   Thumb Code     2  startup_tm4c129.o(.text)
    UART1_Handler                            0x00002b27   Thumb Code     2  startup_tm4c129.o(.text)
    SSI0_Handler                             0x00002b29   Thumb Code     2  startup_tm4c129.o(.text)
    I2C0_Handler                             0x00002b2b   Thumb Code     2  startup_tm4c129.o(.text)
    PMW0_FAULT_Handler                       0x00002b2d   Thumb Code     2  startup_tm4c129.o(.text)
    PWM0_0_Handler                           0x00002b2f   Thumb Code     2  startup_tm4c129.o(.text)
    PWM0_1_Handler                           0x00002b31   Thumb Code     2  startup_tm4c129.o(.text)
    PWM0_2_Handler                           0x00002b33   Thumb Code     2  startup_tm4c129.o(.text)
    QEI0_Handler                             0x00002b35   Thumb Code     2  startup_tm4c129.o(.text)
    ADC0SS0_Handler                          0x00002b37   Thumb Code     2  startup_tm4c129.o(.text)
    ADC0SS1_Handler                          0x00002b39   Thumb Code     2  startup_tm4c129.o(.text)
    ADC0SS2_Handler                          0x00002b3b   Thumb Code     2  startup_tm4c129.o(.text)
    ADC0SS3_Handler                          0x00002b3d   Thumb Code     2  startup_tm4c129.o(.text)
    WDT0_Handler                             0x00002b3f   Thumb Code     2  startup_tm4c129.o(.text)
    TIMER0A_Handler                          0x00002b41   Thumb Code     2  startup_tm4c129.o(.text)
    TIMER0B_Handler                          0x00002b43   Thumb Code     2  startup_tm4c129.o(.text)
    TIMER1A_Handler                          0x00002b45   Thumb Code     2  startup_tm4c129.o(.text)
    TIMER1B_Handler                          0x00002b47   Thumb Code     2  startup_tm4c129.o(.text)
    TIMER2A_Handler                          0x00002b49   Thumb Code     2  startup_tm4c129.o(.text)
    TIMER2B_Handler                          0x00002b4b   Thumb Code     2  startup_tm4c129.o(.text)
    COMP0_Handler                            0x00002b4d   Thumb Code     2  startup_tm4c129.o(.text)
    COMP1_Handler                            0x00002b4f   Thumb Code     2  startup_tm4c129.o(.text)
    COMP2_Handler                            0x00002b51   Thumb Code     2  startup_tm4c129.o(.text)
    SYSCTL_Handler                           0x00002b53   Thumb Code     2  startup_tm4c129.o(.text)
    FLASH_Handler                            0x00002b55   Thumb Code     2  startup_tm4c129.o(.text)
    GPIOF_Handler                            0x00002b57   Thumb Code     2  startup_tm4c129.o(.text)
    GPIOG_Handler                            0x00002b59   Thumb Code     2  startup_tm4c129.o(.text)
    GPIOH_Handler                            0x00002b5b   Thumb Code     2  startup_tm4c129.o(.text)
    UART2_Handler                            0x00002b5d   Thumb Code     2  startup_tm4c129.o(.text)
    SSI1_Handler                             0x00002b5f   Thumb Code     2  startup_tm4c129.o(.text)
    TIMER3A_Handler                          0x00002b61   Thumb Code     2  startup_tm4c129.o(.text)
    TIMER3B_Handler                          0x00002b63   Thumb Code     2  startup_tm4c129.o(.text)
    I2C1_Handler                             0x00002b65   Thumb Code     2  startup_tm4c129.o(.text)
    CAN0_Handler                             0x00002b67   Thumb Code     2  startup_tm4c129.o(.text)
    CAN1_Handler                             0x00002b69   Thumb Code     2  startup_tm4c129.o(.text)
    ETH_Handler                              0x00002b6b   Thumb Code     2  startup_tm4c129.o(.text)
    HIB_Handler                              0x00002b6d   Thumb Code     2  startup_tm4c129.o(.text)
    USB0_Handler                             0x00002b6f   Thumb Code     2  startup_tm4c129.o(.text)
    PWM0_3_Handler                           0x00002b71   Thumb Code     2  startup_tm4c129.o(.text)
    UDMA_Handler                             0x00002b73   Thumb Code     2  startup_tm4c129.o(.text)
    UDMAERR_Handler                          0x00002b75   Thumb Code     2  startup_tm4c129.o(.text)
    ADC1SS0_Handler                          0x00002b77   Thumb Code     2  startup_tm4c129.o(.text)
    ADC1SS1_Handler                          0x00002b79   Thumb Code     2  startup_tm4c129.o(.text)
    ADC1SS2_Handler                          0x00002b7b   Thumb Code     2  startup_tm4c129.o(.text)
    ADC1SS3_Handler                          0x00002b7d   Thumb Code     2  startup_tm4c129.o(.text)
    EBI0_Handler                             0x00002b7f   Thumb Code     2  startup_tm4c129.o(.text)
    GPIOJ_Handler                            0x00002b81   Thumb Code     2  startup_tm4c129.o(.text)
    GPIOK_Handler                            0x00002b83   Thumb Code     2  startup_tm4c129.o(.text)
    GPIOL_Handler                            0x00002b85   Thumb Code     2  startup_tm4c129.o(.text)
    SSI2_Handler                             0x00002b87   Thumb Code     2  startup_tm4c129.o(.text)
    SSI3_Handler                             0x00002b89   Thumb Code     2  startup_tm4c129.o(.text)
    UART3_Handler                            0x00002b8b   Thumb Code     2  startup_tm4c129.o(.text)
    UART4_Handler                            0x00002b8d   Thumb Code     2  startup_tm4c129.o(.text)
    UART5_Handler                            0x00002b8f   Thumb Code     2  startup_tm4c129.o(.text)
    UART6_Handler                            0x00002b91   Thumb Code     2  startup_tm4c129.o(.text)
    UART7_Handler                            0x00002b93   Thumb Code     2  startup_tm4c129.o(.text)
    I2C2_Handler                             0x00002b95   Thumb Code     2  startup_tm4c129.o(.text)
    I2C3_Handler                             0x00002b97   Thumb Code     2  startup_tm4c129.o(.text)
    TIMER4A_Handler                          0x00002b99   Thumb Code     2  startup_tm4c129.o(.text)
    TIMER4B_Handler                          0x00002b9b   Thumb Code     2  startup_tm4c129.o(.text)
    TIMER5A_Handler                          0x00002b9d   Thumb Code     2  startup_tm4c129.o(.text)
    TIMER5B_Handler                          0x00002b9f   Thumb Code     2  startup_tm4c129.o(.text)
    WTIMER0A_Handler                         0x00002ba1   Thumb Code     2  startup_tm4c129.o(.text)
    WTIMER0B_Handler                         0x00002ba3   Thumb Code     2  startup_tm4c129.o(.text)
    WTIMER1A_Handler                         0x00002ba5   Thumb Code     2  startup_tm4c129.o(.text)
    WTIMER1B_Handler                         0x00002ba7   Thumb Code     2  startup_tm4c129.o(.text)
    WTIMER2A_Handler                         0x00002ba9   Thumb Code     2  startup_tm4c129.o(.text)
    WTIMER2B_Handler                         0x00002bab   Thumb Code     2  startup_tm4c129.o(.text)
    WTIMER3A_Handler                         0x00002bad   Thumb Code     2  startup_tm4c129.o(.text)
    WTIMER3B_Handler                         0x00002baf   Thumb Code     2  startup_tm4c129.o(.text)
    WTIMER4A_Handler                         0x00002bb1   Thumb Code     2  startup_tm4c129.o(.text)
    WTIMER4B_Handler                         0x00002bb3   Thumb Code     2  startup_tm4c129.o(.text)
    WTIMER5A_Handler                         0x00002bb5   Thumb Code     2  startup_tm4c129.o(.text)
    WTIMER5B_Handler                         0x00002bb7   Thumb Code     2  startup_tm4c129.o(.text)
    FPU_Handler                              0x00002bb9   Thumb Code     2  startup_tm4c129.o(.text)
    I2C4_Handler                             0x00002bbb   Thumb Code     2  startup_tm4c129.o(.text)
    I2C5_Handler                             0x00002bbd   Thumb Code     2  startup_tm4c129.o(.text)
    GPIOM_Handler                            0x00002bbf   Thumb Code     2  startup_tm4c129.o(.text)
    GPION_Handler                            0x00002bc1   Thumb Code     2  startup_tm4c129.o(.text)
    TAMPER_Handler                           0x00002bc3   Thumb Code     2  startup_tm4c129.o(.text)
    GPIOP0_Handler                           0x00002bc5   Thumb Code     2  startup_tm4c129.o(.text)
    GPIOP1_Handler                           0x00002bc7   Thumb Code     2  startup_tm4c129.o(.text)
    GPIOP2_Handler                           0x00002bc9   Thumb Code     2  startup_tm4c129.o(.text)
    GPIOP3_Handler                           0x00002bcb   Thumb Code     2  startup_tm4c129.o(.text)
    GPIOP4_Handler                           0x00002bcd   Thumb Code     2  startup_tm4c129.o(.text)
    GPIOP5_Handler                           0x00002bcf   Thumb Code     2  startup_tm4c129.o(.text)
    GPIOP6_Handler                           0x00002bd1   Thumb Code     2  startup_tm4c129.o(.text)
    GPIOP7_Handler                           0x00002bd3   Thumb Code     2  startup_tm4c129.o(.text)
    GPIOQ0_Handler                           0x00002bd5   Thumb Code     2  startup_tm4c129.o(.text)
    GPIOQ1_Handler                           0x00002bd7   Thumb Code     2  startup_tm4c129.o(.text)
    GPIOQ2_Handler                           0x00002bd9   Thumb Code     2  startup_tm4c129.o(.text)
    GPIOQ3_Handler                           0x00002bdb   Thumb Code     2  startup_tm4c129.o(.text)
    GPIOQ4_Handler                           0x00002bdd   Thumb Code     2  startup_tm4c129.o(.text)
    GPIOQ5_Handler                           0x00002bdf   Thumb Code     2  startup_tm4c129.o(.text)
    GPIOQ6_Handler                           0x00002be1   Thumb Code     2  startup_tm4c129.o(.text)
    GPIOQ7_Handler                           0x00002be3   Thumb Code     2  startup_tm4c129.o(.text)
    GPIOR_Handler                            0x00002be5   Thumb Code     2  startup_tm4c129.o(.text)
    GPIOS_Handler                            0x00002be7   Thumb Code     2  startup_tm4c129.o(.text)
    SHAMD5_Handler                           0x00002be9   Thumb Code     2  startup_tm4c129.o(.text)
    AES_Handler                              0x00002beb   Thumb Code     2  startup_tm4c129.o(.text)
    DES3DES_Handler                          0x00002bed   Thumb Code     2  startup_tm4c129.o(.text)
    LCDCONTROLLER_Handler                    0x00002bef   Thumb Code     2  startup_tm4c129.o(.text)
    TIMER6A_Handler                          0x00002bf1   Thumb Code     2  startup_tm4c129.o(.text)
    TIMER6B_Handler                          0x00002bf3   Thumb Code     2  startup_tm4c129.o(.text)
    TIMER7A_Handler                          0x00002bf5   Thumb Code     2  startup_tm4c129.o(.text)
    TIMER7B_Handler                          0x00002bf7   Thumb Code     2  startup_tm4c129.o(.text)
    I2C6_Handler                             0x00002bf9   Thumb Code     2  startup_tm4c129.o(.text)
    I2C7_Handler                             0x00002bfb   Thumb Code     2  startup_tm4c129.o(.text)
    HIMSCANKEYBOARD_Handler                  0x00002bfd   Thumb Code     2  startup_tm4c129.o(.text)
    ONEWIRE_Handler                          0x00002bff   Thumb Code     2  startup_tm4c129.o(.text)
    HIMPS2_Handler                           0x00002c01   Thumb Code     2  startup_tm4c129.o(.text)
    HIMLEDSEQUENCER_Handler                  0x00002c03   Thumb Code     2  startup_tm4c129.o(.text)
    HIMCONSUMERIR_Handler                    0x00002c05   Thumb Code     2  startup_tm4c129.o(.text)
    I2C8_Handler                             0x00002c07   Thumb Code     2  startup_tm4c129.o(.text)
    I2C9_Handler                             0x00002c09   Thumb Code     2  startup_tm4c129.o(.text)
    GPIOT_Handler                            0x00002c0b   Thumb Code     2  startup_tm4c129.o(.text)
    __user_initial_stackheap                 0x00002c0d   Thumb Code     0  startup_tm4c129.o(.text)
    SystemCoreClockUpdate                    0x00002c2d   Thumb Code     8  system_tm4c129.o(.text)
    SystemInit                               0x00002c35   Thumb Code    18  system_tm4c129.o(.text)
    __user_libspace                          0x00002c55   Thumb Code     8  libspace.o(.text)
    __user_perproc_libspace                  0x00002c55   Thumb Code     0  libspace.o(.text)
    __aeabi_uldivmod                         0x00002c5d   Thumb Code     0  lludivv7m.o(.text)
    _ll_udiv                                 0x00002c5d   Thumb Code   238  lludivv7m.o(.text)
    srand                                    0x00002d4d   Thumb Code    42  rand.o(.text)
    _rand_init                               0x00002d77   Thumb Code     4  rand.o(.text)
    exit                                     0x00002d89   Thumb Code    18  exit.o(.text)
    __use_two_region_memory                  0x00002d9b   Thumb Code     2  heapauxi.o(.text)
    __rt_heap_escrow$2region                 0x00002d9d   Thumb Code     2  heapauxi.o(.text)
    __rt_heap_expand$2region                 0x00002d9f   Thumb Code     2  heapauxi.o(.text)
    _sys_exit                                0x00002da1   Thumb Code     8  sys_exit.o(.text)
    __user_setup_stackheap                   0x00002dad   Thumb Code    74  sys_stackheap_outer.o(.text)
    __I$use$semihosting                      0x00002df7   Thumb Code     0  use_no_semi.o(.text)
    __use_no_semihosting_swi                 0x00002df7   Thumb Code     2  use_no_semi.o(.text)
    SVC_Count                                0x00002df8   Data           4  svc_table.o(SVC_TABLE)
    __semihosting_library_function           0x00002df9   Thumb Code     0  indicate_semi.o(.text)
    ADCIntClear                              0x00002dfd   Thumb Code    10  adc.o(i.ADCIntClear)
    SVC_Table                                0x00002dfc   Data           0  svc_table.o(SVC_TABLE)
    ADCIntStatus                             0x00002e07   Thumb Code    52  adc.o(i.ADCIntStatus)
    ADCProcessorTrigger                      0x00002e3b   Thumb Code    26  adc.o(i.ADCProcessorTrigger)
    ADCSequenceConfigure                     0x00002e55   Thumb Code    96  adc.o(i.ADCSequenceConfigure)
    ADCSequenceDataGet                       0x00002eb5   Thumb Code    36  adc.o(i.ADCSequenceDataGet)
    ADCSequenceEnable                        0x00002ed9   Thumb Code    14  adc.o(i.ADCSequenceEnable)
    ADCSequenceStepConfigure                 0x00002ee7   Thumb Code   154  adc.o(i.ADCSequenceStepConfigure)
    GPIODirModeSet                           0x00002f81   Thumb Code    40  gpio.o(i.GPIODirModeSet)
    GPIOPadConfigSet                         0x00002fa9   Thumb Code   312  gpio.o(i.GPIOPadConfigSet)
    GPIOPinConfigure                         0x000030e1   Thumb Code    60  gpio.o(i.GPIOPinConfigure)
    GPIOPinRead                              0x00003125   Thumb Code     6  gpio.o(i.GPIOPinRead)
    GPIOPinTypeADC                           0x0000312b   Thumb Code    28  gpio.o(i.GPIOPinTypeADC)
    GPIOPinTypeGPIOInput                     0x00003147   Thumb Code    28  gpio.o(i.GPIOPinTypeGPIOInput)
    GPIOPinTypePWM                           0x00003163   Thumb Code    28  gpio.o(i.GPIOPinTypePWM)
    GrContextFontSet                         0x0000317f   Thumb Code     6  string.o(i.GrContextFontSet)
    GrContextInit                            0x00003185   Thumb Code    88  context.o(i.GrContextInit)
    GrDefaultStringRenderer                  0x000031e9   Thumb Code   280  string.o(i.GrDefaultStringRenderer)
    GrFontGlyphDataGet                       0x00003301   Thumb Code   166  string.o(i.GrFontGlyphDataGet)
    GrFontGlyphRender                        0x000033a7   Thumb Code   648  string.o(i.GrFontGlyphRender)
    GrLineDrawH                              0x0000362f   Thumb Code    76  line.o(i.GrLineDrawH)
    GrLineDrawV                              0x0000367b   Thumb Code    76  line.o(i.GrLineDrawV)
    GrMapISO8859_1_Unicode                   0x000036c7   Thumb Code     8  charmap.o(i.GrMapISO8859_1_Unicode)
    GrRectFill                               0x000036cf   Thumb Code   180  rectangle.o(i.GrRectFill)
    PWMClockSet                              0x00003783   Thumb Code    20  pwm.o(i.PWMClockSet)
    PWMGenConfigure                          0x00003797   Thumb Code    38  pwm.o(i.PWMGenConfigure)
    PWMGenEnable                             0x000037bd   Thumb Code    10  pwm.o(i.PWMGenEnable)
    PWMGenPeriodGet                          0x000037c7   Thumb Code    18  pwm.o(i.PWMGenPeriodGet)
    PWMGenPeriodSet                          0x000037d9   Thumb Code    18  pwm.o(i.PWMGenPeriodSet)
    PWMOutputInvert                          0x000037eb   Thumb Code    16  pwm.o(i.PWMOutputInvert)
    PWMOutputState                           0x000037fb   Thumb Code    16  pwm.o(i.PWMOutputState)
    PWMPulseWidthSet                         0x0000380b   Thumb Code    32  pwm.o(i.PWMPulseWidthSet)
    SysCtlClockFreqSet                       0x0000382d   Thumb Code   706  sysctl.o(i.SysCtlClockFreqSet)
    SysCtlPeripheralEnable                   0x00003b19   Thumb Code    36  sysctl.o(i.SysCtlPeripheralEnable)
    SysCtlPeripheralReady                    0x00003b41   Thumb Code    40  sysctl.o(i.SysCtlPeripheralReady)
    _init_box                                0x00003bd9   Thumb Code    70  rt_membox.o(i._init_box)
    dbg_init                                 0x00003c21   Thumb Code    34  hal_cm.o(i.dbg_init)
    dbg_task_notify                          0x00003c51   Thumb Code    32  hal_cm.o(i.dbg_task_notify)
    dbg_task_switch                          0x00003c71   Thumb Code    16  hal_cm.o(i.dbg_task_switch)
    isrMessageGet                            0x00003c81   Thumb Code    42  rt_cmsis.o(i.isrMessageGet)
    isrMessagePut                            0x00003cab   Thumb Code    44  rt_cmsis.o(i.isrMessagePut)
    isrSignalSet                             0x00003cd7   Thumb Code    36  rt_cmsis.o(i.isrSignalSet)
    isr_evt_set                              0x00003cfd   Thumb Code    34  rt_event.o(i.isr_evt_set)
    isr_mbx_receive                          0x00003d25   Thumb Code    86  rt_mailbox.o(i.isr_mbx_receive)
    isr_mbx_send                             0x00003d7b   Thumb Code    14  rt_mailbox.o(i.isr_mbx_send)
    osDelay                                  0x00003d89   Thumb Code    18  rt_cmsis.o(i.osDelay)
    osKernelInitialize                       0x00003da1   Thumb Code    30  rt_cmsis.o(i.osKernelInitialize)
    osKernelStart                            0x00003dc5   Thumb Code    98  rt_cmsis.o(i.osKernelStart)
    osMessageGet                             0x00003e31   Thumb Code    18  rt_cmsis.o(i.osMessageGet)
    osMutexCreate                            0x00003e49   Thumb Code    36  rt_cmsis.o(i.osMutexCreate)
    osMutexRelease                           0x00003e75   Thumb Code    18  rt_cmsis.o(i.osMutexRelease)
    osMutexWait                              0x00003e8d   Thumb Code    18  rt_cmsis.o(i.osMutexWait)
    osSignalClear                            0x00003ea5   Thumb Code    20  rt_cmsis.o(i.osSignalClear)
    osSignalSet                              0x00003ebd   Thumb Code    18  rt_cmsis.o(i.osSignalSet)
    osSignalWait                             0x00003ed5   Thumb Code    18  rt_cmsis.o(i.osSignalWait)
    osThreadCreate                           0x00003eed   Thumb Code    36  rt_cmsis.o(i.osThreadCreate)
    osThreadExit                             0x00003f19   Thumb Code    14  rt_cmsis.o(i.osThreadExit)
    osTimerCall                              0x00003f31   Thumb Code     8  rt_cmsis.o(i.osTimerCall)
    osTimerCreate                            0x00003f3d   Thumb Code    36  rt_cmsis.o(i.osTimerCreate)
    osTimerStart                             0x00003f69   Thumb Code    18  rt_cmsis.o(i.osTimerStart)
    osTimerThread                            0x00003f81   Thumb Code    38  rt_cmsis.o(i.osTimerThread)
    os_tick_init                             0x00003fad   Thumb Code    32  rt_system.o(i.os_tick_init)
    os_tick_irqack                           0x00003fd5   Thumb Code     2  rt_system.o(i.os_tick_irqack)
    rt_alloc_box                             0x00003fd7   Thumb Code    26  rt_membox.o(i.rt_alloc_box)
    rt_alloc_mem                             0x00003ff1   Thumb Code    62  rt_memory.o(i.rt_alloc_mem)
    rt_block                                 0x00004031   Thumb Code    48  rt_task.o(i.rt_block)
    rt_chk_robin                             0x00004069   Thumb Code    60  rt_robin.o(i.rt_chk_robin)
    rt_dec_dly                               0x000040b1   Thumb Code   102  rt_list.o(i.rt_dec_dly)
    rt_dispatch                              0x00004121   Thumb Code    60  rt_task.o(i.rt_dispatch)
    rt_dly_wait                              0x00004165   Thumb Code     6  rt_time.o(i.rt_dly_wait)
    rt_evt_clr                               0x0000416d   Thumb Code    22  rt_event.o(i.rt_evt_clr)
    rt_evt_psh                               0x00004189   Thumb Code    76  rt_event.o(i.rt_evt_psh)
    rt_evt_set                               0x000041d9   Thumb Code    88  rt_event.o(i.rt_evt_set)
    rt_evt_wait                              0x00004235   Thumb Code    56  rt_event.o(i.rt_evt_wait)
    rt_free_box                              0x00004271   Thumb Code    44  rt_membox.o(i.rt_free_box)
    rt_free_mem                              0x0000429d   Thumb Code    40  rt_memory.o(i.rt_free_mem)
    rt_get_first                             0x000042c5   Thumb Code    40  rt_list.o(i.rt_get_first)
    rt_init_mem                              0x0000433d   Thumb Code    26  rt_memory.o(i.rt_init_mem)
    rt_init_robin                            0x00004359   Thumb Code    14  rt_robin.o(i.rt_init_robin)
    rt_init_stack                            0x00004371   Thumb Code   118  hal_cm.o(i.rt_init_stack)
    rt_mbx_check                             0x000043f1   Thumb Code     8  rt_mailbox.o(i.rt_mbx_check)
    rt_mbx_init                              0x000043f9   Thumb Code    26  rt_mailbox.o(i.rt_mbx_init)
    rt_mbx_psh                               0x00004415   Thumb Code   236  rt_mailbox.o(i.rt_mbx_psh)
    rt_mbx_wait                              0x00004505   Thumb Code   174  rt_mailbox.o(i.rt_mbx_wait)
    rt_mut_init                              0x000045fd   Thumb Code    16  rt_mutex.o(i.rt_mut_init)
    rt_mut_release                           0x0000460d   Thumb Code   208  rt_mutex.o(i.rt_mut_release)
    rt_mut_wait                              0x000046e5   Thumb Code   114  rt_mutex.o(i.rt_mut_wait)
    rt_pop_req                               0x0000475d   Thumb Code   112  rt_system.o(i.rt_pop_req)
    rt_psh_req                               0x000047d9   Thumb Code    22  rt_system.o(i.rt_psh_req)
    rt_psq_enq                               0x000047f9   Thumb Code    88  rt_list.o(i.rt_psq_enq)
    rt_put_dly                               0x00004855   Thumb Code    68  rt_list.o(i.rt_put_dly)
    rt_put_prio                              0x0000489d   Thumb Code    54  rt_list.o(i.rt_put_prio)
    rt_put_rdy_first                         0x000048d5   Thumb Code    14  rt_list.o(i.rt_put_rdy_first)
    rt_resort_prio                           0x000048e9   Thumb Code    46  rt_list.o(i.rt_resort_prio)
    rt_ret_val                               0x0000492d   Thumb Code    12  hal_cm.o(i.rt_ret_val)
    rt_ret_val2                              0x00004939   Thumb Code    16  hal_cm.o(i.rt_ret_val2)
    rt_rmv_dly                               0x00004949   Thumb Code    40  rt_list.o(i.rt_rmv_dly)
    rt_rmv_list                              0x00004971   Thumb Code    44  rt_list.o(i.rt_rmv_list)
    rt_sem_psh                               0x000049a1   Thumb Code    48  rt_semaphore.o(i.rt_sem_psh)
    rt_stk_check                             0x000049d5   Thumb Code    28  rt_system.o(i.rt_stk_check)
    rt_switch_req                            0x000049f9   Thumb Code    30  rt_task.o(i.rt_switch_req)
    rt_sys_init                              0x00004a21   Thumb Code   138  rt_task.o(i.rt_sys_init)
    rt_sys_start                             0x00004aed   Thumb Code   110  rt_task.o(i.rt_sys_start)
    rt_systick                               0x00004b65   Thumb Code    50  rt_system.o(i.rt_systick)
    rt_tsk_create                            0x00004c29   Thumb Code   118  rt_task.o(i.rt_tsk_create)
    rt_tsk_delete                            0x00004cb1   Thumb Code   352  rt_task.o(i.rt_tsk_delete)
    rt_tsk_prio                              0x00004e2d   Thumb Code   108  rt_task.o(i.rt_tsk_prio)
    rt_tsk_self                              0x00004ea9   Thumb Code    12  rt_task.o(i.rt_tsk_self)
    svcDelay                                 0x00004eb9   Thumb Code    18  rt_cmsis.o(i.svcDelay)
    svcKernelInitialize                      0x00004ecd   Thumb Code    80  rt_cmsis.o(i.svcKernelInitialize)
    svcKernelStart                           0x00004f3d   Thumb Code    62  rt_cmsis.o(i.svcKernelStart)
    svcMessageCreate                         0x00004f85   Thumb Code    36  rt_cmsis.o(i.svcMessageCreate)
    svcMessageGet                            0x00004fa9   Thumb Code    58  rt_cmsis.o(i.svcMessageGet)
    svcMutexCreate                           0x00004fe3   Thumb Code    28  rt_cmsis.o(i.svcMutexCreate)
    svcMutexRelease                          0x00004fff   Thumb Code    34  rt_cmsis.o(i.svcMutexRelease)
    svcMutexWait                             0x00005021   Thumb Code    58  rt_cmsis.o(i.svcMutexWait)
    svcSignalClear                           0x0000505b   Thumb Code    36  rt_cmsis.o(i.svcSignalClear)
    svcSignalSet                             0x0000507f   Thumb Code    36  rt_cmsis.o(i.svcSignalSet)
    svcSignalWait                            0x000050a5   Thumb Code    80  rt_cmsis.o(i.svcSignalWait)
    svcThreadCreate                          0x000050f9   Thumb Code    96  rt_cmsis.o(i.svcThreadCreate)
    svcThreadGetId                           0x00005165   Thumb Code    22  rt_cmsis.o(i.svcThreadGetId)
    svcThreadTerminate                       0x00005181   Thumb Code    50  rt_cmsis.o(i.svcThreadTerminate)
    svcTimerCall                             0x000051b9   Thumb Code    24  rt_cmsis.o(i.svcTimerCall)
    svcTimerCreate                           0x000051d1   Thumb Code    52  rt_cmsis.o(i.svcTimerCreate)
    svcTimerStart                            0x00005209   Thumb Code    96  rt_cmsis.o(i.svcTimerStart)
    sysTimerTick                             0x0000526d   Thumb Code    84  rt_cmsis.o(i.sysTimerTick)
    __aeabi_d2f                              0x000052c9   Thumb Code     0  d2f.o(x$fpl$d2f)
    _d2f                                     0x000052c9   Thumb Code    98  d2f.o(x$fpl$d2f)
    __aeabi_i2d                              0x0000532b   Thumb Code     0  dflt_clz.o(x$fpl$dflt)
    _dflt                                    0x0000532b   Thumb Code    46  dflt_clz.o(x$fpl$dflt)
    __aeabi_dmul                             0x00005359   Thumb Code     0  dmul.o(x$fpl$dmul)
    _dmul                                    0x00005359   Thumb Code   332  dmul.o(x$fpl$dmul)
    __fpl_dnaninf                            0x000054ad   Thumb Code   156  dnaninf.o(x$fpl$dnaninf)
    __fpl_dretinf                            0x00005549   Thumb Code    12  dretinf.o(x$fpl$dretinf)
    _fp_init                                 0x00005555   Thumb Code    10  fpinit.o(x$fpl$fpinit)
    __fplib_config_fpu_vfp                   0x0000555d   Thumb Code     0  fpinit.o(x$fpl$fpinit)
    __fplib_config_pureend_doubles           0x0000555d   Thumb Code     0  fpinit.o(x$fpl$fpinit)
    __fpl_fretinf                            0x0000555f   Thumb Code    10  fretinf.o(x$fpl$fretinf)
    __I$use$fp                               0x00005568   Number         0  usenofp.o(x$fpl$usenofp)
    os_timer_def_frames                      0x00005568   Data           8  lab03.o(.constdata)
    os_thread_def_startGame                  0x00005570   Data          16  lab03.o(.constdata)
    os_thread_def_interacaoJoystick          0x00005580   Data          16  lab03.o(.constdata)
    os_thread_def_interacaoBotao             0x00005590   Data          16  lab03.o(.constdata)
    os_thread_def_movimentaEddie             0x000055a0   Data          16  lab03.o(.constdata)
    os_thread_def_movimentaInimigo           0x000055b0   Data          16  lab03.o(.constdata)
    os_thread_def_movimentaChefao            0x000055c0   Data          16  lab03.o(.constdata)
    os_thread_def_movimentaItem              0x000055d0   Data          16  lab03.o(.constdata)
    os_thread_def_interacaoPersonagens       0x000055e0   Data          16  lab03.o(.constdata)
    os_thread_def_painelPontuacao            0x000055f0   Data          16  lab03.o(.constdata)
    os_thread_def_painelVida                 0x00005600   Data          16  lab03.o(.constdata)
    os_mutex_def_mutex_display               0x00005610   Data           4  fast_eddie.o(.constdata)
    g_sCfaf128x128x16                        0x00005614   Data          40  cfaf128x128x16.o(.constdata)
    Chefao                                   0x0000563c   Data         684  chefao.o(.constdata)
    Chefao_start                             0x000058e8   Data           4  chefao.o(.constdata)
    Eddie                                    0x000058ec   Data        1692  eddie.o(.constdata)
    Eddie_start                              0x00005f88   Data           4  eddie.o(.constdata)
    Escada                                   0x00005f8c   Data        3073  escada.o(.constdata)
    Escada_start                             0x00006b90   Data           4  escada.o(.constdata)
    Inimigo                                  0x00006b94   Data         252  inimigo.o(.constdata)
    Inimigo_start                            0x00006c90   Data           4  inimigo.o(.constdata)
    Item                                     0x00006c94   Data         300  item.o(.constdata)
    Item_start                               0x00006dc0   Data           4  item.o(.constdata)
    Numeros                                  0x00006dc4   Data        3373  numeros.o(.constdata)
    Numeros_start                            0x00007af4   Data           4  numeros.o(.constdata)
    Chave                                    0x00007af8   Data         107  chave_1.o(.constdata)
    Chave_start                              0x00007b64   Data           4  chave_1.o(.constdata)
    os_maxtaskrun                            0x00007b68   Data           2  rtx_conf_cm.o(.constdata)
    os_stackinfo                             0x00007b6c   Data           4  rtx_conf_cm.o(.constdata)
    os_rrobin                                0x00007b70   Data           4  rtx_conf_cm.o(.constdata)
    os_trv                                   0x00007b74   Data           4  rtx_conf_cm.o(.constdata)
    os_flags                                 0x00007b78   Data           1  rtx_conf_cm.o(.constdata)
    CMSIS_RTOS_API_Version                   0x00007b7c   Data           4  rtx_conf_cm.o(.constdata)
    CMSIS_RTOS_RTX_Version                   0x00007b80   Data           4  rtx_conf_cm.o(.constdata)
    os_clockrate                             0x00007b84   Data           4  rtx_conf_cm.o(.constdata)
    os_timernum                              0x00007b88   Data           4  rtx_conf_cm.o(.constdata)
    mp_tcb_size                              0x00007b8c   Data           2  rtx_conf_cm.o(.constdata)
    mp_stk_size                              0x00007b90   Data           4  rtx_conf_cm.o(.constdata)
    os_stack_sz                              0x00007b94   Data           4  rtx_conf_cm.o(.constdata)
    os_fifo_size                             0x00007b98   Data           1  rtx_conf_cm.o(.constdata)
    os_thread_def_osTimerThread              0x00007b9c   Data          16  rtx_conf_cm.o(.constdata)
    os_messageQ_def_osTimerMessageQ          0x00007bac   Data           8  rtx_conf_cm.o(.constdata)
    mp_tmr_size                              0x00007bb4   Data           2  rtx_conf_cm.o(.constdata)
    os_thread_def_main                       0x00007bb8   Data          16  rtx_conf_cm.o(.constdata)
    g_psDefaultCodePointMapTable             0x00008044   Data          16  context.o(.constdata)
    g_sFontFixed6x8                          0x0000834c   Data         200  fontfixed6x8.o(.constdata)
    Region$$Table$$Base                      0x00008414   Number         0  anon$$obj.o(Region$$Table)
    Region$$Table$$Limit                     0x00008434   Number         0  anon$$obj.o(Region$$Table)
    volta_chefao                             0x20000000   Data           1  lab03.o(.data)
    som_pulo                                 0x20000001   Data           1  lab03.o(.data)
    som_subir_escada                         0x20000002   Data           1  lab03.o(.data)
    som_fim_game                             0x20000003   Data           1  lab03.o(.data)
    som_morte                                0x20000004   Data           1  lab03.o(.data)
    som_item                                 0x20000005   Data           1  lab03.o(.data)
    som_proxima_fase                         0x20000006   Data           1  lab03.o(.data)
    reinicia_eddie                           0x20000007   Data           1  lab03.o(.data)
    pulo                                     0x20000008   Data           1  lab03.o(.data)
    start                                    0x20000009   Data           1  lab03.o(.data)
    chefinho                                 0x2000000a   Data           1  lab03.o(.data)
    subida_ou_descida                        0x2000000b   Data           1  lab03.o(.data)
    frame_eddie                              0x2000000c   Data           2  lab03.o(.data)
    frame_chefao                             0x2000000e   Data           2  lab03.o(.data)
    frame_inimigo                            0x20000010   Data           2  lab03.o(.data)
    frame_item                               0x20000012   Data           2  lab03.o(.data)
    pontos                                   0x20000014   Data           4  lab03.o(.data)
    quantidade_pontos                        0x20000018   Data           4  lab03.o(.data)
    vidas                                    0x2000001c   Data           4  lab03.o(.data)
    movimento_eddie                          0x20000020   Data           4  lab03.o(.data)
    x_anterior_eddie                         0x20000024   Data           4  lab03.o(.data)
    x_atual_eddie                            0x20000028   Data           4  lab03.o(.data)
    y_anterior_eddie                         0x2000002c   Data           4  lab03.o(.data)
    y_atual_eddie                            0x20000030   Data           4  lab03.o(.data)
    posicao_anterior_chefao                  0x20000034   Data           4  lab03.o(.data)
    posicao_atual_chefao                     0x20000038   Data           4  lab03.o(.data)
    andar_atual_eddie                        0x2000003c   Data           4  lab03.o(.data)
    startGame_ID                             0x20000040   Data           4  lab03.o(.data)
    interacaoJoystick_ID                     0x20000044   Data           4  lab03.o(.data)
    interacaoBotao_ID                        0x20000048   Data           4  lab03.o(.data)
    movimentaEddie_ID                        0x2000004c   Data           4  lab03.o(.data)
    movimentaInimigo0_ID                     0x20000050   Data           4  lab03.o(.data)
    movimentaInimigo1_ID                     0x20000054   Data           4  lab03.o(.data)
    movimentaInimigo2_ID                     0x20000058   Data           4  lab03.o(.data)
    movimentaInimigo3_ID                     0x2000005c   Data           4  lab03.o(.data)
    movimentaChefao_ID                       0x20000060   Data           4  lab03.o(.data)
    movimentaItem0_ID                        0x20000064   Data           4  lab03.o(.data)
    movimentaItem1_ID                        0x20000068   Data           4  lab03.o(.data)
    interacaoPersonagens_ID                  0x2000006c   Data           4  lab03.o(.data)
    painelPontuacao_ID                       0x20000070   Data           4  lab03.o(.data)
    painelVida_ID                            0x20000074   Data           4  lab03.o(.data)
    timer_frames_ID                          0x20000078   Data           4  lab03.o(.data)
    pos_eddie_direita                        0x2000007c   Data           1  lab03.o(.data)
    frame_escada                             0x2000007e   Data           2  lab03.o(.data)
    mutex_display_ID                         0x20000080   Data           4  fast_eddie.o(.data)
    m_tmr                                    0x20000098   Data           4  rtx_conf_cm.o(.data)
    osThreadId_osTimerThread                 0x2000009c   Data           4  rtx_conf_cm.o(.data)
    osMessageQId_osTimerMessageQ             0x200000a0   Data           4  rtx_conf_cm.o(.data)
    SystemCoreClock                          0x200000a8   Data           4  system_tm4c129.o(.data)
    os_initialized                           0x200000b0   Data           1  rt_cmsis.o(.data)
    os_running                               0x200000b1   Data           1  rt_cmsis.o(.data)
    os_timer_head                            0x200000b4   Data           4  rt_cmsis.o(.data)
    os_tsk                                   0x200000b8   Data           8  rt_task.o(.data)
    os_tick_irqn                             0x200000c4   Data           4  rt_system.o(.data)
    os_time                                  0x200000c8   Data           4  rt_time.o(.data)
    os_robin                                 0x200000cc   Data           8  rt_robin.o(.data)
    dbg_msg                                  0x200000d4   Data           1  hal_cm.o(.data)
    posicaoEscadas                           0x200000d8   Data          32  lab03.o(.bss)
    os_timer_cb_frames                       0x200000f8   Data          24  lab03.o(.bss)
    os_mutex_cb_mutex_display                0x20000110   Data          16  fast_eddie.o(.bss)
    sContext                                 0x20000120   Data          44  fast_eddie.o(.bss)
    os_messageQ_q_osTimerMessageQ            0x2000014c   Data          32  rtx_conf_cm.o(.bss)
    mp_tcb                                   0x2000016c   Data        1104  rtx_conf_cm.o(.bss)
    mp_stk                                   0x200005c0   Data       16016  rtx_conf_cm.o(.bss)
    os_stack_mem                             0x20004450   Data        1032  rtx_conf_cm.o(.bss)
    os_fifo                                  0x20004858   Data         132  rtx_conf_cm.o(.bss)
    os_active_TCB                            0x200048dc   Data          84  rtx_conf_cm.o(.bss)
    os_idle_TCB                              0x20005190   Data          52  rt_task.o(.bss)
    os_rdy                                   0x200051c4   Data          24  rt_list.o(.bss)
    os_dly                                   0x200051dc   Data          24  rt_list.o(.bss)
    __libspace_start                         0x200051f4   Data          96  libspace.o(.bss)
    __temporary_stack_top$libspace           0x20005254   Data           0  libspace.o(.bss)
    _random_number_data                      0x20005254   Data         228  rand.o(.bss)



==============================================================================

Memory Map of the image

  Image Entry point : 0x00000201

  Load Region LR_IROM1 (Base: 0x00000000, Size: 0x0000850c, Max: 0x00100000, ABSOLUTE)

    Execution Region ER_IROM1 (Exec base: 0x00000000, Load base: 0x00000000, Size: 0x00008434, Max: 0x00100000, ABSOLUTE)

    Exec Addr    Load Addr    Size         Type   Attr      Idx    E Section Name        Object

    0x00000000   0x00000000   0x00000200   Data   RO          587    RESET               startup_tm4c129.o
    0x00000200   0x00000200   0x00000008   Code   RO         4110  * !!!main             c_w.l(__main.o)
    0x00000208   0x00000208   0x00000034   Code   RO         4288    !!!scatter          c_w.l(__scatter.o)
    0x0000023c   0x0000023c   0x0000001a   Code   RO         4290    !!handler_copy      c_w.l(__scatter_copy.o)
    0x00000256   0x00000256   0x00000002   PAD
    0x00000258   0x00000258   0x0000001c   Code   RO         4292    !!handler_zi        c_w.l(__scatter_zi.o)
    0x00000274   0x00000274   0x00000002   Code   RO         4227    .ARM.Collect$$libinit$$00000000  c_w.l(libinit.o)
    0x00000276   0x00000276   0x00000004   Code   RO         4129    .ARM.Collect$$libinit$$00000001  c_w.l(libinit2.o)
    0x0000027a   0x0000027a   0x00000000   Code   RO         4132    .ARM.Collect$$libinit$$00000004  c_w.l(libinit2.o)
    0x0000027a   0x0000027a   0x00000000   Code   RO         4135    .ARM.Collect$$libinit$$0000000A  c_w.l(libinit2.o)
    0x0000027a   0x0000027a   0x00000000   Code   RO         4137    .ARM.Collect$$libinit$$0000000C  c_w.l(libinit2.o)
    0x0000027a   0x0000027a   0x00000004   Code   RO         4138    .ARM.Collect$$libinit$$0000000D  c_w.l(libinit2.o)
    0x0000027e   0x0000027e   0x00000000   Code   RO         4139    .ARM.Collect$$libinit$$0000000E  c_w.l(libinit2.o)
    0x0000027e   0x0000027e   0x00000000   Code   RO         4142    .ARM.Collect$$libinit$$00000011  c_w.l(libinit2.o)
    0x0000027e   0x0000027e   0x00000000   Code   RO         4144    .ARM.Collect$$libinit$$00000013  c_w.l(libinit2.o)
    0x0000027e   0x0000027e   0x00000000   Code   RO         4146    .ARM.Collect$$libinit$$00000015  c_w.l(libinit2.o)
    0x0000027e   0x0000027e   0x00000000   Code   RO         4148    .ARM.Collect$$libinit$$00000017  c_w.l(libinit2.o)
    0x0000027e   0x0000027e   0x00000000   Code   RO         4150    .ARM.Collect$$libinit$$00000019  c_w.l(libinit2.o)
    0x0000027e   0x0000027e   0x00000000   Code   RO         4152    .ARM.Collect$$libinit$$0000001B  c_w.l(libinit2.o)
    0x0000027e   0x0000027e   0x00000000   Code   RO         4154    .ARM.Collect$$libinit$$0000001D  c_w.l(libinit2.o)
    0x0000027e   0x0000027e   0x00000000   Code   RO         4156    .ARM.Collect$$libinit$$0000001F  c_w.l(libinit2.o)
    0x0000027e   0x0000027e   0x00000000   Code   RO         4158    .ARM.Collect$$libinit$$00000021  c_w.l(libinit2.o)
    0x0000027e   0x0000027e   0x00000000   Code   RO         4160    .ARM.Collect$$libinit$$00000023  c_w.l(libinit2.o)
    0x0000027e   0x0000027e   0x00000000   Code   RO         4162    .ARM.Collect$$libinit$$00000025  c_w.l(libinit2.o)
    0x0000027e   0x0000027e   0x00000000   Code   RO         4166    .ARM.Collect$$libinit$$0000002C  c_w.l(libinit2.o)
    0x0000027e   0x0000027e   0x00000000   Code   RO         4168    .ARM.Collect$$libinit$$0000002E  c_w.l(libinit2.o)
    0x0000027e   0x0000027e   0x00000000   Code   RO         4170    .ARM.Collect$$libinit$$00000030  c_w.l(libinit2.o)
    0x0000027e   0x0000027e   0x00000000   Code   RO         4172    .ARM.Collect$$libinit$$00000032  c_w.l(libinit2.o)
    0x0000027e   0x0000027e   0x00000002   Code   RO         4173    .ARM.Collect$$libinit$$00000033  c_w.l(libinit2.o)
    0x00000280   0x00000280   0x00000002   Code   RO         4228    .ARM.Collect$$libshutdown$$00000000  c_w.l(libshutdown.o)
    0x00000282   0x00000282   0x00000000   Code   RO         4247    .ARM.Collect$$libshutdown$$00000002  c_w.l(libshutdown2.o)
    0x00000282   0x00000282   0x00000000   Code   RO         4249    .ARM.Collect$$libshutdown$$00000004  c_w.l(libshutdown2.o)
    0x00000282   0x00000282   0x00000000   Code   RO         4252    .ARM.Collect$$libshutdown$$00000007  c_w.l(libshutdown2.o)
    0x00000282   0x00000282   0x00000000   Code   RO         4255    .ARM.Collect$$libshutdown$$0000000A  c_w.l(libshutdown2.o)
    0x00000282   0x00000282   0x00000000   Code   RO         4257    .ARM.Collect$$libshutdown$$0000000C  c_w.l(libshutdown2.o)
    0x00000282   0x00000282   0x00000000   Code   RO         4260    .ARM.Collect$$libshutdown$$0000000F  c_w.l(libshutdown2.o)
    0x00000282   0x00000282   0x00000002   Code   RO         4261    .ARM.Collect$$libshutdown$$00000010  c_w.l(libshutdown2.o)
    0x00000284   0x00000284   0x00000000   Code   RO         4122    .ARM.Collect$$rtentry$$00000000  c_w.l(__rtentry.o)
    0x00000284   0x00000284   0x00000000   Code   RO         4182    .ARM.Collect$$rtentry$$00000002  c_w.l(__rtentry2.o)
    0x00000284   0x00000284   0x00000006   Code   RO         4194    .ARM.Collect$$rtentry$$00000004  c_w.l(__rtentry4.o)
    0x0000028a   0x0000028a   0x00000000   Code   RO         4184    .ARM.Collect$$rtentry$$00000009  c_w.l(__rtentry2.o)
    0x0000028a   0x0000028a   0x00000004   Code   RO         4185    .ARM.Collect$$rtentry$$0000000A  c_w.l(__rtentry2.o)
    0x0000028e   0x0000028e   0x00000008   Code   RO         4186    .ARM.Collect$$rtentry$$0000000B  c_w.l(__rtentry2.o)
    0x00000296   0x00000296   0x00000008   Code   RO         4188    .ARM.Collect$$rtentry$$0000000D  c_w.l(__rtentry2.o)
    0x0000029e   0x0000029e   0x00000002   Code   RO         4123    .ARM.Collect$$rtexit$$00000000  c_w.l(rtexit.o)
    0x000002a0   0x000002a0   0x00000000   Code   RO         4197    .ARM.Collect$$rtexit$$00000002  c_w.l(rtexit2.o)
    0x000002a0   0x000002a0   0x00000004   Code   RO         4198    .ARM.Collect$$rtexit$$00000003  c_w.l(rtexit2.o)
    0x000002a4   0x000002a4   0x00000006   Code   RO         4199    .ARM.Collect$$rtexit$$00000004  c_w.l(rtexit2.o)
    0x000002aa   0x000002aa   0x00000002   PAD
    0x000002ac   0x000002ac   0x0000001c   Code   RO          531    .emb_text           rtx_conf_cm.o
    0x000002c8   0x000002c8   0x00000198   Code   RO         4081    .emb_text           RTX_CM4.lib(hal_cm4.o)
    0x00000460   0x00000460   0x00000034   Code   RO         4101    .emb_text           c_w.l(rand.o)
    0x00000494   0x00000494   0x00000aa8   Code   RO            4    .text               lab03.o
    0x00000f3c   0x00000f3c   0x000011bc   Code   RO          132    .text               fast_eddie.o
    0x000020f8   0x000020f8   0x00000154   Code   RO          163    .text               buzzer.o
    0x0000224c   0x0000224c   0x0000005c   Code   RO          222    .text               buttons.o
    0x000022a8   0x000022a8   0x000006fc   Code   RO          237    .text               cfaf128x128x16.o
    0x000029a4   0x000029a4   0x000000d0   Code   RO          391    .text               joy.o
    0x00002a74   0x00002a74   0x0000008c   Code   RO          532    .text               rtx_conf_cm.o
    0x00002b00   0x00002b00   0x0000012c   Code   RO          588    .text               startup_tm4c129.o
    0x00002c2c   0x00002c2c   0x00000028   Code   RO          595    .text               system_tm4c129.o
    0x00002c54   0x00002c54   0x00000008   Code   RO         4096    .text               c_w.l(libspace.o)
    0x00002c5c   0x00002c5c   0x000000ee   Code   RO         4099    .text               c_w.l(lludivv7m.o)
    0x00002d4a   0x00002d4a   0x00000002   PAD
    0x00002d4c   0x00002d4c   0x0000003c   Code   RO         4102    .text               c_w.l(rand.o)
    0x00002d88   0x00002d88   0x00000012   Code   RO         4106    .text               c_w.l(exit.o)
    0x00002d9a   0x00002d9a   0x00000006   Code   RO         4108    .text               c_w.l(heapauxi.o)
    0x00002da0   0x00002da0   0x0000000c   Code   RO         4209    .text               c_w.l(sys_exit.o)
    0x00002dac   0x00002dac   0x0000004a   Code   RO         4211    .text               c_w.l(sys_stackheap_outer.o)
    0x00002df6   0x00002df6   0x00000002   Code   RO         4231    .text               c_w.l(use_no_semi.o)
    0x00002df8   0x00002df8   0x00000000   Code   RO         4233    .text               c_w.l(indicate_semi.o)
    0x00002df8   0x00002df8   0x00000004   Code   RO         4091    SVC_TABLE           RTX_CM4.lib(svc_table.o)
    0x00002dfc   0x00002dfc   0x0000000a   Code   RO          633    i.ADCIntClear       driverlib.lib(adc.o)
    0x00002e06   0x00002e06   0x00000034   Code   RO          640    i.ADCIntStatus      driverlib.lib(adc.o)
    0x00002e3a   0x00002e3a   0x0000001a   Code   RO          645    i.ADCProcessorTrigger  driverlib.lib(adc.o)
    0x00002e54   0x00002e54   0x00000060   Code   RO          648    i.ADCSequenceConfigure  driverlib.lib(adc.o)
    0x00002eb4   0x00002eb4   0x00000024   Code   RO          651    i.ADCSequenceDataGet  driverlib.lib(adc.o)
    0x00002ed8   0x00002ed8   0x0000000e   Code   RO          653    i.ADCSequenceEnable  driverlib.lib(adc.o)
    0x00002ee6   0x00002ee6   0x0000009a   Code   RO          656    i.ADCSequenceStepConfigure  driverlib.lib(adc.o)
    0x00002f80   0x00002f80   0x00000028   Code   RO          905    i.GPIODirModeSet    driverlib.lib(gpio.o)
    0x00002fa8   0x00002fa8   0x00000138   Code   RO          917    i.GPIOPadConfigSet  driverlib.lib(gpio.o)
    0x000030e0   0x000030e0   0x00000044   Code   RO          918    i.GPIOPinConfigure  driverlib.lib(gpio.o)
    0x00003124   0x00003124   0x00000006   Code   RO          919    i.GPIOPinRead       driverlib.lib(gpio.o)
    0x0000312a   0x0000312a   0x0000001c   Code   RO          920    i.GPIOPinTypeADC    driverlib.lib(gpio.o)
    0x00003146   0x00003146   0x0000001c   Code   RO          928    i.GPIOPinTypeGPIOInput  driverlib.lib(gpio.o)
    0x00003162   0x00003162   0x0000001c   Code   RO          936    i.GPIOPinTypePWM    driverlib.lib(gpio.o)
    0x0000317e   0x0000317e   0x00000006   Code   RO         2586    i.GrContextFontSet  grlib.lib(string.o)
    0x00003184   0x00003184   0x00000064   Code   RO         2484    i.GrContextInit     grlib.lib(context.o)
    0x000031e8   0x000031e8   0x00000118   Code   RO         2587    i.GrDefaultStringRenderer  grlib.lib(string.o)
    0x00003300   0x00003300   0x000000a6   Code   RO         2591    i.GrFontGlyphDataGet  grlib.lib(string.o)
    0x000033a6   0x000033a6   0x00000288   Code   RO         2592    i.GrFontGlyphRender  grlib.lib(string.o)
    0x0000362e   0x0000362e   0x0000004c   Code   RO         2533    i.GrLineDrawH       grlib.lib(line.o)
    0x0000367a   0x0000367a   0x0000004c   Code   RO         2534    i.GrLineDrawV       grlib.lib(line.o)
    0x000036c6   0x000036c6   0x00000008   Code   RO         3469    i.GrMapISO8859_1_Unicode  grlib.lib(charmap.o)
    0x000036ce   0x000036ce   0x000000b4   Code   RO         2556    i.GrRectFill        grlib.lib(rectangle.o)
    0x00003782   0x00003782   0x00000014   Code   RO         1661    i.PWMClockSet       driverlib.lib(pwm.o)
    0x00003796   0x00003796   0x00000026   Code   RO         1668    i.PWMGenConfigure   driverlib.lib(pwm.o)
    0x000037bc   0x000037bc   0x0000000a   Code   RO         1670    i.PWMGenEnable      driverlib.lib(pwm.o)
    0x000037c6   0x000037c6   0x00000012   Code   RO         1682    i.PWMGenPeriodGet   driverlib.lib(pwm.o)
    0x000037d8   0x000037d8   0x00000012   Code   RO         1683    i.PWMGenPeriodSet   driverlib.lib(pwm.o)
    0x000037ea   0x000037ea   0x00000010   Code   RO         1689    i.PWMOutputInvert   driverlib.lib(pwm.o)
    0x000037fa   0x000037fa   0x00000010   Code   RO         1690    i.PWMOutputState    driverlib.lib(pwm.o)
    0x0000380a   0x0000380a   0x00000020   Code   RO         1693    i.PWMPulseWidthSet  driverlib.lib(pwm.o)
    0x0000382a   0x0000382a   0x00000002   PAD
    0x0000382c   0x0000382c   0x000002ec   Code   RO         1895    i.SysCtlClockFreqSet  driverlib.lib(sysctl.o)
    0x00003b18   0x00003b18   0x00000028   Code   RO         1927    i.SysCtlPeripheralEnable  driverlib.lib(sysctl.o)
    0x00003b40   0x00003b40   0x0000002c   Code   RO         1931    i.SysCtlPeripheralReady  driverlib.lib(sysctl.o)
    0x00003b6c   0x00003b6c   0x0000006c   Code   RO         2604    i.UpdateContextCharMapping  grlib.lib(string.o)
    0x00003bd8   0x00003bd8   0x00000046   Code   RO         3975    i._init_box         RTX_CM4.lib(rt_membox.o)
    0x00003c1e   0x00003c1e   0x00000002   PAD
    0x00003c20   0x00003c20   0x00000030   Code   RO         4028    i.dbg_init          RTX_CM4.lib(hal_cm.o)
    0x00003c50   0x00003c50   0x00000020   Code   RO         4029    i.dbg_task_notify   RTX_CM4.lib(hal_cm.o)
    0x00003c70   0x00003c70   0x00000010   Code   RO         4030    i.dbg_task_switch   RTX_CM4.lib(hal_cm.o)
    0x00003c80   0x00003c80   0x0000002a   Code   RO         2716    i.isrMessageGet     RTX_CM4.lib(rt_cmsis.o)
    0x00003caa   0x00003caa   0x0000002c   Code   RO         2717    i.isrMessagePut     RTX_CM4.lib(rt_cmsis.o)
    0x00003cd6   0x00003cd6   0x00000024   Code   RO         2719    i.isrSignalSet      RTX_CM4.lib(rt_cmsis.o)
    0x00003cfa   0x00003cfa   0x00000002   PAD
    0x00003cfc   0x00003cfc   0x00000028   Code   RO         3712    i.isr_evt_set       RTX_CM4.lib(rt_event.o)
    0x00003d24   0x00003d24   0x00000056   Code   RO         3830    i.isr_mbx_receive   RTX_CM4.lib(rt_mailbox.o)
    0x00003d7a   0x00003d7a   0x0000000e   Code   RO         3831    i.isr_mbx_send      RTX_CM4.lib(rt_mailbox.o)
    0x00003d88   0x00003d88   0x00000018   Code   RO         2720    i.osDelay           RTX_CM4.lib(rt_cmsis.o)
    0x00003da0   0x00003da0   0x00000024   Code   RO         2721    i.osKernelInitialize  RTX_CM4.lib(rt_cmsis.o)
    0x00003dc4   0x00003dc4   0x0000006c   Code   RO         2723    i.osKernelStart     RTX_CM4.lib(rt_cmsis.o)
    0x00003e30   0x00003e30   0x00000018   Code   RO         2732    i.osMessageGet      RTX_CM4.lib(rt_cmsis.o)
    0x00003e48   0x00003e48   0x0000002c   Code   RO         2734    i.osMutexCreate     RTX_CM4.lib(rt_cmsis.o)
    0x00003e74   0x00003e74   0x00000018   Code   RO         2736    i.osMutexRelease    RTX_CM4.lib(rt_cmsis.o)
    0x00003e8c   0x00003e8c   0x00000018   Code   RO         2737    i.osMutexWait       RTX_CM4.lib(rt_cmsis.o)
    0x00003ea4   0x00003ea4   0x00000018   Code   RO         2746    i.osSignalClear     RTX_CM4.lib(rt_cmsis.o)
    0x00003ebc   0x00003ebc   0x00000018   Code   RO         2747    i.osSignalSet       RTX_CM4.lib(rt_cmsis.o)
    0x00003ed4   0x00003ed4   0x00000018   Code   RO         2748    i.osSignalWait      RTX_CM4.lib(rt_cmsis.o)
    0x00003eec   0x00003eec   0x0000002c   Code   RO         2749    i.osThreadCreate    RTX_CM4.lib(rt_cmsis.o)
    0x00003f18   0x00003f18   0x00000018   Code   RO         2750    i.osThreadExit      RTX_CM4.lib(rt_cmsis.o)
    0x00003f30   0x00003f30   0x0000000c   Code   RO         2756    i.osTimerCall       RTX_CM4.lib(rt_cmsis.o)
    0x00003f3c   0x00003f3c   0x0000002c   Code   RO         2757    i.osTimerCreate     RTX_CM4.lib(rt_cmsis.o)
    0x00003f68   0x00003f68   0x00000018   Code   RO         2759    i.osTimerStart      RTX_CM4.lib(rt_cmsis.o)
    0x00003f80   0x00003f80   0x0000002c   Code   RO         2761    i.osTimerThread     RTX_CM4.lib(rt_cmsis.o)
    0x00003fac   0x00003fac   0x00000028   Code   RO         3622    i.os_tick_init      RTX_CM4.lib(rt_system.o)
    0x00003fd4   0x00003fd4   0x00000002   Code   RO         3623    i.os_tick_irqack    RTX_CM4.lib(rt_system.o)
    0x00003fd6   0x00003fd6   0x0000001a   Code   RO         3976    i.rt_alloc_box      RTX_CM4.lib(rt_membox.o)
    0x00003ff0   0x00003ff0   0x0000003e   Code   RO         4004    i.rt_alloc_mem      RTX_CM4.lib(rt_memory.o)
    0x0000402e   0x0000402e   0x00000002   PAD
    0x00004030   0x00004030   0x00000038   Code   RO         3335    i.rt_block          RTX_CM4.lib(rt_task.o)
    0x00004068   0x00004068   0x00000048   Code   RO         3953    i.rt_chk_robin      RTX_CM4.lib(rt_robin.o)
    0x000040b0   0x000040b0   0x00000070   Code   RO         3754    i.rt_dec_dly        RTX_CM4.lib(rt_list.o)
    0x00004120   0x00004120   0x00000044   Code   RO         3336    i.rt_dispatch       RTX_CM4.lib(rt_task.o)
    0x00004164   0x00004164   0x00000006   Code   RO         3920    i.rt_dly_wait       RTX_CM4.lib(rt_time.o)
    0x0000416a   0x0000416a   0x00000002   PAD
    0x0000416c   0x0000416c   0x0000001c   Code   RO         3713    i.rt_evt_clr        RTX_CM4.lib(rt_event.o)
    0x00004188   0x00004188   0x00000050   Code   RO         3715    i.rt_evt_psh        RTX_CM4.lib(rt_event.o)
    0x000041d8   0x000041d8   0x0000005c   Code   RO         3716    i.rt_evt_set        RTX_CM4.lib(rt_event.o)
    0x00004234   0x00004234   0x0000003c   Code   RO         3717    i.rt_evt_wait       RTX_CM4.lib(rt_event.o)
    0x00004270   0x00004270   0x0000002c   Code   RO         3977    i.rt_free_box       RTX_CM4.lib(rt_membox.o)
    0x0000429c   0x0000429c   0x00000028   Code   RO         4005    i.rt_free_mem       RTX_CM4.lib(rt_memory.o)
    0x000042c4   0x000042c4   0x00000028   Code   RO         3755    i.rt_get_first      RTX_CM4.lib(rt_list.o)
    0x000042ec   0x000042ec   0x00000008   Code   RO         2766    i.rt_id2obj         RTX_CM4.lib(rt_cmsis.o)
    0x000042f4   0x000042f4   0x00000048   Code   RO         3337    i.rt_init_context   RTX_CM4.lib(rt_task.o)
    0x0000433c   0x0000433c   0x0000001a   Code   RO         4006    i.rt_init_mem       RTX_CM4.lib(rt_memory.o)
    0x00004356   0x00004356   0x00000002   PAD
    0x00004358   0x00004358   0x00000018   Code   RO         3954    i.rt_init_robin     RTX_CM4.lib(rt_robin.o)
    0x00004370   0x00004370   0x00000080   Code   RO         4031    i.rt_init_stack     RTX_CM4.lib(hal_cm.o)
    0x000043f0   0x000043f0   0x00000008   Code   RO         3832    i.rt_mbx_check      RTX_CM4.lib(rt_mailbox.o)
    0x000043f8   0x000043f8   0x0000001a   Code   RO         3833    i.rt_mbx_init       RTX_CM4.lib(rt_mailbox.o)
    0x00004412   0x00004412   0x00000002   PAD
    0x00004414   0x00004414   0x000000f0   Code   RO         3834    i.rt_mbx_psh        RTX_CM4.lib(rt_mailbox.o)
    0x00004504   0x00004504   0x000000b4   Code   RO         3836    i.rt_mbx_wait       RTX_CM4.lib(rt_mailbox.o)
    0x000045b8   0x000045b8   0x00000044   Code   RO         2767    i.rt_ms2tick        RTX_CM4.lib(rt_cmsis.o)
    0x000045fc   0x000045fc   0x00000010   Code   RO         3420    i.rt_mut_init       RTX_CM4.lib(rt_mutex.o)
    0x0000460c   0x0000460c   0x000000d8   Code   RO         3421    i.rt_mut_release    RTX_CM4.lib(rt_mutex.o)
    0x000046e4   0x000046e4   0x00000078   Code   RO         3422    i.rt_mut_wait       RTX_CM4.lib(rt_mutex.o)
    0x0000475c   0x0000475c   0x0000007c   Code   RO         3626    i.rt_pop_req        RTX_CM4.lib(rt_system.o)
    0x000047d8   0x000047d8   0x00000020   Code   RO         3627    i.rt_psh_req        RTX_CM4.lib(rt_system.o)
    0x000047f8   0x000047f8   0x0000005c   Code   RO         3757    i.rt_psq_enq        RTX_CM4.lib(rt_list.o)
    0x00004854   0x00004854   0x00000048   Code   RO         3758    i.rt_put_dly        RTX_CM4.lib(rt_list.o)
    0x0000489c   0x0000489c   0x00000036   Code   RO         3759    i.rt_put_prio       RTX_CM4.lib(rt_list.o)
    0x000048d2   0x000048d2   0x00000002   PAD
    0x000048d4   0x000048d4   0x00000014   Code   RO         3760    i.rt_put_rdy_first  RTX_CM4.lib(rt_list.o)
    0x000048e8   0x000048e8   0x00000034   Code   RO         3761    i.rt_resort_prio    RTX_CM4.lib(rt_list.o)
    0x0000491c   0x0000491c   0x00000010   Code   RO         4032    i.rt_ret_regs       RTX_CM4.lib(hal_cm.o)
    0x0000492c   0x0000492c   0x0000000c   Code   RO         4033    i.rt_ret_val        RTX_CM4.lib(hal_cm.o)
    0x00004938   0x00004938   0x00000010   Code   RO         4034    i.rt_ret_val2       RTX_CM4.lib(hal_cm.o)
    0x00004948   0x00004948   0x00000028   Code   RO         3762    i.rt_rmv_dly        RTX_CM4.lib(rt_list.o)
    0x00004970   0x00004970   0x00000030   Code   RO         3763    i.rt_rmv_list       RTX_CM4.lib(rt_list.o)
    0x000049a0   0x000049a0   0x00000034   Code   RO         3881    i.rt_sem_psh        RTX_CM4.lib(rt_semaphore.o)
    0x000049d4   0x000049d4   0x00000024   Code   RO         3629    i.rt_stk_check      RTX_CM4.lib(rt_system.o)
    0x000049f8   0x000049f8   0x00000028   Code   RO         3338    i.rt_switch_req     RTX_CM4.lib(rt_task.o)
    0x00004a20   0x00004a20   0x000000cc   Code   RO         3339    i.rt_sys_init       RTX_CM4.lib(rt_task.o)
    0x00004aec   0x00004aec   0x00000078   Code   RO         3340    i.rt_sys_start      RTX_CM4.lib(rt_task.o)
    0x00004b64   0x00004b64   0x00000040   Code   RO         3631    i.rt_systick        RTX_CM4.lib(rt_system.o)
    0x00004ba4   0x00004ba4   0x00000012   Code   RO         2768    i.rt_tid2ptcb       RTX_CM4.lib(rt_cmsis.o)
    0x00004bb6   0x00004bb6   0x00000002   PAD
    0x00004bb8   0x00004bb8   0x00000034   Code   RO         2769    i.rt_timer_insert   RTX_CM4.lib(rt_cmsis.o)
    0x00004bec   0x00004bec   0x0000003c   Code   RO         2770    i.rt_timer_remove   RTX_CM4.lib(rt_cmsis.o)
    0x00004c28   0x00004c28   0x00000088   Code   RO         3341    i.rt_tsk_create     RTX_CM4.lib(rt_task.o)
    0x00004cb0   0x00004cb0   0x0000017c   Code   RO         3342    i.rt_tsk_delete     RTX_CM4.lib(rt_task.o)
    0x00004e2c   0x00004e2c   0x0000007c   Code   RO         3344    i.rt_tsk_prio       RTX_CM4.lib(rt_task.o)
    0x00004ea8   0x00004ea8   0x00000010   Code   RO         3345    i.rt_tsk_self       RTX_CM4.lib(rt_task.o)
    0x00004eb8   0x00004eb8   0x00000012   Code   RO         2771    i.svcDelay          RTX_CM4.lib(rt_cmsis.o)
    0x00004eca   0x00004eca   0x00000002   PAD
    0x00004ecc   0x00004ecc   0x00000070   Code   RO         2772    i.svcKernelInitialize  RTX_CM4.lib(rt_cmsis.o)
    0x00004f3c   0x00004f3c   0x00000048   Code   RO         2774    i.svcKernelStart    RTX_CM4.lib(rt_cmsis.o)
    0x00004f84   0x00004f84   0x00000024   Code   RO         2777    i.svcMessageCreate  RTX_CM4.lib(rt_cmsis.o)
    0x00004fa8   0x00004fa8   0x0000003a   Code   RO         2778    i.svcMessageGet     RTX_CM4.lib(rt_cmsis.o)
    0x00004fe2   0x00004fe2   0x0000001c   Code   RO         2780    i.svcMutexCreate    RTX_CM4.lib(rt_cmsis.o)
    0x00004ffe   0x00004ffe   0x00000022   Code   RO         2782    i.svcMutexRelease   RTX_CM4.lib(rt_cmsis.o)
    0x00005020   0x00005020   0x0000003a   Code   RO         2783    i.svcMutexWait      RTX_CM4.lib(rt_cmsis.o)
    0x0000505a   0x0000505a   0x00000024   Code   RO         2789    i.svcSignalClear    RTX_CM4.lib(rt_cmsis.o)
    0x0000507e   0x0000507e   0x00000024   Code   RO         2790    i.svcSignalSet      RTX_CM4.lib(rt_cmsis.o)
    0x000050a2   0x000050a2   0x00000002   PAD
    0x000050a4   0x000050a4   0x00000054   Code   RO         2791    i.svcSignalWait     RTX_CM4.lib(rt_cmsis.o)
    0x000050f8   0x000050f8   0x0000006c   Code   RO         2792    i.svcThreadCreate   RTX_CM4.lib(rt_cmsis.o)
    0x00005164   0x00005164   0x0000001c   Code   RO         2793    i.svcThreadGetId    RTX_CM4.lib(rt_cmsis.o)
    0x00005180   0x00005180   0x00000038   Code   RO         2796    i.svcThreadTerminate  RTX_CM4.lib(rt_cmsis.o)
    0x000051b8   0x000051b8   0x00000018   Code   RO         2798    i.svcTimerCall      RTX_CM4.lib(rt_cmsis.o)
    0x000051d0   0x000051d0   0x00000038   Code   RO         2799    i.svcTimerCreate    RTX_CM4.lib(rt_cmsis.o)
    0x00005208   0x00005208   0x00000064   Code   RO         2801    i.svcTimerStart     RTX_CM4.lib(rt_cmsis.o)
    0x0000526c   0x0000526c   0x0000005c   Code   RO         2807    i.sysTimerTick      RTX_CM4.lib(rt_cmsis.o)
    0x000052c8   0x000052c8   0x00000062   Code   RO         4112    x$fpl$d2f           fz_wm.l(d2f.o)
    0x0000532a   0x0000532a   0x0000002e   Code   RO         4115    x$fpl$dflt          fz_wm.l(dflt_clz.o)
    0x00005358   0x00005358   0x00000154   Code   RO         4120    x$fpl$dmul          fz_wm.l(dmul.o)
    0x000054ac   0x000054ac   0x0000009c   Code   RO         4174    x$fpl$dnaninf       fz_wm.l(dnaninf.o)
    0x00005548   0x00005548   0x0000000c   Code   RO         4176    x$fpl$dretinf       fz_wm.l(dretinf.o)
    0x00005554   0x00005554   0x0000000a   Code   RO         4207    x$fpl$fpinit        fz_wm.l(fpinit.o)
    0x0000555e   0x0000555e   0x0000000a   Code   RO         4178    x$fpl$fretinf       fz_wm.l(fretinf.o)
    0x00005568   0x00005568   0x00000000   Code   RO         4180    x$fpl$usenofp       fz_wm.l(usenofp.o)
    0x00005568   0x00005568   0x000000a8   Data   RO            7    .constdata          lab03.o
    0x00005610   0x00005610   0x00000004   Data   RO          135    .constdata          fast_eddie.o
    0x00005614   0x00005614   0x00000028   Data   RO          250    .constdata          cfaf128x128x16.o
    0x0000563c   0x0000563c   0x000002ac   Data   RO          427    .constdata          chefao.o
    0x000058e8   0x000058e8   0x00000004   Data   RO          429    .constdata          chefao.o
    0x000058ec   0x000058ec   0x0000069c   Data   RO          440    .constdata          eddie.o
    0x00005f88   0x00005f88   0x00000004   Data   RO          442    .constdata          eddie.o
    0x00005f8c   0x00005f8c   0x00000c01   Data   RO          453    .constdata          escada.o
    0x00006b8d   0x00006b8d   0x00000003   PAD
    0x00006b90   0x00006b90   0x00000004   Data   RO          455    .constdata          escada.o
    0x00006b94   0x00006b94   0x000000fc   Data   RO          466    .constdata          inimigo.o
    0x00006c90   0x00006c90   0x00000004   Data   RO          468    .constdata          inimigo.o
    0x00006c94   0x00006c94   0x0000012c   Data   RO          479    .constdata          item.o
    0x00006dc0   0x00006dc0   0x00000004   Data   RO          481    .constdata          item.o
    0x00006dc4   0x00006dc4   0x00000d2d   Data   RO          505    .constdata          numeros.o
    0x00007af1   0x00007af1   0x00000003   PAD
    0x00007af4   0x00007af4   0x00000004   Data   RO          507    .constdata          numeros.o
    0x00007af8   0x00007af8   0x0000006b   Data   RO          518    .constdata          chave_1.o
    0x00007b63   0x00007b63   0x00000001   PAD
    0x00007b64   0x00007b64   0x00000004   Data   RO          520    .constdata          chave_1.o
    0x00007b68   0x00007b68   0x00000002   Data   RO          540    .constdata          rtx_conf_cm.o
    0x00007b6a   0x00007b6a   0x00000002   PAD
    0x00007b6c   0x00007b6c   0x00000004   Data   RO          541    .constdata          rtx_conf_cm.o
    0x00007b70   0x00007b70   0x00000004   Data   RO          542    .constdata          rtx_conf_cm.o
    0x00007b74   0x00007b74   0x00000004   Data   RO          546    .constdata          rtx_conf_cm.o
    0x00007b78   0x00007b78   0x00000001   Data   RO          547    .constdata          rtx_conf_cm.o
    0x00007b79   0x00007b79   0x00000003   PAD
    0x00007b7c   0x00007b7c   0x00000010   Data   RO          548    .constdata          rtx_conf_cm.o
    0x00007b8c   0x00007b8c   0x00000002   Data   RO          549    .constdata          rtx_conf_cm.o
    0x00007b8e   0x00007b8e   0x00000002   PAD
    0x00007b90   0x00007b90   0x00000004   Data   RO          550    .constdata          rtx_conf_cm.o
    0x00007b94   0x00007b94   0x00000004   Data   RO          551    .constdata          rtx_conf_cm.o
    0x00007b98   0x00007b98   0x00000001   Data   RO          552    .constdata          rtx_conf_cm.o
    0x00007b99   0x00007b99   0x00000003   PAD
    0x00007b9c   0x00007b9c   0x00000010   Data   RO          553    .constdata          rtx_conf_cm.o
    0x00007bac   0x00007bac   0x00000008   Data   RO          554    .constdata          rtx_conf_cm.o
    0x00007bb4   0x00007bb4   0x00000002   Data   RO          555    .constdata          rtx_conf_cm.o
    0x00007bb6   0x00007bb6   0x00000002   PAD
    0x00007bb8   0x00007bb8   0x00000010   Data   RO          556    .constdata          rtx_conf_cm.o
    0x00007bc8   0x00007bc8   0x00000228   Data   RO          949    .constdata          driverlib.lib(gpio.o)
    0x00007df0   0x00007df0   0x00000254   Data   RO         1949    .constdata          driverlib.lib(sysctl.o)
    0x00008044   0x00008044   0x00000010   Data   RO         2486    .constdata          grlib.lib(context.o)
    0x00008054   0x00008054   0x000002f8   Data   RO         2518    .constdata          grlib.lib(fontfixed6x8.o)
    0x0000834c   0x0000834c   0x000000c8   Data   RO         2519    .constdata          grlib.lib(fontfixed6x8.o)
    0x00008414   0x00008414   0x00000020   Data   RO         4286    Region$$Table       anon$$obj.o


    Execution Region RW_IRAM1 (Exec base: 0x20000000, Load base: 0x00008434, Size: 0x00005538, Max: 0x00040000, ABSOLUTE)

    Exec Addr    Load Addr    Size         Type   Attr      Idx    E Section Name        Object

    0x20000000   0x00008434   0x0000007c   Data   RW            8    .data               lab03.o
    0x2000007c   0x000084b0   0x00000001   Data   RW            9    .data               lab03.o
    0x2000007d   0x000084b1   0x00000001   PAD
    0x2000007e   0x000084b2   0x00000002   Data   RW           10    .data               lab03.o
    0x20000080   0x000084b4   0x00000004   Data   RW          136    .data               fast_eddie.o
    0x20000084   0x000084b8   0x0000000c   Data   RW          164    .data               buzzer.o
    0x20000090   0x000084c4   0x00000008   Data   RW          251    .data               cfaf128x128x16.o
    0x20000098   0x000084cc   0x00000004   Data   RW          558    .data               rtx_conf_cm.o
    0x2000009c   0x000084d0   0x00000004   Data   RW          559    .data               rtx_conf_cm.o
    0x200000a0   0x000084d4   0x00000004   Data   RW          560    .data               rtx_conf_cm.o
    0x200000a4   0x000084d8   0x00000004   Data   RW          561    .data               rtx_conf_cm.o
    0x200000a8   0x000084dc   0x00000004   Data   RW          596    .data               system_tm4c129.o
    0x200000ac   0x000084e0   0x00000004   Data   RW         2487    .data               grlib.lib(context.o)
    0x200000b0   0x000084e4   0x00000008   Data   RW         2810    .data               RTX_CM4.lib(rt_cmsis.o)
    0x200000b8   0x000084ec   0x00000008   Data   RW         3347    .data               RTX_CM4.lib(rt_task.o)
    0x200000c0   0x000084f4   0x00000008   Data   RW         3634    .data               RTX_CM4.lib(rt_system.o)
    0x200000c8   0x000084fc   0x00000004   Data   RW         3924    .data               RTX_CM4.lib(rt_time.o)
    0x200000cc   0x00008500   0x00000008   Data   RW         3955    .data               RTX_CM4.lib(rt_robin.o)
    0x200000d4   0x00008508   0x00000001   Data   RW         4035    .data               RTX_CM4.lib(hal_cm.o)
    0x200000d5   0x00008509   0x00000003   PAD
    0x200000d8        -       0x00000020   Zero   RW            5    .bss                lab03.o
    0x200000f8        -       0x00000018   Zero   RW            6    .bss                lab03.o
    0x20000110        -       0x00000010   Zero   RW          133    .bss                fast_eddie.o
    0x20000120        -       0x0000002c   Zero   RW          134    .bss                fast_eddie.o
    0x2000014c        -       0x00000020   Zero   RW          533    .bss                rtx_conf_cm.o
    0x2000016c        -       0x00000450   Zero   RW          534    .bss                rtx_conf_cm.o
    0x200005bc   0x00008509   0x00000004   PAD
    0x200005c0        -       0x00003e90   Zero   RW          535    .bss                rtx_conf_cm.o
    0x20004450        -       0x00000408   Zero   RW          536    .bss                rtx_conf_cm.o
    0x20004858        -       0x00000084   Zero   RW          537    .bss                rtx_conf_cm.o
    0x200048dc        -       0x00000054   Zero   RW          538    .bss                rtx_conf_cm.o
    0x20004930        -       0x00000860   Zero   RW          539    .bss                rtx_conf_cm.o
    0x20005190        -       0x00000034   Zero   RW         3346    .bss                RTX_CM4.lib(rt_task.o)
    0x200051c4        -       0x00000030   Zero   RW         3764    .bss                RTX_CM4.lib(rt_list.o)
    0x200051f4        -       0x00000060   Zero   RW         4097    .bss                c_w.l(libspace.o)
    0x20005254        -       0x000000e4   Zero   RW         4103    .bss                c_w.l(rand.o)
    0x20005338        -       0x00000000   Zero   RW          586    HEAP                startup_tm4c129.o
    0x20005338        -       0x00000200   Zero   RW          585    STACK               startup_tm4c129.o


==============================================================================

Image component sizes


      Code (inc. data)   RO Data    RW Data    ZI Data      Debug   Object Name

        92         10          0          0          0        856   buttons.o
       340         36          0         12          0       2241   buzzer.o
      1788         94         40          8          0      10658   cfaf128x128x16.o
         0          0        111          0          0        800   chave_1.o
         0          0        688          0          0        817   chefao.o
         0          0       1696          0          0        804   eddie.o
         0          0       3077          0          0        821   escada.o
      4540        176          4          4         60      12185   fast_eddie.o
         0          0        256          0          0        838   inimigo.o
         0          0        304          0          0        775   item.o
       208         22          0          0          0       1221   joy.o
      2728         54        168        127         56      42818   lab03.o
         0          0       3377          0          0        870   numeros.o
       168         36         84         16      20544       8897   rtx_conf_cm.o
       300         22        512          0        512       6016   startup_tm4c129.o
        40         14          0          4          0        853   system_tm4c129.o

    ----------------------------------------------------------------------
     10204        464      10368        172      21176      91470   Object Totals
         0          0         32          0          0          0   (incl. Generated)
         0          0         19          1          4          0   (incl. Padding)

    ----------------------------------------------------------------------

      Code (inc. data)   RO Data    RW Data    ZI Data      Debug   Library Member Name

       268         24          0          1          0       4524   hal_cm.o
       408         34          0          0          0        824   hal_cm4.o
      1912        210          0          8          0      48535   rt_cmsis.o
       300         24          0          0          0       3423   rt_event.o
       530         34          0          0         48       8685   rt_list.o
       554         10          0          0          0       4237   rt_mailbox.o
       140          0          0          0          0       2069   rt_membox.o
       128          0          0          0          0       2451   rt_memory.o
       352         14          0          0          0       2249   rt_mutex.o
        96         22          0          8          0       1254   rt_robin.o
        52          4          0          0          0        621   rt_semaphore.o
       298         52          0          8          0       6511   rt_system.o
      1216        174          0          8         52      10129   rt_task.o
         6          0          0          4          0        700   rt_time.o
         4          4          0          0          0        208   svc_table.o
         8          0          0          0          0         68   __main.o
         0          0          0          0          0          0   __rtentry.o
        20          0          0          0          0          0   __rtentry2.o
         6          0          0          0          0          0   __rtentry4.o
        52          8          0          0          0          0   __scatter.o
        26          0          0          0          0          0   __scatter_copy.o
        28          0          0          0          0          0   __scatter_zi.o
        18          0          0          0          0         80   exit.o
         6          0          0          0          0        152   heapauxi.o
         0          0          0          0          0          0   indicate_semi.o
         2          0          0          0          0          0   libinit.o
        10          0          0          0          0          0   libinit2.o
         2          0          0          0          0          0   libshutdown.o
         2          0          0          0          0          0   libshutdown2.o
         8          4          0          0         96         68   libspace.o
       238          0          0          0          0        100   lludivv7m.o
       112         18          0          0        228        160   rand.o
         2          0          0          0          0          0   rtexit.o
        10          0          0          0          0          0   rtexit2.o
        12          4          0          0          0         68   sys_exit.o
        74          0          0          0          0         80   sys_stackheap_outer.o
         2          0          0          0          0         68   use_no_semi.o
       388          0          0          0          0       8694   adc.o
       510          8        552          0          0       5722   gpio.o
       168          0          0          0          0       4621   pwm.o
       832         50        596          0          0       5470   sysctl.o
        98          4          0          0          0        140   d2f.o
        46          0          0          0          0        116   dflt_clz.o
       340         12          0          0          0        152   dmul.o
       156          4          0          0          0        140   dnaninf.o
        12          0          0          0          0        116   dretinf.o
        10          0          0          0          0        116   fpinit.o
        10          0          0          0          0        116   fretinf.o
         0          0          0          0          0          0   usenofp.o
         8          0          0          0          0       1494   charmap.o
       100         12         16          4          0      26443   context.o
         0          0        960          0          0      25662   fontfixed6x8.o
       152          0          0          0          0       2178   line.o
       180          0          0          0          0       1494   rectangle.o
      1208          0          0          0          0       8352   string.o

    ----------------------------------------------------------------------
     11148        730       2124         44        424     188290   Library Totals
        28          0          0          3          0          0   (incl. Padding)

    ----------------------------------------------------------------------

      Code (inc. data)   RO Data    RW Data    ZI Data      Debug   Library Name

      6264        606          0         37        100      96420   RTX_CM4.lib
       638         34          0          0        324        844   c_w.l
      1898         58       1148          0          0      24507   driverlib.lib
       672         20          0          0          0        896   fz_wm.l
      1648         12        976          4          0      65623   grlib.lib

    ----------------------------------------------------------------------
     11148        730       2124         44        424     188290   Library Totals

    ----------------------------------------------------------------------

==============================================================================


      Code (inc. data)   RO Data    RW Data    ZI Data      Debug   

     21352       1194      12492        216      21600     265248   Grand Totals
     21352       1194      12492        216      21600     265248   ELF Image Totals
     21352       1194      12492        216          0          0   ROM Totals

==============================================================================

    Total RO  Size (Code + RO Data)                33844 (  33.05kB)
    Total RW  Size (RW Data + ZI Data)             21816 (  21.30kB)
    Total ROM Size (Code + RO Data + RW Data)      34060 (  33.26kB)

==============================================================================

