Component: ARM Compiler 5.06 update 6 (build 750) Tool: armlink [4d35ed]

==============================================================================

Section Cross References

    lab03.o(.text) refers to rt_cmsis.o(i.osThreadCreate) for osThreadCreate
    lab03.o(.text) refers to llsdiv.o(.text) for __aeabi_ldivmod
    lab03.o(.text) refers to cfaf128x128x16.o(.text) for cfaf128x128x16Init
    lab03.o(.text) refers to joy.o(.text) for joy_init
    lab03.o(.text) refers to buzzer.o(.text) for buzzer_init
    lab03.o(.text) refers to buttons.o(.text) for button_init
    lab03.o(.text) refers to circle.o(i.GrCircleDraw) for GrCircleDraw
    lab03.o(.text) refers to circle.o(i.GrCircleFill) for GrCircleFill
    lab03.o(.text) refers to rectangle.o(i.GrRectFill) for GrRectFill
    lab03.o(.text) refers to rt_cmsis.o(i.osSignalWait) for osSignalWait
    lab03.o(.text) refers to rt_cmsis.o(i.osSignalClear) for osSignalClear
    lab03.o(.text) refers to rt_cmsis.o(i.osDelay) for osDelay
    lab03.o(.text) refers to lab03.o(.constdata) for .constdata
    lab03.o(.text) refers to lab03.o(.data) for .data
    lab03.o(.text) refers to lab03.o(.bss) for .bss
    lab03.o(.text) refers to eddie.o(.constdata) for Eddie_start
    lab03.o(.text) refers to eddie.o(.constdata) for Eddie
    lab03.o(.text) refers to escada.o(.constdata) for Escada_start
    lab03.o(.text) refers to escada.o(.constdata) for Escada
    lab03.o(.text) refers to chefao.o(.constdata) for Chefao_start
    lab03.o(.text) refers to chefao.o(.constdata) for Chefao
    lab03.o(.text) refers to inimigo.o(.constdata) for Inimigo_start
    lab03.o(.text) refers to inimigo.o(.constdata) for Inimigo
    lab03.o(.text) refers to rt_cmsis.o(i.osMutexWait) for osMutexWait
    lab03.o(.text) refers to rt_cmsis.o(i.osMutexRelease) for osMutexRelease
    lab03.o(.text) refers to rt_cmsis.o(i.osSignalSet) for osSignalSet
    lab03.o(.text) refers to dflt_clz.o(x$fpl$dfltu) for __aeabi_ui2d
    lab03.o(.text) refers to daddsub_clz.o(x$fpl$dadd) for __aeabi_dadd
    lab03.o(.text) refers to dfixu.o(x$fpl$dfixu) for __aeabi_d2uiz
    lab03.o(.text) refers to daddsub_clz.o(x$fpl$dsub) for __aeabi_dsub
    lab03.o(.text) refers to item.o(.constdata) for Item_start
    lab03.o(.text) refers to item.o(.constdata) for Item
    lab03.o(.text) refers to context.o(i.GrContextInit) for GrContextInit
    lab03.o(.text) refers to string.o(i.GrContextFontSet) for GrContextFontSet
    lab03.o(.text) refers to cfaf128x128x16.o(.constdata) for g_sCfaf128x128x16
    lab03.o(.text) refers to fontfixed6x8.o(.constdata) for g_sFontFixed6x8
    lab03.o(.text) refers to numeros.o(.constdata) for Numeros_start
    lab03.o(.text) refers to numeros.o(.constdata) for Numeros
    lab03.o(.text) refers to rt_cmsis.o(i.osMutexCreate) for osMutexCreate
    lab03.o(.text) refers to rt_cmsis.o(i.osTimerCreate) for osTimerCreate
    lab03.o(.text) refers to rt_cmsis.o(i.osTimerStart) for osTimerStart
    lab03.o(.text) refers to rt_cmsis.o(i.osKernelStart) for osKernelStart
    lab03.o(.constdata) refers to lab03.o(.bss) for os_mutex_cb_mutex_display
    lab03.o(.constdata) refers to lab03.o(.bss) for os_mutex_cb_mutex_frames
    lab03.o(.constdata) refers to lab03.o(.text) for timer_frames
    lab03.o(.constdata) refers to lab03.o(.bss) for os_timer_cb_frames
    lab03.o(.data) refers to lab03.o(.conststring) for .conststring
    buzzer.o(.text) refers to pwm.o(i.PWMClockSet) for PWMClockSet
    buzzer.o(.text) refers to pwm.o(i.PWMOutputState) for PWMOutputState
    buzzer.o(.text) refers to pwm.o(i.PWMGenPeriodGet) for PWMGenPeriodGet
    buzzer.o(.text) refers to pwm.o(i.PWMPulseWidthSet) for PWMPulseWidthSet
    buzzer.o(.text) refers to pwm.o(i.PWMGenPeriodSet) for PWMGenPeriodSet
    buzzer.o(.text) refers to sysctl.o(i.SysCtlPeripheralEnable) for SysCtlPeripheralEnable
    buzzer.o(.text) refers to sysctl.o(i.SysCtlPeripheralReady) for SysCtlPeripheralReady
    buzzer.o(.text) refers to gpio.o(i.GPIOPinTypePWM) for GPIOPinTypePWM
    buzzer.o(.text) refers to gpio.o(i.GPIOPinConfigure) for GPIOPinConfigure
    buzzer.o(.text) refers to pwm.o(i.PWMGenConfigure) for PWMGenConfigure
    buzzer.o(.text) refers to pwm.o(i.PWMOutputInvert) for PWMOutputInvert
    buzzer.o(.text) refers to pwm.o(i.PWMGenEnable) for PWMGenEnable
    buzzer.o(.text) refers to buzzer.o(.data) for .data
    accel.o(.text) refers to sysctl.o(i.SysCtlPeripheralEnable) for SysCtlPeripheralEnable
    accel.o(.text) refers to adc.o(i.ADCSequenceStepConfigure) for ADCSequenceStepConfigure
    accel.o(.text) refers to gpio.o(i.GPIOPinTypeADC) for GPIOPinTypeADC
    accel.o(.text) refers to adc.o(i.ADCSequenceConfigure) for ADCSequenceConfigure
    accel.o(.text) refers to adc.o(i.ADCSequenceEnable) for ADCSequenceEnable
    accel.o(.text) refers to adc.o(i.ADCIntClear) for ADCIntClear
    accel.o(.text) refers to adc.o(i.ADCProcessorTrigger) for ADCProcessorTrigger
[...]
    __Vectors_End                            0x00000200   Data           0  startup_tm4c129.o(RESET)
    __Vectors_Size                           0x00000200   Number         0  startup_tm4c129.o ABSOLUTE
    __main                                   0x00000201   Thumb Code     8  __main.o(!!!main)
    __scatterload                            0x00000209   Thumb Code     0  __scatter.o(!!!scatter)
    __scatterload_rt2                        0x00000209   Thumb Code    44  __scatter.o(!!!scatter)
    __scatterload_rt2_thumb_only             0x00000209   Thumb Code     0  __scatter.o(!!!scatter)
    __scatterload_null                       0x00000217   Thumb Code     0  __scatter.o(!!!scatter)
    __scatterload_copy                       0x0000023d   Thumb Code    26  __scatter_copy.o(!!handler_copy)
    __scatterload_zeroinit                   0x00000259   Thumb Code    28  __scatter_zi.o(!!handler_zi)
    __rt_lib_init                            0x00000275   Thumb Code     0  libinit.o(.ARM.Collect$$libinit$$00000000)
    __rt_lib_init_fp_1                       0x00000277   Thumb Code     0  libinit2.o(.ARM.Collect$$libinit$$00000001)
    __rt_lib_init_alloca_1                   0x0000027b   Thumb Code     0  libinit2.o(.ARM.Collect$$libinit$$0000002E)
    __rt_lib_init_argv_1                     0x0000027b   Thumb Code     0  libinit2.o(.ARM.Collect$$libinit$$0000002C)
    __rt_lib_init_atexit_1                   0x0000027b   Thumb Code     0  libinit2.o(.ARM.Collect$$libinit$$0000001B)
    __rt_lib_init_clock_1                    0x0000027b   Thumb Code     0  libinit2.o(.ARM.Collect$$libinit$$00000021)
    __rt_lib_init_cpp_1                      0x0000027b   Thumb Code     0  libinit2.o(.ARM.Collect$$libinit$$00000032)
    __rt_lib_init_exceptions_1               0x0000027b   Thumb Code     0  libinit2.o(.ARM.Collect$$libinit$$00000030)
    __rt_lib_init_fp_trap_1                  0x0000027b   Thumb Code     0  libinit2.o(.ARM.Collect$$libinit$$0000001F)
    __rt_lib_init_getenv_1                   0x0000027b   Thumb Code     0  libinit2.o(.ARM.Collect$$libinit$$00000023)
    __rt_lib_init_heap_1                     0x0000027b   Thumb Code     0  libinit2.o(.ARM.Collect$$libinit$$0000000A)
    __rt_lib_init_lc_collate_1               0x0000027b   Thumb Code     0  libinit2.o(.ARM.Collect$$libinit$$00000011)
    __rt_lib_init_lc_ctype_1                 0x0000027b   Thumb Code     0  libinit2.o(.ARM.Collect$$libinit$$00000013)
    __rt_lib_init_lc_monetary_1              0x0000027b   Thumb Code     0  libinit2.o(.ARM.Collect$$libinit$$00000015)
    __rt_lib_init_lc_numeric_1               0x0000027b   Thumb Code     0  libinit2.o(.ARM.Collect$$libinit$$00000017)
    __rt_lib_init_lc_time_1                  0x0000027b   Thumb Code     0  libinit2.o(.ARM.Collect$$libinit$$00000019)
    __rt_lib_init_preinit_1                  0x0000027b   Thumb Code     0  libinit2.o(.ARM.Collect$$libinit$$00000004)
    __rt_lib_init_rand_1                     0x0000027b   Thumb Code     0  libinit2.o(.ARM.Collect$$libinit$$0000000E)
    __rt_lib_init_return                     0x0000027b   Thumb Code     0  libinit2.o(.ARM.Collect$$libinit$$00000033)
    __rt_lib_init_signal_1                   0x0000027b   Thumb Code     0  libinit2.o(.ARM.Collect$$libinit$$0000001D)
    __rt_lib_init_stdio_1                    0x0000027b   Thumb Code     0  libinit2.o(.ARM.Collect$$libinit$$00000025)
    __rt_lib_init_user_alloc_1               0x0000027b   Thumb Code     0  libinit2.o(.ARM.Collect$$libinit$$0000000C)
    __rt_lib_shutdown                        0x0000027d   Thumb Code     0  libshutdown.o(.ARM.Collect$$libshutdown$$00000000)
    __rt_lib_shutdown_cpp_1                  0x0000027f   Thumb Code     0  libshutdown2.o(.ARM.Collect$$libshutdown$$00000002)
    __rt_lib_shutdown_fp_trap_1              0x0000027f   Thumb Code     0  libshutdown2.o(.ARM.Collect$$libshutdown$$00000007)
    __rt_lib_shutdown_heap_1                 0x0000027f   Thumb Code     0  libshutdown2.o(.ARM.Collect$$libshutdown$$0000000F)
    __rt_lib_shutdown_return                 0x0000027f   Thumb Code     0  libshutdown2.o(.ARM.Collect$$libshutdown$$00000010)
    __rt_lib_shutdown_signal_1               0x0000027f   Thumb Code     0  libshutdown2.o(.ARM.Collect$$libshutdown$$0000000A)
    __rt_lib_shutdown_stdio_1                0x0000027f   Thumb Code     0  libshutdown2.o(.ARM.Collect$$libshutdown$$00000004)
    __rt_lib_shutdown_user_alloc_1           0x0000027f   Thumb Code     0  libshutdown2.o(.ARM.Collect$$libshutdown$$0000000C)
    __rt_entry                               0x00000281   Thumb Code     0  __rtentry.o(.ARM.Collect$$rtentry$$00000000)
    __rt_entry_presh_1                       0x00000281   Thumb Code     0  __rtentry2.o(.ARM.Collect$$rtentry$$00000002)
    __rt_entry_sh                            0x00000281   Thumb Code     0  __rtentry4.o(.ARM.Collect$$rtentry$$00000004)
    __rt_entry_li                            0x00000287   Thumb Code     0  __rtentry2.o(.ARM.Collect$$rtentry$$0000000A)
    __rt_entry_postsh_1                      0x00000287   Thumb Code     0  __rtentry2.o(.ARM.Collect$$rtentry$$00000009)
    __rt_entry_postli_1                      0x0000028b   Thumb Code     0  __rtentry2.o(.ARM.Collect$$rtentry$$0000000B)
    __rt_entry_main                          0x00000293   Thumb Code     0  __rtentry2.o(.ARM.Collect$$rtentry$$0000000D)
    __rt_exit                                0x0000029b   Thumb Code     0  rtexit.o(.ARM.Collect$$rtexit$$00000000)
    __rt_exit_ls                             0x0000029d   Thumb Code     0  rtexit2.o(.ARM.Collect$$rtexit$$00000003)
    __rt_exit_prels_1                        0x0000029d   Thumb Code     0  rtexit2.o(.ARM.Collect$$rtexit$$00000002)
    __rt_exit_exit                           0x000002a1   Thumb Code     0  rtexit2.o(.ARM.Collect$$rtexit$$00000004)
    _platform_post_lib_init                  0x000002a9   Thumb Code    24  rtx_conf_cm.o(.emb_text)
    rt_set_PSP                               0x000002c5   Thumb Code     6  hal_cm4.o(.emb_text)
    rt_get_PSP                               0x000002cb   Thumb Code     6  hal_cm4.o(.emb_text)
    os_set_env                               0x000002d1   Thumb Code    24  hal_cm4.o(.emb_text)
    _alloc_box                               0x000002ed   Thumb Code    28  hal_cm4.o(.emb_text)
    _free_box                                0x0000030d   Thumb Code    28  hal_cm4.o(.emb_text)
    SVC_Handler                              0x0000032d   Thumb Code   168  hal_cm4.o(.emb_text)
    PendSV_Handler                           0x000003e5   Thumb Code    96  hal_cm4.o(.emb_text)
    SysTick_Handler                          0x00000449   Thumb Code     8  hal_cm4.o(.emb_text)
    OS_Tick_Handler                          0x00000451   Thumb Code    12  hal_cm4.o(.emb_text)
    Init_Thread                              0x0000045d   Thumb Code   288  lab03.o(.text)
    __RL_RTX_VER                             0x00000482   Number         0  rt_system.o ABSOLUTE
    init_all                                 0x00000643   Thumb Code    22  lab03.o(.text)
    draw_pixel                               0x00000659   Thumb Code    60  lab03.o(.text)
    draw_circle                              0x00000695   Thumb Code    40  lab03.o(.text)
    fill_circle                              0x000006bd   Thumb Code    42  lab03.o(.text)
    clear                                    0x000006e7   Thumb Code    86  lab03.o(.text)
    saturate                                 0x0000073d   Thumb Code   114  lab03.o(.text)
    somPulo                                  0x000007af   Thumb Code   104  lab03.o(.text)
    somSubirEscada                           0x00000817   Thumb Code   142  lab03.o(.text)
    somFimGame                               0x000008a5   Thumb Code   238  lab03.o(.text)
    imprimeBackground                        0x00000993   Thumb Code    76  lab03.o(.text)
    imprimeEddie                             0x000009df   Thumb Code   236  lab03.o(.text)
    apagaEddie                               0x00000acb   Thumb Code   152  lab03.o(.text)
    apagaEscada                              0x00000b63   Thumb Code    64  lab03.o(.text)
    imprimeEscada                            0x00000ba3   Thumb Code   116  lab03.o(.text)
    imprimeEscadas                           0x00000c17   Thumb Code    30  lab03.o(.text)
    apagaChefao                              0x00000c35   Thumb Code    66  lab03.o(.text)
    imprimeChefao                            0x00000c77   Thumb Code   122  lab03.o(.text)
    apagaInimigo                             0x00000cf1   Thumb Code    64  lab03.o(.text)
    imprimeInimigo                           0x00000d31   Thumb Code   160  lab03.o(.text)
    apagaItem                                0x00000dd1   Thumb Code    64  lab03.o(.text)
    imprimeItem                              0x00000e11   Thumb Code   116  lab03.o(.text)
    leituraJoystick                          0x00000e85   Thumb Code   232  lab03.o(.text)
    leituraBotao                             0x00000f6d   Thumb Code    54  lab03.o(.text)
    movimentaEddie                           0x00000fa3   Thumb Code   628  lab03.o(.text)
    movimentaChefao                          0x00001217   Thumb Code    92  lab03.o(.text)
    movimentaInimigo0                        0x00001273   Thumb Code   106  lab03.o(.text)
    movimentaInimigo1                        0x000012dd   Thumb Code   110  lab03.o(.text)
    movimentaInimigo2                        0x0000134b   Thumb Code   110  lab03.o(.text)
    movimentaInimigo3                        0x000013b9   Thumb Code   110  lab03.o(.text)
    movimentaItem0                           0x00001427   Thumb Code   102  lab03.o(.text)
    movimentaItem1                           0x0000148d   Thumb Code   102  lab03.o(.text)
    inicializaPontuacao                      0x000014f3   Thumb Code    92  lab03.o(.text)
    imprimePontuacao                         0x0000154f   Thumb Code   590  lab03.o(.text)
    apagaPontuacao                           0x0000179d   Thumb Code   118  lab03.o(.text)
    timer_frames                             0x00001813   Thumb Code   104  lab03.o(.text)
    gameStart                                0x0000187b   Thumb Code   350  lab03.o(.text)
    main                                     0x000019d9   Thumb Code    28  lab03.o(.text)
    buzzer_write                             0x00001a55   Thumb Code    14  buzzer.o(.text)
    buzzer_vol_set                           0x00001a63   Thumb Code    54  buzzer.o(.text)
    buzzer_per_set                           0x00001a99   Thumb Code    48  buzzer.o(.text)
    buzzer_init                              0x00001ac9   Thumb Code   120  buzzer.o(.text)
    button_init                              0x00001b5d   Thumb Code    42  buttons.o(.text)
    button_read_s1                           0x00001b87   Thumb Code    20  buttons.o(.text)
    button_read_s2                           0x00001b9b   Thumb Code    20  buttons.o(.text)
    cfaf128x128x16Rect                       0x00001d49   Thumb Code   100  cfaf128x128x16.o(.text)
    cfaf128x128x16LineVer                    0x00001dad   Thumb Code    22  cfaf128x128x16.o(.text)
    cfaf128x128x16LineHor                    0x00001dc3   Thumb Code    16  cfaf128x128x16.o(.text)
    cfaf128x128x16Dot                        0x00001dd3   Thumb Code    22  cfaf128x128x16.o(.text)
    cfaf128x128x16SetOrientation             0x0000202d   Thumb Code    70  cfaf128x128x16.o(.text)
    cfaf128x128x16ClearColor                 0x00002073   Thumb Code    36  cfaf128x128x16.o(.text)
    cfaf128x128x16Clear                      0x00002097   Thumb Code     4  cfaf128x128x16.o(.text)
    InitSSICom                               0x0000209b   Thumb Code   138  cfaf128x128x16.o(.text)
    cfaf128x128x16Init                       0x00002125   Thumb Code   322  cfaf128x128x16.o(.text)
    joy_init                                 0x000022b5   Thumb Code    46  joy.o(.text)
    joy_read_center                          0x0000234b   Thumb Code    20  joy.o(.text)
    joy_read_x                               0x0000235f   Thumb Code     8  joy.o(.text)
    joy_read_y                               0x00002367   Thumb Code     8  joy.o(.text)
    os_idle_demon                            0x00002385   Thumb Code     2  rtx_conf_cm.o(.text)
    os_error                                 0x00002387   Thumb Code     2  rtx_conf_cm.o(.text)
    __user_perthread_libspace                0x00002389   Thumb Code    32  rtx_conf_cm.o(.text)
    _mutex_initialize                        0x000023a9   Thumb Code    34  rtx_conf_cm.o(.text)
    _mutex_acquire                           0x000023cb   Thumb Code    22  rtx_conf_cm.o(.text)
    _mutex_release                           0x000023e1   Thumb Code    18  rtx_conf_cm.o(.text)
    Reset_Handler                            0x00002411   Thumb Code     8  startup_tm4c129.o(.text)
    NMI_Handler                              0x00002419   Thumb Code     2  startup_tm4c129.o(.text)
    HardFault_Handler                        0x0000241b   Thumb Code     2  startup_tm4c129.o(.text)
    MemManage_Handler                        0x0000241d   Thumb Code     2  startup_tm4c129.o(.text)
    BusFault_Handler                         0x0000241f   Thumb Code     2  startup_tm4c129.o(.text)
    UsageFault_Handler                       0x00002421   Thumb Code     2  startup_tm4c129.o(.text)
    DebugMon_Handler                         0x00002425   Thumb Code     2  startup_tm4c129.o(.text)
    GPIOA_Handler                            0x0000242b   Thumb Code     2  startup_tm4c129.o(.text)
    GPIOB_Handler                            0x0000242d   Thumb Code     2  startup_tm4c129.o(.text)
    GPIOC_Handler                            0x0000242f   Thumb Code     2  startup_tm4c129.o(.text)
    GPIOD_Handler                            0x00002431   Thumb Code     2  startup_tm4c129.o(.text)
    GPIOE_Handler                            0x00002433   Thumb Code     2  startup_tm4c129.o(.text)
    UART0_Handler                            0x00002435   Thumb Code     2  startup_tm4c129.o(.text)
    UART1_Handler                            0x00002437   Thumb Code     2  startup_tm4c129.o(.text)
    SSI0_Handler                             0x00002439   Thumb Code     2  startup_tm4c129.o(.text)
    I2C0_Handler                             0x0000243b   Thumb Code     2  startup_tm4c129.o(.text)
    PMW0_FAULT_Handler                       0x0000243d   Thumb Code     2  startup_tm4c129.o(.text)
    PWM0_0_Handler                           0x0000243f   Thumb Code     2  startup_tm4c129.o(.text)
    PWM0_1_Handler                           0x00002441   Thumb Code     2  startup_tm4c129.o(.text)
    PWM0_2_Handler                           0x00002443   Thumb Code     2  startup_tm4c129.o(.text)
    QEI0_Handler                             0x00002445   Thumb Code     2  startup_tm4c129.o(.text)
    ADC0SS0_Handler                          0x00002447   Thumb Code     2  startup_tm4c129.o(.text)
    ADC0SS1_Handler                          0x00002449   Thumb Code     2  startup_tm4c129.o(.text)
    ADC0SS2_Handler                          0x0000244b   Thumb Code     2  startup_tm4c129.o(.text)
    ADC0SS3_Handler                          0x0000244d   Thumb Code     2  startup_tm4c129.o(.text)
    WDT0_Handler                             0x0000244f   Thumb Code     2  startup_tm4c129.o(.text)
    TIMER0A_Handler                          0x00002451   Thumb Code     2  startup_tm4c129.o(.text)
    TIMER0B_Handler                          0x00002453   Thumb Code     2  startup_tm4c129.o(.text)
    TIMER1A_Handler                          0x00002455   Thumb Code     2  startup_tm4c129.o(.text)
    TIMER1B_Handler                          0x00002457   Thumb Code     2  startup_tm4c129.o(.text)
    TIMER2A_Handler                          0x00002459   Thumb Code     2  startup_tm4c129.o(.text)
    TIMER2B_Handler                          0x0000245b   Thumb Code     2  startup_tm4c129.o(.text)
    COMP0_Handler                            0x0000245d   Thumb Code     2  startup_tm4c129.o(.text)
    COMP1_Handler                            0x0000245f   Thumb Code     2  startup_tm4c129.o(.text)
    COMP2_Handler                            0x00002461   Thumb Code     2  startup_tm4c129.o(.text)
    SYSCTL_Handler                           0x00002463   Thumb Code     2  startup_tm4c129.o(.text)
    FLASH_Handler                            0x00002465   Thumb Code     2  startup_tm4c129.o(.text)
    GPIOF_Handler                            0x00002467   Thumb Code     2  startup_tm4c129.o(.text)
    GPIOG_Handler                            0x00002469   Thumb Code     2  startup_tm4c129.o(.text)
    GPIOH_Handler                            0x0000246b   Thumb Code     2  startup_tm4c129.o(.text)
    UART2_Handler                            0x0000246d   Thumb Code     2  startup_tm4c129.o(.text)
    SSI1_Handler                             0x0000246f   Thumb Code     2  startup_tm4c129.o(.text)
    TIMER3A_Handler                          0x00002471   Thumb Code     2  startup_tm4c129.o(.text)
    TIMER3B_Handler                          0x00002473   Thumb Code     2  startup_tm4c129.o(.text)
    I2C1_Handler                             0x00002475   Thumb Code     2  startup_tm4c129.o(.text)
    CAN0_Handler                             0x00002477   Thumb Code     2  startup_tm4c129.o(.text)
    CAN1_Handler                             0x00002479   Thumb Code     2  startup_tm4c129.o(.text)
    ETH_Handler                              0x0000247b   Thumb Code     2  startup_tm4c129.o(.text)
    HIB_Handler                              0x0000247d   Thumb Code     2  startup_tm4c129.o(.text)
    USB0_Handler                             0x0000247f   Thumb Code     2  startup_tm4c129.o(.text)
    PWM0_3_Handler                           0x00002481   Thumb Code     2  startup_tm4c129.o(.text)
    UDMA_Handler                             0x00002483   Thumb Code     2  startup_tm4c129.o(.text)
    UDMAERR_Handler                          0x00002485   Thumb Code     2  startup_tm4c129.o(.text)
    ADC1SS0_Handler                          0x00002487   Thumb Code     2  startup_tm4c129.o(.text)
    ADC1SS1_Handler                          0x00002489   Thumb Code     2  startup_tm4c129.o(.text)
    ADC1SS2_Handler                          0x0000248b   Thumb Code     2  startup_tm4c129.o(.text)
    ADC1SS3_Handler                          0x0000248d   Thumb Code     2  startup_tm4c129.o(.text)
    EBI0_Handler                             0x0000248f   Thumb Code     2  startup_tm4c129.o(.text)
    GPIOJ_Handler                            0x00002491   Thumb Code     2  startup_tm4c129.o(.text)
    GPIOK_Handler                            0x00002493   Thumb Code     2  startup_tm4c129.o(.text)
    GPIOL_Handler                            0x00002495   Thumb Code     2  startup_tm4c129.o(.text)
    SSI2_Handler                             0x00002497   Thumb Code     2  startup_tm4c129.o(.text)
    SSI3_Handler                             0x00002499   Thumb Code     2  startup_tm4c129.o(.text)
    UART3_Handler                            0x0000249b   Thumb Code     2  startup_tm4c129.o(.text)
    UART4_Handler                            0x0000249d   Thumb Code     2  startup_tm4c129.o(.text)
    UART5_Handler                            0x0000249f   Thumb Code     2  startup_tm4c129.o(.text)
    UART6_Handler                            0x000024a1   Thumb Code     2  startup_tm4c129.o(.text)
    UART7_Handler                            0x000024a3   Thumb Code     2  startup_tm4c129.o(.text)
    I2C2_Handler                             0x000024a5   Thumb Code     2  startup_tm4c129.o(.text)
    I2C3_Handler                             0x000024a7   Thumb Code     2  startup_tm4c129.o(.text)
    TIMER4A_Handler                          0x000024a9   Thumb Code     2  startup_tm4c129.o(.text)
    TIMER4B_Handler                          0x000024ab   Thumb Code     2  startup_tm4c129.o(.text)
    TIMER5A_Handler                          0x000024ad   Thumb Code     2  startup_tm4c129.o(.text)
    TIMER5B_Handler                          0x000024af   Thumb Code     2  startup_tm4c129.o(.text)
    WTIMER0A_Handler                         0x000024b1   Thumb Code     2  startup_tm4c129.o(.text)
    WTIMER0B_Handler                         0x000024b3   Thumb Code     2  startup_tm4c129.o(.text)
    WTIMER1A_Handler                         0x000024b5   Thumb Code     2  startup_tm4c129.o(.text)
    WTIMER1B_Handler                         0x000024b7   Thumb Code     2  startup_tm4c129.o(.text)
    WTIMER2A_Handler                         0x000024b9   Thumb Code     2  startup_tm4c129.o(.text)
    WTIMER2B_Handler                         0x000024bb   Thumb Code     2  startup_tm4c129.o(.text)
    WTIMER3A_Handler                         0x000024bd   Thumb Code     2  startup_tm4c129.o(.text)
    WTIMER3B_Handler                         0x000024bf   Thumb Code     2  startup_tm4c129.o(.text)
    WTIMER4A_Handler                         0x000024c1   Thumb Code     2  startup_tm4c129.o(.text)
    WTIMER4B_Handler                         0x000024c3   Thumb Code     2  startup_tm4c129.o(.text)
    WTIMER5A_Handler                         0x000024c5   Thumb Code     2  startup_tm4c129.o(.text)
    WTIMER5B_Handler                         0x000024c7   Thumb Code     2  startup_tm4c129.o(.text)
    FPU_Handler                              0x000024c9   Thumb Code     2  startup_tm4c129.o(.text)
    I2C4_Handler                             0x000024cb   Thumb Code     2  startup_tm4c129.o(.text)
    I2C5_Handler                             0x000024cd   Thumb Code     2  startup_tm4c129.o(.text)
    GPIOM_Handler                            0x000024cf   Thumb Code     2  startup_tm4c129.o(.text)
    GPION_Handler                            0x000024d1   Thumb Code     2  startup_tm4c129.o(.text)
    TAMPER_Handler                           0x000024d3   Thumb Code     2  startup_tm4c129.o(.text)
    GPIOP0_Handler                           0x000024d5   Thumb Code     2  startup_tm4c129.o(.text)
    GPIOP1_Handler                           0x000024d7   Thumb Code     2  startup_tm4c129.o(.text)
    GPIOP2_Handler                           0x000024d9   Thumb Code     2  startup_tm4c129.o(.text)
    GPIOP3_Handler                           0x000024db   Thumb Code     2  startup_tm4c129.o(.text)
    GPIOP4_Handler                           0x000024dd   Thumb Code     2  startup_tm4c129.o(.text)
    GPIOP5_Handler                           0x000024df   Thumb Code     2  startup_tm4c129.o(.text)
    GPIOP6_Handler                           0x000024e1   Thumb Code     2  startup_tm4c129.o(.text)
    GPIOP7_Handler                           0x000024e3   Thumb Code     2  startup_tm4c129.o(.text)
    GPIOQ0_Handler                           0x000024e5   Thumb Code     2  startup_tm4c129.o(.text)
    GPIOQ1_Handler                           0x000024e7   Thumb Code     2  startup_tm4c129.o(.text)
    GPIOQ2_Handler                           0x000024e9   Thumb Code     2  startup_tm4c129.o(.text)
    GPIOQ3_Handler                           0x000024eb   Thumb Code     2  startup_tm4c129.o(.text)
    GPIOQ4_Handler                           0x000024ed   Thumb Code     2  startup_tm4c129.o(.text)
    GPIOQ5_Handler                           0x000024ef   Thumb Code     2  startup_tm4c129.o(.text)
    GPIOQ6_Handler                           0x000024f1   Thumb Code     2  startup_tm4c129.o(.text)
    GPIOQ7_Handler                           0x000024f3   Thumb Code     2  startup_tm4c129.o(.text)
    GPIOR_Handler                            0x000024f5   Thumb Code     2  startup_tm4c129.o(.text)
    GPIOS_Handler                            0x000024f7   Thumb Code     2  startup_tm4c129.o(.text)
    SHAMD5_Handler                           0x000024f9   Thumb Code     2  startup_tm4c129.o(.text)
    AES_Handler                              0x000024fb   Thumb Code     2  startup_tm4c129.o(.text)
    DES3DES_Handler                          0x000024fd   Thumb Code     2  startup_tm4c129.o(.text)
    LCDCONTROLLER_Handler                    0x000024ff   Thumb Code     2  startup_tm4c129.o(.text)
    TIMER6A_Handler                          0x00002501   Thumb Code     2  startup_tm4c129.o(.text)
    TIMER6B_Handler                          0x00002503   Thumb Code     2  startup_tm4c129.o(.text)
    TIMER7A_Handler                          0x00002505   Thumb Code     2  startup_tm4c129.o(.text)
    TIMER7B_Handler                          0x00002507   Thumb Code     2  startup_tm4c129.o(.text)
    I2C6_Handler                             0x00002509   Thumb Code     2  startup_tm4c129.o(.text)
    I2C7_Handler                             0x0000250b   Thumb Code     2  startup_tm4c129.o(.text)
    HIMSCANKEYBOARD_Handler                  0x0000250d   Thumb Code     2  startup_tm4c129.o(.text)
    ONEWIRE_Handler                          0x0000250f   Thumb Code     2  startup_tm4c129.o(.text)
    HIMPS2_Handler                           0x00002511   Thumb Code     2  startup_tm4c129.o(.text)
    HIMLEDSEQUENCER_Handler                  0x00002513   Thumb Code     2  startup_tm4c129.o(.text)
    HIMCONSUMERIR_Handler                    0x00002515   Thumb Code     2  startup_tm4c129.o(.text)
    I2C8_Handler                             0x00002517   Thumb Code     2  startup_tm4c129.o(.text)
    I2C9_Handler                             0x00002519   Thumb Code     2  startup_tm4c129.o(.text)
    GPIOT_Handler                            0x0000251b   Thumb Code     2  startup_tm4c129.o(.text)
    __user_initial_stackheap                 0x0000251d   Thumb Code     0  startup_tm4c129.o(.text)
    SystemCoreClockUpdate                    0x0000253d   Thumb Code     8  system_tm4c129.o(.text)
    SystemInit                               0x00002545   Thumb Code    18  system_tm4c129.o(.text)
    __user_libspace                          0x00002565   Thumb Code     8  libspace.o(.text)
    __user_perproc_libspace                  0x00002565   Thumb Code     0  libspace.o(.text)
    __aeabi_uldivmod                         0x0000256d   Thumb Code     0  lludivv7m.o(.text)
    _ll_udiv                                 0x0000256d   Thumb Code   238  lludivv7m.o(.text)
    __aeabi_ldivmod                          0x0000265b   Thumb Code     0  llsdiv.o(.text)
    _ll_sdiv                                 0x0000265b   Thumb Code    72  llsdiv.o(.text)
    exit                                     0x000026a3   Thumb Code    18  exit.o(.text)
    __use_two_region_memory                  0x000026b5   Thumb Code     2  heapauxi.o(.text)
    __rt_heap_escrow$2region                 0x000026b7   Thumb Code     2  heapauxi.o(.text)
    __rt_heap_expand$2region                 0x000026b9   Thumb Code     2  heapauxi.o(.text)
    _sys_exit                                0x000026bd   Thumb Code     8  sys_exit.o(.text)
    __user_setup_stackheap                   0x000026c9   Thumb Code    74  sys_stackheap_outer.o(.text)
    __I$use$semihosting                      0x00002713   Thumb Code     0  use_no_semi.o(.text)
    __use_no_semihosting_swi                 0x00002713   Thumb Code     2  use_no_semi.o(.text)
    SVC_Count                                0x00002714   Data           4  svc_table.o(SVC_TABLE)
    __semihosting_library_function           0x00002715   Thumb Code     0  indicate_semi.o(.text)
    ADCIntClear                              0x00002719   Thumb Code    10  adc.o(i.ADCIntClear)
    SVC_Table                                0x00002718   Data           0  svc_table.o(SVC_TABLE)
    ADCIntStatus                             0x00002723   Thumb Code    52  adc.o(i.ADCIntStatus)
    ADCProcessorTrigger                      0x00002757   Thumb Code    26  adc.o(i.ADCProcessorTrigger)
    ADCSequenceConfigure                     0x00002771   Thumb Code    96  adc.o(i.ADCSequenceConfigure)
    ADCSequenceDataGet                       0x000027d1   Thumb Code    36  adc.o(i.ADCSequenceDataGet)
    ADCSequenceEnable                        0x000027f5   Thumb Code    14  adc.o(i.ADCSequenceEnable)
    ADCSequenceStepConfigure                 0x00002803   Thumb Code   154  adc.o(i.ADCSequenceStepConfigure)
    GPIODirModeSet                           0x0000289d   Thumb Code    40  gpio.o(i.GPIODirModeSet)
    GPIOPadConfigSet                         0x000028c5   Thumb Code   312  gpio.o(i.GPIOPadConfigSet)
    GPIOPinConfigure                         0x000029fd   Thumb Code    60  gpio.o(i.GPIOPinConfigure)
    GPIOPinRead                              0x00002a41   Thumb Code     6  gpio.o(i.GPIOPinRead)
    GPIOPinTypeADC                           0x00002a47   Thumb Code    28  gpio.o(i.GPIOPinTypeADC)
    GPIOPinTypeGPIOInput                     0x00002a63   Thumb Code    28  gpio.o(i.GPIOPinTypeGPIOInput)
    GPIOPinTypePWM                           0x00002a7f   Thumb Code    28  gpio.o(i.GPIOPinTypePWM)
    GrCircleDraw                             0x00002a9b   Thumb Code   514  circle.o(i.GrCircleDraw)
    GrCircleFill                             0x00002c9d   Thumb Code   294  circle.o(i.GrCircleFill)
    GrContextFontSet                         0x00002dc3   Thumb Code     6  string.o(i.GrContextFontSet)
    GrContextInit                            0x00002dc9   Thumb Code    88  context.o(i.GrContextInit)
    GrDefaultStringRenderer                  0x00002e2d   Thumb Code   280  string.o(i.GrDefaultStringRenderer)
    GrFontGlyphDataGet                       0x00002f45   Thumb Code   166  string.o(i.GrFontGlyphDataGet)
    GrFontGlyphRender                        0x00002feb   Thumb Code   648  string.o(i.GrFontGlyphRender)
    GrLineDrawH                              0x00003273   Thumb Code    76  line.o(i.GrLineDrawH)
    GrMapISO8859_1_Unicode                   0x000032bf   Thumb Code     8  charmap.o(i.GrMapISO8859_1_Unicode)
    GrRectFill                               0x000032c7   Thumb Code   180  rectangle.o(i.GrRectFill)
    PWMClockSet                              0x0000337b   Thumb Code    20  pwm.o(i.PWMClockSet)
    PWMGenConfigure                          0x0000338f   Thumb Code    38  pwm.o(i.PWMGenConfigure)
    PWMGenEnable                             0x000033b5   Thumb Code    10  pwm.o(i.PWMGenEnable)
    PWMGenPeriodGet                          0x000033bf   Thumb Code    18  pwm.o(i.PWMGenPeriodGet)
    PWMGenPeriodSet                          0x000033d1   Thumb Code    18  pwm.o(i.PWMGenPeriodSet)
    PWMOutputInvert                          0x000033e3   Thumb Code    16  pwm.o(i.PWMOutputInvert)
    PWMOutputState                           0x000033f3   Thumb Code    16  pwm.o(i.PWMOutputState)
    PWMPulseWidthSet                         0x00003403   Thumb Code    32  pwm.o(i.PWMPulseWidthSet)
    SysCtlClockFreqSet                       0x00003425   Thumb Code   706  sysctl.o(i.SysCtlClockFreqSet)
    SysCtlPeripheralEnable                   0x00003711   Thumb Code    36  sysctl.o(i.SysCtlPeripheralEnable)
    SysCtlPeripheralReady                    0x00003739   Thumb Code    40  sysctl.o(i.SysCtlPeripheralReady)
    _init_box                                0x000037d1   Thumb Code    70  rt_membox.o(i._init_box)
    dbg_init                                 0x00003819   Thumb Code    34  hal_cm.o(i.dbg_init)
    dbg_task_notify                          0x00003849   Thumb Code    32  hal_cm.o(i.dbg_task_notify)
    dbg_task_switch                          0x00003869   Thumb Code    16  hal_cm.o(i.dbg_task_switch)
    isrMessageGet                            0x00003879   Thumb Code    42  rt_cmsis.o(i.isrMessageGet)
    isrMessagePut                            0x000038a3   Thumb Code    44  rt_cmsis.o(i.isrMessagePut)
    isrSignalSet                             0x000038cf   Thumb Code    36  rt_cmsis.o(i.isrSignalSet)
    isr_evt_set                              0x000038f5   Thumb Code    34  rt_event.o(i.isr_evt_set)
    isr_mbx_receive                          0x0000391d   Thumb Code    86  rt_mailbox.o(i.isr_mbx_receive)
    isr_mbx_send                             0x00003973   Thumb Code    14  rt_mailbox.o(i.isr_mbx_send)
    osDelay                                  0x00003981   Thumb Code    18  rt_cmsis.o(i.osDelay)
    osKernelInitialize                       0x00003999   Thumb Code    30  rt_cmsis.o(i.osKernelInitialize)
    osKernelStart                            0x000039bd   Thumb Code    98  rt_cmsis.o(i.osKernelStart)
    osMessageGet                             0x00003a29   Thumb Code    18  rt_cmsis.o(i.osMessageGet)
    osMutexCreate                            0x00003a41   Thumb Code    36  rt_cmsis.o(i.osMutexCreate)
    osMutexRelease                           0x00003a6d   Thumb Code    18  rt_cmsis.o(i.osMutexRelease)
    osMutexWait                              0x00003a85   Thumb Code    18  rt_cmsis.o(i.osMutexWait)
    osSignalClear                            0x00003a9d   Thumb Code    20  rt_cmsis.o(i.osSignalClear)
    osSignalSet                              0x00003ab5   Thumb Code    18  rt_cmsis.o(i.osSignalSet)
    osSignalWait                             0x00003acd   Thumb Code    18  rt_cmsis.o(i.osSignalWait)
    osThreadCreate                           0x00003ae5   Thumb Code    36  rt_cmsis.o(i.osThreadCreate)
    osThreadExit                             0x00003b11   Thumb Code    14  rt_cmsis.o(i.osThreadExit)
    osTimerCall                              0x00003b29   Thumb Code     8  rt_cmsis.o(i.osTimerCall)
    osTimerCreate                            0x00003b35   Thumb Code    36  rt_cmsis.o(i.osTimerCreate)
    osTimerStart                             0x00003b61   Thumb Code    18  rt_cmsis.o(i.osTimerStart)
    osTimerThread                            0x00003b79   Thumb Code    38  rt_cmsis.o(i.osTimerThread)
    os_tick_init                             0x00003ba5   Thumb Code    32  rt_system.o(i.os_tick_init)
    os_tick_irqack                           0x00003bcd   Thumb Code     2  rt_system.o(i.os_tick_irqack)
    rt_alloc_box                             0x00003bcf   Thumb Code    26  rt_membox.o(i.rt_alloc_box)
    rt_alloc_mem                             0x00003be9   Thumb Code    62  rt_memory.o(i.rt_alloc_mem)
    rt_block                                 0x00003c29   Thumb Code    48  rt_task.o(i.rt_block)
    rt_chk_robin                             0x00003c61   Thumb Code    60  rt_robin.o(i.rt_chk_robin)
    rt_dec_dly                               0x00003ca9   Thumb Code   102  rt_list.o(i.rt_dec_dly)
    rt_dispatch                              0x00003d19   Thumb Code    60  rt_task.o(i.rt_dispatch)
    rt_dly_wait                              0x00003d5d   Thumb Code     6  rt_time.o(i.rt_dly_wait)
    rt_evt_clr                               0x00003d65   Thumb Code    22  rt_event.o(i.rt_evt_clr)
    rt_evt_psh                               0x00003d81   Thumb Code    76  rt_event.o(i.rt_evt_psh)
    rt_evt_set                               0x00003dd1   Thumb Code    88  rt_event.o(i.rt_evt_set)
    rt_evt_wait                              0x00003e2d   Thumb Code    56  rt_event.o(i.rt_evt_wait)
    rt_free_box                              0x00003e69   Thumb Code    44  rt_membox.o(i.rt_free_box)
    rt_free_mem                              0x00003e95   Thumb Code    40  rt_memory.o(i.rt_free_mem)
    rt_get_first                             0x00003ebd   Thumb Code    40  rt_list.o(i.rt_get_first)
    rt_init_mem                              0x00003f35   Thumb Code    26  rt_memory.o(i.rt_init_mem)
    rt_init_robin                            0x00003f51   Thumb Code    14  rt_robin.o(i.rt_init_robin)
    rt_init_stack                            0x00003f69   Thumb Code   118  hal_cm.o(i.rt_init_stack)
    rt_mbx_check                             0x00003fe9   Thumb Code     8  rt_mailbox.o(i.rt_mbx_check)
    rt_mbx_init                              0x00003ff1   Thumb Code    26  rt_mailbox.o(i.rt_mbx_init)
    rt_mbx_psh                               0x0000400d   Thumb Code   236  rt_mailbox.o(i.rt_mbx_psh)
    rt_mbx_wait                              0x000040fd   Thumb Code   174  rt_mailbox.o(i.rt_mbx_wait)
    rt_mut_init                              0x000041f5   Thumb Code    16  rt_mutex.o(i.rt_mut_init)
    rt_mut_release                           0x00004205   Thumb Code   208  rt_mutex.o(i.rt_mut_release)
    rt_mut_wait                              0x000042dd   Thumb Code   114  rt_mutex.o(i.rt_mut_wait)
    rt_pop_req                               0x00004355   Thumb Code   112  rt_system.o(i.rt_pop_req)
    rt_psh_req                               0x000043d1   Thumb Code    22  rt_system.o(i.rt_psh_req)
    rt_psq_enq                               0x000043f1   Thumb Code    88  rt_list.o(i.rt_psq_enq)
    rt_put_dly                               0x0000444d   Thumb Code    68  rt_list.o(i.rt_put_dly)
    rt_put_prio                              0x00004495   Thumb Code    54  rt_list.o(i.rt_put_prio)
    rt_put_rdy_first                         0x000044cd   Thumb Code    14  rt_list.o(i.rt_put_rdy_first)
    rt_resort_prio                           0x000044e1   Thumb Code    46  rt_list.o(i.rt_resort_prio)
    rt_ret_val                               0x00004525   Thumb Code    12  hal_cm.o(i.rt_ret_val)
    rt_ret_val2                              0x00004531   Thumb Code    16  hal_cm.o(i.rt_ret_val2)
    rt_rmv_dly                               0x00004541   Thumb Code    40  rt_list.o(i.rt_rmv_dly)
    rt_rmv_list                              0x00004569   Thumb Code    44  rt_list.o(i.rt_rmv_list)
    rt_sem_psh                               0x00004599   Thumb Code    48  rt_semaphore.o(i.rt_sem_psh)
    rt_stk_check                             0x000045cd   Thumb Code    28  rt_system.o(i.rt_stk_check)
    rt_switch_req                            0x000045f1   Thumb Code    30  rt_task.o(i.rt_switch_req)
    rt_sys_init                              0x00004619   Thumb Code   138  rt_task.o(i.rt_sys_init)
    rt_sys_start                             0x000046e5   Thumb Code   110  rt_task.o(i.rt_sys_start)
    rt_systick                               0x0000475d   Thumb Code    50  rt_system.o(i.rt_systick)
    rt_tsk_create                            0x00004821   Thumb Code   118  rt_task.o(i.rt_tsk_create)
    rt_tsk_delete                            0x000048a9   Thumb Code   352  rt_task.o(i.rt_tsk_delete)
    rt_tsk_prio                              0x00004a25   Thumb Code   108  rt_task.o(i.rt_tsk_prio)
    rt_tsk_self                              0x00004aa1   Thumb Code    12  rt_task.o(i.rt_tsk_self)
    svcDelay                                 0x00004ab1   Thumb Code    18  rt_cmsis.o(i.svcDelay)
    svcKernelInitialize                      0x00004ac5   Thumb Code    80  rt_cmsis.o(i.svcKernelInitialize)
    svcKernelStart                           0x00004b35   Thumb Code    62  rt_cmsis.o(i.svcKernelStart)
    svcMessageCreate                         0x00004b7d   Thumb Code    36  rt_cmsis.o(i.svcMessageCreate)
    svcMessageGet                            0x00004ba1   Thumb Code    58  rt_cmsis.o(i.svcMessageGet)
    svcMutexCreate                           0x00004bdb   Thumb Code    28  rt_cmsis.o(i.svcMutexCreate)
    svcMutexRelease                          0x00004bf7   Thumb Code    34  rt_cmsis.o(i.svcMutexRelease)
    svcMutexWait                             0x00004c19   Thumb Code    58  rt_cmsis.o(i.svcMutexWait)
    svcSignalClear                           0x00004c53   Thumb Code    36  rt_cmsis.o(i.svcSignalClear)
    svcSignalSet                             0x00004c77   Thumb Code    36  rt_cmsis.o(i.svcSignalSet)
    svcSignalWait                            0x00004c9d   Thumb Code    80  rt_cmsis.o(i.svcSignalWait)
    svcThreadCreate                          0x00004cf1   Thumb Code    96  rt_cmsis.o(i.svcThreadCreate)
    svcThreadGetId                           0x00004d5d   Thumb Code    22  rt_cmsis.o(i.svcThreadGetId)
    svcThreadTerminate                       0x00004d79   Thumb Code    50  rt_cmsis.o(i.svcThreadTerminate)
    svcTimerCall                             0x00004db1   Thumb Code    24  rt_cmsis.o(i.svcTimerCall)
    svcTimerCreate                           0x00004dc9   Thumb Code    52  rt_cmsis.o(i.svcTimerCreate)
    svcTimerStart                            0x00004e01   Thumb Code    96  rt_cmsis.o(i.svcTimerStart)
    sysTimerTick                             0x00004e65   Thumb Code    84  rt_cmsis.o(i.sysTimerTick)
    __aeabi_dadd                             0x00004ec1   Thumb Code     0  daddsub_clz.o(x$fpl$dadd)
    _dadd                                    0x00004ec1   Thumb Code   332  daddsub_clz.o(x$fpl$dadd)
    __aeabi_d2uiz                            0x00005011   Thumb Code     0  dfixu.o(x$fpl$dfixu)
    _dfixu                                   0x00005011   Thumb Code    90  dfixu.o(x$fpl$dfixu)
    __aeabi_ui2d                             0x0000506b   Thumb Code     0  dflt_clz.o(x$fpl$dfltu)
    _dfltu                                   0x0000506b   Thumb Code    38  dflt_clz.o(x$fpl$dfltu)
    __fpl_dnaninf                            0x00005091   Thumb Code   156  dnaninf.o(x$fpl$dnaninf)
    __fpl_dretinf                            0x0000512d   Thumb Code    12  dretinf.o(x$fpl$dretinf)
    __aeabi_dsub                             0x00005139   Thumb Code     0  daddsub_clz.o(x$fpl$dsub)
    _dsub                                    0x00005139   Thumb Code   464  daddsub_clz.o(x$fpl$dsub)
    _fp_init                                 0x0000530d   Thumb Code    10  fpinit.o(x$fpl$fpinit)
    __fplib_config_fpu_vfp                   0x00005315   Thumb Code     0  fpinit.o(x$fpl$fpinit)
    __fplib_config_pureend_doubles           0x00005315   Thumb Code     0  fpinit.o(x$fpl$fpinit)
    __I$use$fp                               0x00005316   Number         0  usenofp.o(x$fpl$usenofp)
    os_mutex_def_mutex_display               0x00005318   Data           4  lab03.o(.constdata)
    os_mutex_def_mutex_frames                0x0000531c   Data           4  lab03.o(.constdata)
    os_timer_def_frames                      0x00005320   Data           8  lab03.o(.constdata)
    os_thread_def_gameStart                  0x00005328   Data          16  lab03.o(.constdata)
    os_thread_def_leituraJoystick            0x00005338   Data          16  lab03.o(.constdata)
    os_thread_def_leituraBotao               0x00005348   Data          16  lab03.o(.constdata)
    os_thread_def_movimentaEddie             0x00005358   Data          16  lab03.o(.constdata)
    os_thread_def_movimentaInimigo0          0x00005368   Data          16  lab03.o(.constdata)
    os_thread_def_movimentaInimigo1          0x00005378   Data          16  lab03.o(.constdata)
    os_thread_def_movimentaInimigo2          0x00005388   Data          16  lab03.o(.constdata)
    os_thread_def_movimentaInimigo3          0x00005398   Data          16  lab03.o(.constdata)
    os_thread_def_movimentaChefao            0x000053a8   Data          16  lab03.o(.constdata)
    os_thread_def_movimentaItem0             0x000053b8   Data          16  lab03.o(.constdata)
    os_thread_def_movimentaItem1             0x000053c8   Data          16  lab03.o(.constdata)
    os_thread_def_somPulo                    0x000053d8   Data          16  lab03.o(.constdata)
    os_thread_def_somSubirEscada             0x000053e8   Data          16  lab03.o(.constdata)
    os_thread_def_somFimGame                 0x000053f8   Data          16  lab03.o(.constdata)
    g_sCfaf128x128x16                        0x00005408   Data          40  cfaf128x128x16.o(.constdata)
    Chefao                                   0x00005430   Data         684  chefao.o(.constdata)
    Chefao_start                             0x000056dc   Data           4  chefao.o(.constdata)
    Eddie                                    0x000056e0   Data        1692  eddie.o(.constdata)
    Eddie_start                              0x00005d7c   Data           4  eddie.o(.constdata)
    Escada                                   0x00005d80   Data        3073  escada.o(.constdata)
    Escada_start                             0x00006984   Data           4  escada.o(.constdata)
    Inimigo                                  0x00006988   Data         252  inimigo.o(.constdata)
    Inimigo_start                            0x00006a84   Data           4  inimigo.o(.constdata)
    Item                                     0x00006a88   Data         300  item.o(.constdata)
    Item_start                               0x00006bb4   Data           4  item.o(.constdata)
    Numeros                                  0x00006bb8   Data        3373  numeros.o(.constdata)
    Numeros_start                            0x000078e8   Data           4  numeros.o(.constdata)
    os_maxtaskrun                            0x000078ec   Data           2  rtx_conf_cm.o(.constdata)
    os_stackinfo                             0x000078f0   Data           4  rtx_conf_cm.o(.constdata)
    os_rrobin                                0x000078f4   Data           4  rtx_conf_cm.o(.constdata)
    os_trv                                   0x000078f8   Data           4  rtx_conf_cm.o(.constdata)
    os_flags                                 0x000078fc   Data           1  rtx_conf_cm.o(.constdata)
    CMSIS_RTOS_API_Version                   0x00007900   Data           4  rtx_conf_cm.o(.constdata)
    CMSIS_RTOS_RTX_Version                   0x00007904   Data           4  rtx_conf_cm.o(.constdata)
    os_clockrate                             0x00007908   Data           4  rtx_conf_cm.o(.constdata)
    os_timernum                              0x0000790c   Data           4  rtx_conf_cm.o(.constdata)
    mp_tcb_size                              0x00007910   Data           2  rtx_conf_cm.o(.constdata)
    mp_stk_size                              0x00007914   Data           4  rtx_conf_cm.o(.constdata)
    os_stack_sz                              0x00007918   Data           4  rtx_conf_cm.o(.constdata)
    os_fifo_size                             0x0000791c   Data           1  rtx_conf_cm.o(.constdata)
    os_thread_def_osTimerThread              0x00007920   Data          16  rtx_conf_cm.o(.constdata)
    os_messageQ_def_osTimerMessageQ          0x00007930   Data           8  rtx_conf_cm.o(.constdata)
    mp_tmr_size                              0x00007938   Data           2  rtx_conf_cm.o(.constdata)
    os_thread_def_main                       0x0000793c   Data          16  rtx_conf_cm.o(.constdata)
    g_psDefaultCodePointMapTable             0x00007dc8   Data          16  context.o(.constdata)
    g_sFontFixed6x8                          0x000080d0   Data         200  fontfixed6x8.o(.constdata)
    Region$$Table$$Base                      0x000081c0   Number         0  anon$$obj.o(Region$$Table)
    Region$$Table$$Limit                     0x000081e0   Number         0  anon$$obj.o(Region$$Table)
    volta_chefao                             0x20000000   Data           1  lab03.o(.data)
    volta_inimigo0                           0x20000001   Data           1  lab03.o(.data)
    volta_inimigo1                           0x20000002   Data           1  lab03.o(.data)
    volta_inimigo2                           0x20000003   Data           1  lab03.o(.data)
    volta_inimigo3                           0x20000004   Data           1  lab03.o(.data)
    pos_eddie_direita                        0x20000005   Data           1  lab03.o(.data)
    pulo                                     0x20000006   Data           1  lab03.o(.data)
    flag_fim_de_jogo                         0x20000007   Data           1  lab03.o(.data)
    subida_ou_descida                        0x20000008   Data           1  lab03.o(.data)
    frame_eddie                              0x2000000a   Data           2  lab03.o(.data)
    frame_chefao                             0x2000000c   Data           2  lab03.o(.data)
    frame_inimigo                            0x2000000e   Data           2  lab03.o(.data)
    frame_item                               0x20000010   Data           2  lab03.o(.data)
    frame_escada                             0x20000012   Data           2  lab03.o(.data)
    pontos                                   0x20000014   Data           2  lab03.o(.data)
    gameStart_ID                             0x2000001c   Data           4  lab03.o(.data)
    leituraJoystick_ID                       0x20000020   Data           4  lab03.o(.data)
    leituraBotao_ID                          0x20000024   Data           4  lab03.o(.data)
    movimentaEddie_ID                        0x20000028   Data           4  lab03.o(.data)
    movimentaInimigo0_ID                     0x2000002c   Data           4  lab03.o(.data)
    movimentaInimigo1_ID                     0x20000030   Data           4  lab03.o(.data)
    movimentaInimigo2_ID                     0x20000034   Data           4  lab03.o(.data)
    movimentaInimigo3_ID                     0x20000038   Data           4  lab03.o(.data)
    movimentaChefao_ID                       0x2000003c   Data           4  lab03.o(.data)
    movimentaItem0_ID                        0x20000040   Data           4  lab03.o(.data)
    movimentaItem1_ID                        0x20000044   Data           4  lab03.o(.data)
    somPulo_ID                               0x20000048   Data           4  lab03.o(.data)
    somSubirEscada_ID                        0x2000004c   Data           4  lab03.o(.data)
    somFimGame_ID                            0x20000050   Data           4  lab03.o(.data)
    mutex_display_ID                         0x20000054   Data           4  lab03.o(.data)
    mutex_frames_ID                          0x20000058   Data           4  lab03.o(.data)
    movimento_eddie                          0x2000005c   Data           4  lab03.o(.data)
    x_anterior_eddie                         0x20000060   Data           4  lab03.o(.data)
    x_atual_eddie                            0x20000064   Data           4  lab03.o(.data)
    y_anterior_eddie                         0x20000068   Data           4  lab03.o(.data)
    y_atual_eddie                            0x2000006c   Data           4  lab03.o(.data)
    posicao_anterior_chefao                  0x20000070   Data           4  lab03.o(.data)
    posicao_atual_chefao                     0x20000074   Data           4  lab03.o(.data)
    posicao_anterior_inimigo0                0x20000078   Data           4  lab03.o(.data)
    posicao_atual_inimigo0                   0x2000007c   Data           4  lab03.o(.data)
    posicao_anterior_inimigo1                0x20000080   Data           4  lab03.o(.data)
    posicao_atual_inimigo1                   0x20000084   Data           4  lab03.o(.data)
    posicao_anterior_inimigo2                0x20000088   Data           4  lab03.o(.data)
    posicao_atual_inimigo2                   0x2000008c   Data           4  lab03.o(.data)
    posicao_anterior_inimigo3                0x20000090   Data           4  lab03.o(.data)
    posicao_atual_inimigo3                   0x20000094   Data           4  lab03.o(.data)
    posicao_anterior_item0                   0x20000098   Data           4  lab03.o(.data)
    posicao_atual_item0                      0x2000009c   Data           4  lab03.o(.data)
    posicao_anterior_item1                   0x200000a0   Data           4  lab03.o(.data)
    posicao_atual_item1                      0x200000a4   Data           4  lab03.o(.data)
    andar_atual_eddie                        0x200000a8   Data           4  lab03.o(.data)
    andar_atual_item0                        0x200000ac   Data           4  lab03.o(.data)
    andar_atual_item1                        0x200000b0   Data           4  lab03.o(.data)
    timer_frames_ID                          0x200000b4   Data           4  lab03.o(.data)
    m_tmr                                    0x200000cc   Data           4  rtx_conf_cm.o(.data)
    osThreadId_osTimerThread                 0x200000d0   Data           4  rtx_conf_cm.o(.data)
    osMessageQId_osTimerMessageQ             0x200000d4   Data           4  rtx_conf_cm.o(.data)
    SystemCoreClock                          0x200000dc   Data           4  system_tm4c129.o(.data)
    os_initialized                           0x200000e4   Data           1  rt_cmsis.o(.data)
    os_running                               0x200000e5   Data           1  rt_cmsis.o(.data)
    os_timer_head                            0x200000e8   Data           4  rt_cmsis.o(.data)
    os_tsk                                   0x200000ec   Data           8  rt_task.o(.data)
    os_tick_irqn                             0x200000f8   Data           4  rt_system.o(.data)
    os_time                                  0x200000fc   Data           4  rt_time.o(.data)
    os_robin                                 0x20000100   Data           8  rt_robin.o(.data)
    dbg_msg                                  0x20000108   Data           1  hal_cm.o(.data)
    os_mutex_cb_mutex_display                0x2000010c   Data          16  lab03.o(.bss)
    os_mutex_cb_mutex_frames                 0x2000011c   Data          16  lab03.o(.bss)
    sContext                                 0x2000012c   Data          44  lab03.o(.bss)
    posicaoEscadas                           0x20000158   Data          32  lab03.o(.bss)
    os_timer_cb_frames                       0x20000178   Data          24  lab03.o(.bss)
    os_messageQ_q_osTimerMessageQ            0x20000190   Data          32  rtx_conf_cm.o(.bss)
    mp_tcb                                   0x200001b0   Data        1104  rtx_conf_cm.o(.bss)
    mp_stk                                   0x20000600   Data       16016  rtx_conf_cm.o(.bss)
    os_stack_mem                             0x20004490   Data        1032  rtx_conf_cm.o(.bss)
    os_fifo                                  0x20004898   Data         132  rtx_conf_cm.o(.bss)
    os_active_TCB                            0x2000491c   Data          84  rtx_conf_cm.o(.bss)
    os_idle_TCB                              0x200051d0   Data          52  rt_task.o(.bss)
    os_rdy                                   0x20005204   Data          24  rt_list.o(.bss)
    os_dly                                   0x2000521c   Data          24  rt_list.o(.bss)
    __libspace_start                         0x20005234   Data          96  libspace.o(.bss)
    __temporary_stack_top$libspace           0x20005294   Data           0  libspace.o(.bss)



==============================================================================

Memory Map of the image

  Image Entry point : 0x00000201

  Load Region LR_IROM1 (Base: 0x00000000, Size: 0x000082ec, Max: 0x00100000, ABSOLUTE)

    Execution Region ER_IROM1 (Exec base: 0x00000000, Load base: 0x00000000, Size: 0x000081e0, Max: 0x00100000, ABSOLUTE)

    Exec Addr    Load Addr    Size         Type   Attr      Idx    E Section Name        Object

    0x00000000   0x00000000   0x00000200   Data   RO          531    RESET               startup_tm4c129.o
    0x00000200   0x00000200   0x00000008   Code   RO         4069  * !!!main             c_w.l(__main.o)
    0x00000208   0x00000208   0x00000034   Code   RO         4251    !!!scatter          c_w.l(__scatter.o)
    0x0000023c   0x0000023c   0x0000001a   Code   RO         4253    !!handler_copy      c_w.l(__scatter_copy.o)
    0x00000256   0x00000256   0x00000002   PAD
    0x00000258   0x00000258   0x0000001c   Code   RO         4255    !!handler_zi        c_w.l(__scatter_zi.o)
    0x00000274   0x00000274   0x00000002   Code   RO         4137    .ARM.Collect$$libinit$$00000000  c_w.l(libinit.o)
    0x00000276   0x00000276   0x00000004   Code   RO         4148    .ARM.Collect$$libinit$$00000001  c_w.l(libinit2.o)
    0x0000027a   0x0000027a   0x00000000   Code   RO         4151    .ARM.Collect$$libinit$$00000004  c_w.l(libinit2.o)
    0x0000027a   0x0000027a   0x00000000   Code   RO         4154    .ARM.Collect$$libinit$$0000000A  c_w.l(libinit2.o)
    0x0000027a   0x0000027a   0x00000000   Code   RO         4156    .ARM.Collect$$libinit$$0000000C  c_w.l(libinit2.o)
    0x0000027a   0x0000027a   0x00000000   Code   RO         4158    .ARM.Collect$$libinit$$0000000E  c_w.l(libinit2.o)
    0x0000027a   0x0000027a   0x00000000   Code   RO         4161    .ARM.Collect$$libinit$$00000011  c_w.l(libinit2.o)
    0x0000027a   0x0000027a   0x00000000   Code   RO         4163    .ARM.Collect$$libinit$$00000013  c_w.l(libinit2.o)
    0x0000027a   0x0000027a   0x00000000   Code   RO         4165    .ARM.Collect$$libinit$$00000015  c_w.l(libinit2.o)
    0x0000027a   0x0000027a   0x00000000   Code   RO         4167    .ARM.Collect$$libinit$$00000017  c_w.l(libinit2.o)
    0x0000027a   0x0000027a   0x00000000   Code   RO         4169    .ARM.Collect$$libinit$$00000019  c_w.l(libinit2.o)
    0x0000027a   0x0000027a   0x00000000   Code   RO         4171    .ARM.Collect$$libinit$$0000001B  c_w.l(libinit2.o)
    0x0000027a   0x0000027a   0x00000000   Code   RO         4173    .ARM.Collect$$libinit$$0000001D  c_w.l(libinit2.o)
    0x0000027a   0x0000027a   0x00000000   Code   RO         4175    .ARM.Collect$$libinit$$0000001F  c_w.l(libinit2.o)
    0x0000027a   0x0000027a   0x00000000   Code   RO         4177    .ARM.Collect$$libinit$$00000021  c_w.l(libinit2.o)
    0x0000027a   0x0000027a   0x00000000   Code   RO         4179    .ARM.Collect$$libinit$$00000023  c_w.l(libinit2.o)
    0x0000027a   0x0000027a   0x00000000   Code   RO         4181    .ARM.Collect$$libinit$$00000025  c_w.l(libinit2.o)
    0x0000027a   0x0000027a   0x00000000   Code   RO         4185    .ARM.Collect$$libinit$$0000002C  c_w.l(libinit2.o)
    0x0000027a   0x0000027a   0x00000000   Code   RO         4187    .ARM.Collect$$libinit$$0000002E  c_w.l(libinit2.o)
    0x0000027a   0x0000027a   0x00000000   Code   RO         4189    .ARM.Collect$$libinit$$00000030  c_w.l(libinit2.o)
    0x0000027a   0x0000027a   0x00000000   Code   RO         4191    .ARM.Collect$$libinit$$00000032  c_w.l(libinit2.o)
    0x0000027a   0x0000027a   0x00000002   Code   RO         4192    .ARM.Collect$$libinit$$00000033  c_w.l(libinit2.o)
    0x0000027c   0x0000027c   0x00000002   Code   RO         4138    .ARM.Collect$$libshutdown$$00000000  c_w.l(libshutdown.o)
    0x0000027e   0x0000027e   0x00000000   Code   RO         4194    .ARM.Collect$$libshutdown$$00000002  c_w.l(libshutdown2.o)
    0x0000027e   0x0000027e   0x00000000   Code   RO         4196    .ARM.Collect$$libshutdown$$00000004  c_w.l(libshutdown2.o)
    0x0000027e   0x0000027e   0x00000000   Code   RO         4199    .ARM.Collect$$libshutdown$$00000007  c_w.l(libshutdown2.o)
    0x0000027e   0x0000027e   0x00000000   Code   RO         4202    .ARM.Collect$$libshutdown$$0000000A  c_w.l(libshutdown2.o)
    0x0000027e   0x0000027e   0x00000000   Code   RO         4204    .ARM.Collect$$libshutdown$$0000000C  c_w.l(libshutdown2.o)
    0x0000027e   0x0000027e   0x00000000   Code   RO         4207    .ARM.Collect$$libshutdown$$0000000F  c_w.l(libshutdown2.o)
    0x0000027e   0x0000027e   0x00000002   Code   RO         4208    .ARM.Collect$$libshutdown$$00000010  c_w.l(libshutdown2.o)
    0x00000280   0x00000280   0x00000000   Code   RO         4087    .ARM.Collect$$rtentry$$00000000  c_w.l(__rtentry.o)
    0x00000280   0x00000280   0x00000000   Code   RO         4100    .ARM.Collect$$rtentry$$00000002  c_w.l(__rtentry2.o)
    0x00000280   0x00000280   0x00000006   Code   RO         4112    .ARM.Collect$$rtentry$$00000004  c_w.l(__rtentry4.o)
    0x00000286   0x00000286   0x00000000   Code   RO         4102    .ARM.Collect$$rtentry$$00000009  c_w.l(__rtentry2.o)
    0x00000286   0x00000286   0x00000004   Code   RO         4103    .ARM.Collect$$rtentry$$0000000A  c_w.l(__rtentry2.o)
    0x0000028a   0x0000028a   0x00000008   Code   RO         4104    .ARM.Collect$$rtentry$$0000000B  c_w.l(__rtentry2.o)
    0x00000292   0x00000292   0x00000008   Code   RO         4106    .ARM.Collect$$rtentry$$0000000D  c_w.l(__rtentry2.o)
    0x0000029a   0x0000029a   0x00000002   Code   RO         4088    .ARM.Collect$$rtexit$$00000000  c_w.l(rtexit.o)
    0x0000029c   0x0000029c   0x00000000   Code   RO         4115    .ARM.Collect$$rtexit$$00000002  c_w.l(rtexit2.o)
    0x0000029c   0x0000029c   0x00000004   Code   RO         4116    .ARM.Collect$$rtexit$$00000003  c_w.l(rtexit2.o)
    0x000002a0   0x000002a0   0x00000006   Code   RO         4117    .ARM.Collect$$rtexit$$00000004  c_w.l(rtexit2.o)
    0x000002a6   0x000002a6   0x00000002   PAD
    0x000002a8   0x000002a8   0x0000001c   Code   RO          475    .emb_text           rtx_conf_cm.o
    0x000002c4   0x000002c4   0x00000198   Code   RO         4043    .emb_text           RTX_CM4.lib(hal_cm4.o)
    0x0000045c   0x0000045c   0x000015ac   Code   RO            4    .text               lab03.o
    0x00001a08   0x00001a08   0x00000154   Code   RO          120    .text               buzzer.o
    0x00001b5c   0x00001b5c   0x0000005c   Code   RO          179    .text               buttons.o
    0x00001bb8   0x00001bb8   0x000006fc   Code   RO          194    .text               cfaf128x128x16.o
    0x000022b4   0x000022b4   0x000000d0   Code   RO          348    .text               joy.o
    0x00002384   0x00002384   0x0000008c   Code   RO          476    .text               rtx_conf_cm.o
    0x00002410   0x00002410   0x0000012c   Code   RO          532    .text               startup_tm4c129.o
    0x0000253c   0x0000253c   0x00000028   Code   RO          539    .text               system_tm4c129.o
    0x00002564   0x00002564   0x00000008   Code   RO         4058    .text               c_w.l(libspace.o)
    0x0000256c   0x0000256c   0x000000ee   Code   RO         4061    .text               c_w.l(lludivv7m.o)
    0x0000265a   0x0000265a   0x00000048   Code   RO         4063    .text               c_w.l(llsdiv.o)
    0x000026a2   0x000026a2   0x00000012   Code   RO         4065    .text               c_w.l(exit.o)
    0x000026b4   0x000026b4   0x00000006   Code   RO         4067    .text               c_w.l(heapauxi.o)
    0x000026ba   0x000026ba   0x00000002   PAD
    0x000026bc   0x000026bc   0x0000000c   Code   RO         4123    .text               c_w.l(sys_exit.o)
    0x000026c8   0x000026c8   0x0000004a   Code   RO         4125    .text               c_w.l(sys_stackheap_outer.o)
    0x00002712   0x00002712   0x00000002   Code   RO         4139    .text               c_w.l(use_no_semi.o)
    0x00002714   0x00002714   0x00000000   Code   RO         4141    .text               c_w.l(indicate_semi.o)
    0x00002714   0x00002714   0x00000004   Code   RO         4053    SVC_TABLE           RTX_CM4.lib(svc_table.o)
    0x00002718   0x00002718   0x0000000a   Code   RO          577    i.ADCIntClear       driverlib.lib(adc.o)
    0x00002722   0x00002722   0x00000034   Code   RO          584    i.ADCIntStatus      driverlib.lib(adc.o)
    0x00002756   0x00002756   0x0000001a   Code   RO          589    i.ADCProcessorTrigger  driverlib.lib(adc.o)
    0x00002770   0x00002770   0x00000060   Code   RO          592    i.ADCSequenceConfigure  driverlib.lib(adc.o)
    0x000027d0   0x000027d0   0x00000024   Code   RO          595    i.ADCSequenceDataGet  driverlib.lib(adc.o)
    0x000027f4   0x000027f4   0x0000000e   Code   RO          597    i.ADCSequenceEnable  driverlib.lib(adc.o)
    0x00002802   0x00002802   0x0000009a   Code   RO          600    i.ADCSequenceStepConfigure  driverlib.lib(adc.o)
    0x0000289c   0x0000289c   0x00000028   Code   RO          849    i.GPIODirModeSet    driverlib.lib(gpio.o)
    0x000028c4   0x000028c4   0x00000138   Code   RO          861    i.GPIOPadConfigSet  driverlib.lib(gpio.o)
    0x000029fc   0x000029fc   0x00000044   Code   RO          862    i.GPIOPinConfigure  driverlib.lib(gpio.o)
    0x00002a40   0x00002a40   0x00000006   Code   RO          863    i.GPIOPinRead       driverlib.lib(gpio.o)
    0x00002a46   0x00002a46   0x0000001c   Code   RO          864    i.GPIOPinTypeADC    driverlib.lib(gpio.o)
    0x00002a62   0x00002a62   0x0000001c   Code   RO          872    i.GPIOPinTypeGPIOInput  driverlib.lib(gpio.o)
    0x00002a7e   0x00002a7e   0x0000001c   Code   RO          880    i.GPIOPinTypePWM    driverlib.lib(gpio.o)
    0x00002a9a   0x00002a9a   0x00000202   Code   RO         2427    i.GrCircleDraw      grlib.lib(circle.o)
    0x00002c9c   0x00002c9c   0x00000126   Code   RO         2428    i.GrCircleFill      grlib.lib(circle.o)
    0x00002dc2   0x00002dc2   0x00000006   Code   RO         2525    i.GrContextFontSet  grlib.lib(string.o)
    0x00002dc8   0x00002dc8   0x00000064   Code   RO         2453    i.GrContextInit     grlib.lib(context.o)
    0x00002e2c   0x00002e2c   0x00000118   Code   RO         2526    i.GrDefaultStringRenderer  grlib.lib(string.o)
    0x00002f44   0x00002f44   0x000000a6   Code   RO         2530    i.GrFontGlyphDataGet  grlib.lib(string.o)
    0x00002fea   0x00002fea   0x00000288   Code   RO         2531    i.GrFontGlyphRender  grlib.lib(string.o)
    0x00003272   0x00003272   0x0000004c   Code   RO         3561    i.GrLineDrawH       grlib.lib(line.o)
    0x000032be   0x000032be   0x00000008   Code   RO         3408    i.GrMapISO8859_1_Unicode  grlib.lib(charmap.o)
    0x000032c6   0x000032c6   0x000000b4   Code   RO         2495    i.GrRectFill        grlib.lib(rectangle.o)
    0x0000337a   0x0000337a   0x00000014   Code   RO         1605    i.PWMClockSet       driverlib.lib(pwm.o)
    0x0000338e   0x0000338e   0x00000026   Code   RO         1612    i.PWMGenConfigure   driverlib.lib(pwm.o)
    0x000033b4   0x000033b4   0x0000000a   Code   RO         1614    i.PWMGenEnable      driverlib.lib(pwm.o)
    0x000033be   0x000033be   0x00000012   Code   RO         1626    i.PWMGenPeriodGet   driverlib.lib(pwm.o)
    0x000033d0   0x000033d0   0x00000012   Code   RO         1627    i.PWMGenPeriodSet   driverlib.lib(pwm.o)
    0x000033e2   0x000033e2   0x00000010   Code   RO         1633    i.PWMOutputInvert   driverlib.lib(pwm.o)
    0x000033f2   0x000033f2   0x00000010   Code   RO         1634    i.PWMOutputState    driverlib.lib(pwm.o)
    0x00003402   0x00003402   0x00000020   Code   RO         1637    i.PWMPulseWidthSet  driverlib.lib(pwm.o)
    0x00003422   0x00003422   0x00000002   PAD
    0x00003424   0x00003424   0x000002ec   Code   RO         1839    i.SysCtlClockFreqSet  driverlib.lib(sysctl.o)
    0x00003710   0x00003710   0x00000028   Code   RO         1871    i.SysCtlPeripheralEnable  driverlib.lib(sysctl.o)
    0x00003738   0x00003738   0x0000002c   Code   RO         1875    i.SysCtlPeripheralReady  driverlib.lib(sysctl.o)
    0x00003764   0x00003764   0x0000006c   Code   RO         2543    i.UpdateContextCharMapping  grlib.lib(string.o)
    0x000037d0   0x000037d0   0x00000046   Code   RO         3937    i._init_box         RTX_CM4.lib(rt_membox.o)
    0x00003816   0x00003816   0x00000002   PAD
    0x00003818   0x00003818   0x00000030   Code   RO         3990    i.dbg_init          RTX_CM4.lib(hal_cm.o)
    0x00003848   0x00003848   0x00000020   Code   RO         3991    i.dbg_task_notify   RTX_CM4.lib(hal_cm.o)
    0x00003868   0x00003868   0x00000010   Code   RO         3992    i.dbg_task_switch   RTX_CM4.lib(hal_cm.o)
    0x00003878   0x00003878   0x0000002a   Code   RO         2655    i.isrMessageGet     RTX_CM4.lib(rt_cmsis.o)
    0x000038a2   0x000038a2   0x0000002c   Code   RO         2656    i.isrMessagePut     RTX_CM4.lib(rt_cmsis.o)
    0x000038ce   0x000038ce   0x00000024   Code   RO         2658    i.isrSignalSet      RTX_CM4.lib(rt_cmsis.o)
    0x000038f2   0x000038f2   0x00000002   PAD
    0x000038f4   0x000038f4   0x00000028   Code   RO         3674    i.isr_evt_set       RTX_CM4.lib(rt_event.o)
    0x0000391c   0x0000391c   0x00000056   Code   RO         3792    i.isr_mbx_receive   RTX_CM4.lib(rt_mailbox.o)
    0x00003972   0x00003972   0x0000000e   Code   RO         3793    i.isr_mbx_send      RTX_CM4.lib(rt_mailbox.o)
    0x00003980   0x00003980   0x00000018   Code   RO         2659    i.osDelay           RTX_CM4.lib(rt_cmsis.o)
    0x00003998   0x00003998   0x00000024   Code   RO         2660    i.osKernelInitialize  RTX_CM4.lib(rt_cmsis.o)
    0x000039bc   0x000039bc   0x0000006c   Code   RO         2662    i.osKernelStart     RTX_CM4.lib(rt_cmsis.o)
    0x00003a28   0x00003a28   0x00000018   Code   RO         2671    i.osMessageGet      RTX_CM4.lib(rt_cmsis.o)
    0x00003a40   0x00003a40   0x0000002c   Code   RO         2673    i.osMutexCreate     RTX_CM4.lib(rt_cmsis.o)
    0x00003a6c   0x00003a6c   0x00000018   Code   RO         2675    i.osMutexRelease    RTX_CM4.lib(rt_cmsis.o)
    0x00003a84   0x00003a84   0x00000018   Code   RO         2676    i.osMutexWait       RTX_CM4.lib(rt_cmsis.o)
    0x00003a9c   0x00003a9c   0x00000018   Code   RO         2685    i.osSignalClear     RTX_CM4.lib(rt_cmsis.o)
    0x00003ab4   0x00003ab4   0x00000018   Code   RO         2686    i.osSignalSet       RTX_CM4.lib(rt_cmsis.o)
    0x00003acc   0x00003acc   0x00000018   Code   RO         2687    i.osSignalWait      RTX_CM4.lib(rt_cmsis.o)
    0x00003ae4   0x00003ae4   0x0000002c   Code   RO         2688    i.osThreadCreate    RTX_CM4.lib(rt_cmsis.o)
    0x00003b10   0x00003b10   0x00000018   Code   RO         2689    i.osThreadExit      RTX_CM4.lib(rt_cmsis.o)
    0x00003b28   0x00003b28   0x0000000c   Code   RO         2695    i.osTimerCall       RTX_CM4.lib(rt_cmsis.o)
    0x00003b34   0x00003b34   0x0000002c   Code   RO         2696    i.osTimerCreate     RTX_CM4.lib(rt_cmsis.o)
    0x00003b60   0x00003b60   0x00000018   Code   RO         2698    i.osTimerStart      RTX_CM4.lib(rt_cmsis.o)
    0x00003b78   0x00003b78   0x0000002c   Code   RO         2700    i.osTimerThread     RTX_CM4.lib(rt_cmsis.o)
    0x00003ba4   0x00003ba4   0x00000028   Code   RO         3584    i.os_tick_init      RTX_CM4.lib(rt_system.o)
    0x00003bcc   0x00003bcc   0x00000002   Code   RO         3585    i.os_tick_irqack    RTX_CM4.lib(rt_system.o)
    0x00003bce   0x00003bce   0x0000001a   Code   RO         3938    i.rt_alloc_box      RTX_CM4.lib(rt_membox.o)
    0x00003be8   0x00003be8   0x0000003e   Code   RO         3966    i.rt_alloc_mem      RTX_CM4.lib(rt_memory.o)
    0x00003c26   0x00003c26   0x00000002   PAD
    0x00003c28   0x00003c28   0x00000038   Code   RO         3274    i.rt_block          RTX_CM4.lib(rt_task.o)
    0x00003c60   0x00003c60   0x00000048   Code   RO         3915    i.rt_chk_robin      RTX_CM4.lib(rt_robin.o)
    0x00003ca8   0x00003ca8   0x00000070   Code   RO         3716    i.rt_dec_dly        RTX_CM4.lib(rt_list.o)
    0x00003d18   0x00003d18   0x00000044   Code   RO         3275    i.rt_dispatch       RTX_CM4.lib(rt_task.o)
    0x00003d5c   0x00003d5c   0x00000006   Code   RO         3882    i.rt_dly_wait       RTX_CM4.lib(rt_time.o)
    0x00003d62   0x00003d62   0x00000002   PAD
    0x00003d64   0x00003d64   0x0000001c   Code   RO         3675    i.rt_evt_clr        RTX_CM4.lib(rt_event.o)
    0x00003d80   0x00003d80   0x00000050   Code   RO         3677    i.rt_evt_psh        RTX_CM4.lib(rt_event.o)
    0x00003dd0   0x00003dd0   0x0000005c   Code   RO         3678    i.rt_evt_set        RTX_CM4.lib(rt_event.o)
    0x00003e2c   0x00003e2c   0x0000003c   Code   RO         3679    i.rt_evt_wait       RTX_CM4.lib(rt_event.o)
    0x00003e68   0x00003e68   0x0000002c   Code   RO         3939    i.rt_free_box       RTX_CM4.lib(rt_membox.o)
    0x00003e94   0x00003e94   0x00000028   Code   RO         3967    i.rt_free_mem       RTX_CM4.lib(rt_memory.o)
    0x00003ebc   0x00003ebc   0x00000028   Code   RO         3717    i.rt_get_first      RTX_CM4.lib(rt_list.o)
    0x00003ee4   0x00003ee4   0x00000008   Code   RO         2705    i.rt_id2obj         RTX_CM4.lib(rt_cmsis.o)
    0x00003eec   0x00003eec   0x00000048   Code   RO         3276    i.rt_init_context   RTX_CM4.lib(rt_task.o)
    0x00003f34   0x00003f34   0x0000001a   Code   RO         3968    i.rt_init_mem       RTX_CM4.lib(rt_memory.o)
    0x00003f4e   0x00003f4e   0x00000002   PAD
    0x00003f50   0x00003f50   0x00000018   Code   RO         3916    i.rt_init_robin     RTX_CM4.lib(rt_robin.o)
    0x00003f68   0x00003f68   0x00000080   Code   RO         3993    i.rt_init_stack     RTX_CM4.lib(hal_cm.o)
    0x00003fe8   0x00003fe8   0x00000008   Code   RO         3794    i.rt_mbx_check      RTX_CM4.lib(rt_mailbox.o)
    0x00003ff0   0x00003ff0   0x0000001a   Code   RO         3795    i.rt_mbx_init       RTX_CM4.lib(rt_mailbox.o)
    0x0000400a   0x0000400a   0x00000002   PAD
    0x0000400c   0x0000400c   0x000000f0   Code   RO         3796    i.rt_mbx_psh        RTX_CM4.lib(rt_mailbox.o)
    0x000040fc   0x000040fc   0x000000b4   Code   RO         3798    i.rt_mbx_wait       RTX_CM4.lib(rt_mailbox.o)
    0x000041b0   0x000041b0   0x00000044   Code   RO         2706    i.rt_ms2tick        RTX_CM4.lib(rt_cmsis.o)
    0x000041f4   0x000041f4   0x00000010   Code   RO         3359    i.rt_mut_init       RTX_CM4.lib(rt_mutex.o)
    0x00004204   0x00004204   0x000000d8   Code   RO         3360    i.rt_mut_release    RTX_CM4.lib(rt_mutex.o)
    0x000042dc   0x000042dc   0x00000078   Code   RO         3361    i.rt_mut_wait       RTX_CM4.lib(rt_mutex.o)
    0x00004354   0x00004354   0x0000007c   Code   RO         3588    i.rt_pop_req        RTX_CM4.lib(rt_system.o)
    0x000043d0   0x000043d0   0x00000020   Code   RO         3589    i.rt_psh_req        RTX_CM4.lib(rt_system.o)
    0x000043f0   0x000043f0   0x0000005c   Code   RO         3719    i.rt_psq_enq        RTX_CM4.lib(rt_list.o)
    0x0000444c   0x0000444c   0x00000048   Code   RO         3720    i.rt_put_dly        RTX_CM4.lib(rt_list.o)
    0x00004494   0x00004494   0x00000036   Code   RO         3721    i.rt_put_prio       RTX_CM4.lib(rt_list.o)
    0x000044ca   0x000044ca   0x00000002   PAD
    0x000044cc   0x000044cc   0x00000014   Code   RO         3722    i.rt_put_rdy_first  RTX_CM4.lib(rt_list.o)
    0x000044e0   0x000044e0   0x00000034   Code   RO         3723    i.rt_resort_prio    RTX_CM4.lib(rt_list.o)
    0x00004514   0x00004514   0x00000010   Code   RO         3994    i.rt_ret_regs       RTX_CM4.lib(hal_cm.o)
    0x00004524   0x00004524   0x0000000c   Code   RO         3995    i.rt_ret_val        RTX_CM4.lib(hal_cm.o)
    0x00004530   0x00004530   0x00000010   Code   RO         3996    i.rt_ret_val2       RTX_CM4.lib(hal_cm.o)
    0x00004540   0x00004540   0x00000028   Code   RO         3724    i.rt_rmv_dly        RTX_CM4.lib(rt_list.o)
    0x00004568   0x00004568   0x00000030   Code   RO         3725    i.rt_rmv_list       RTX_CM4.lib(rt_list.o)
    0x00004598   0x00004598   0x00000034   Code   RO         3843    i.rt_sem_psh        RTX_CM4.lib(rt_semaphore.o)
    0x000045cc   0x000045cc   0x00000024   Code   RO         3591    i.rt_stk_check      RTX_CM4.lib(rt_system.o)
    0x000045f0   0x000045f0   0x00000028   Code   RO         3277    i.rt_switch_req     RTX_CM4.lib(rt_task.o)
    0x00004618   0x00004618   0x000000cc   Code   RO         3278    i.rt_sys_init       RTX_CM4.lib(rt_task.o)
    0x000046e4   0x000046e4   0x00000078   Code   RO         3279    i.rt_sys_start      RTX_CM4.lib(rt_task.o)
    0x0000475c   0x0000475c   0x00000040   Code   RO         3593    i.rt_systick        RTX_CM4.lib(rt_system.o)
    0x0000479c   0x0000479c   0x00000012   Code   RO         2707    i.rt_tid2ptcb       RTX_CM4.lib(rt_cmsis.o)
    0x000047ae   0x000047ae   0x00000002   PAD
    0x000047b0   0x000047b0   0x00000034   Code   RO         2708    i.rt_timer_insert   RTX_CM4.lib(rt_cmsis.o)
    0x000047e4   0x000047e4   0x0000003c   Code   RO         2709    i.rt_timer_remove   RTX_CM4.lib(rt_cmsis.o)
    0x00004820   0x00004820   0x00000088   Code   RO         3280    i.rt_tsk_create     RTX_CM4.lib(rt_task.o)
    0x000048a8   0x000048a8   0x0000017c   Code   RO         3281    i.rt_tsk_delete     RTX_CM4.lib(rt_task.o)
    0x00004a24   0x00004a24   0x0000007c   Code   RO         3283    i.rt_tsk_prio       RTX_CM4.lib(rt_task.o)
    0x00004aa0   0x00004aa0   0x00000010   Code   RO         3284    i.rt_tsk_self       RTX_CM4.lib(rt_task.o)
    0x00004ab0   0x00004ab0   0x00000012   Code   RO         2710    i.svcDelay          RTX_CM4.lib(rt_cmsis.o)
    0x00004ac2   0x00004ac2   0x00000002   PAD
    0x00004ac4   0x00004ac4   0x00000070   Code   RO         2711    i.svcKernelInitialize  RTX_CM4.lib(rt_cmsis.o)
    0x00004b34   0x00004b34   0x00000048   Code   RO         2713    i.svcKernelStart    RTX_CM4.lib(rt_cmsis.o)
    0x00004b7c   0x00004b7c   0x00000024   Code   RO         2716    i.svcMessageCreate  RTX_CM4.lib(rt_cmsis.o)
    0x00004ba0   0x00004ba0   0x0000003a   Code   RO         2717    i.svcMessageGet     RTX_CM4.lib(rt_cmsis.o)
    0x00004bda   0x00004bda   0x0000001c   Code   RO         2719    i.svcMutexCreate    RTX_CM4.lib(rt_cmsis.o)
    0x00004bf6   0x00004bf6   0x00000022   Code   RO         2721    i.svcMutexRelease   RTX_CM4.lib(rt_cmsis.o)
    0x00004c18   0x00004c18   0x0000003a   Code   RO         2722    i.svcMutexWait      RTX_CM4.lib(rt_cmsis.o)
    0x00004c52   0x00004c52   0x00000024   Code   RO         2728    i.svcSignalClear    RTX_CM4.lib(rt_cmsis.o)
    0x00004c76   0x00004c76   0x00000024   Code   RO         2729    i.svcSignalSet      RTX_CM4.lib(rt_cmsis.o)
    0x00004c9a   0x00004c9a   0x00000002   PAD
    0x00004c9c   0x00004c9c   0x00000054   Code   RO         2730    i.svcSignalWait     RTX_CM4.lib(rt_cmsis.o)
    0x00004cf0   0x00004cf0   0x0000006c   Code   RO         2731    i.svcThreadCreate   RTX_CM4.lib(rt_cmsis.o)
    0x00004d5c   0x00004d5c   0x0000001c   Code   RO         2732    i.svcThreadGetId    RTX_CM4.lib(rt_cmsis.o)
    0x00004d78   0x00004d78   0x00000038   Code   RO         2735    i.svcThreadTerminate  RTX_CM4.lib(rt_cmsis.o)
    0x00004db0   0x00004db0   0x00000018   Code   RO         2737    i.svcTimerCall      RTX_CM4.lib(rt_cmsis.o)
    0x00004dc8   0x00004dc8   0x00000038   Code   RO         2738    i.svcTimerCreate    RTX_CM4.lib(rt_cmsis.o)
    0x00004e00   0x00004e00   0x00000064   Code   RO         2740    i.svcTimerStart     RTX_CM4.lib(rt_cmsis.o)
    0x00004e64   0x00004e64   0x0000005c   Code   RO         2746    i.sysTimerTick      RTX_CM4.lib(rt_cmsis.o)
    0x00004ec0   0x00004ec0   0x00000150   Code   RO         4071    x$fpl$dadd          fz_wm.l(daddsub_clz.o)
    0x00005010   0x00005010   0x0000005a   Code   RO         4077    x$fpl$dfixu         fz_wm.l(dfixu.o)
    0x0000506a   0x0000506a   0x00000026   Code   RO         4081    x$fpl$dfltu         fz_wm.l(dflt_clz.o)
    0x00005090   0x00005090   0x0000009c   Code   RO         4094    x$fpl$dnaninf       fz_wm.l(dnaninf.o)
    0x0000512c   0x0000512c   0x0000000c   Code   RO         4096    x$fpl$dretinf       fz_wm.l(dretinf.o)
    0x00005138   0x00005138   0x000001d4   Code   RO         4073    x$fpl$dsub          fz_wm.l(daddsub_clz.o)
    0x0000530c   0x0000530c   0x0000000a   Code   RO         4215    x$fpl$fpinit        fz_wm.l(fpinit.o)
    0x00005316   0x00005316   0x00000000   Code   RO         4098    x$fpl$usenofp       fz_wm.l(usenofp.o)
    0x00005316   0x00005316   0x00000002   PAD
    0x00005318   0x00005318   0x000000f0   Data   RO            9    .constdata          lab03.o
    0x00005408   0x00005408   0x00000028   Data   RO          207    .constdata          cfaf128x128x16.o
    0x00005430   0x00005430   0x000002ac   Data   RO          384    .constdata          chefao.o
    0x000056dc   0x000056dc   0x00000004   Data   RO          386    .constdata          chefao.o
    0x000056e0   0x000056e0   0x0000069c   Data   RO          397    .constdata          eddie.o
    0x00005d7c   0x00005d7c   0x00000004   Data   RO          399    .constdata          eddie.o
    0x00005d80   0x00005d80   0x00000c01   Data   RO          410    .constdata          escada.o
    0x00006981   0x00006981   0x00000003   PAD
    0x00006984   0x00006984   0x00000004   Data   RO          412    .constdata          escada.o
    0x00006988   0x00006988   0x000000fc   Data   RO          423    .constdata          inimigo.o
    0x00006a84   0x00006a84   0x00000004   Data   RO          425    .constdata          inimigo.o
    0x00006a88   0x00006a88   0x0000012c   Data   RO          436    .constdata          item.o
    0x00006bb4   0x00006bb4   0x00000004   Data   RO          438    .constdata          item.o
    0x00006bb8   0x00006bb8   0x00000d2d   Data   RO          462    .constdata          numeros.o
    0x000078e5   0x000078e5   0x00000003   PAD
    0x000078e8   0x000078e8   0x00000004   Data   RO          464    .constdata          numeros.o
    0x000078ec   0x000078ec   0x00000002   Data   RO          484    .constdata          rtx_conf_cm.o
    0x000078ee   0x000078ee   0x00000002   PAD
    0x000078f0   0x000078f0   0x00000004   Data   RO          485    .constdata          rtx_conf_cm.o
    0x000078f4   0x000078f4   0x00000004   Data   RO          486    .constdata          rtx_conf_cm.o
    0x000078f8   0x000078f8   0x00000004   Data   RO          490    .constdata          rtx_conf_cm.o
    0x000078fc   0x000078fc   0x00000001   Data   RO          491    .constdata          rtx_conf_cm.o
    0x000078fd   0x000078fd   0x00000003   PAD
    0x00007900   0x00007900   0x00000010   Data   RO          492    .constdata          rtx_conf_cm.o
    0x00007910   0x00007910   0x00000002   Data   RO          493    .constdata          rtx_conf_cm.o
    0x00007912   0x00007912   0x00000002   PAD
    0x00007914   0x00007914   0x00000004   Data   RO          494    .constdata          rtx_conf_cm.o
    0x00007918   0x00007918   0x00000004   Data   RO          495    .constdata          rtx_conf_cm.o
    0x0000791c   0x0000791c   0x00000001   Data   RO          496    .constdata          rtx_conf_cm.o
    0x0000791d   0x0000791d   0x00000003   PAD
    0x00007920   0x00007920   0x00000010   Data   RO          497    .constdata          rtx_conf_cm.o
    0x00007930   0x00007930   0x00000008   Data   RO          498    .constdata          rtx_conf_cm.o
    0x00007938   0x00007938   0x00000002   Data   RO          499    .constdata          rtx_conf_cm.o
    0x0000793a   0x0000793a   0x00000002   PAD
    0x0000793c   0x0000793c   0x00000010   Data   RO          500    .constdata          rtx_conf_cm.o
    0x0000794c   0x0000794c   0x00000228   Data   RO          893    .constdata          driverlib.lib(gpio.o)
    0x00007b74   0x00007b74   0x00000254   Data   RO         1893    .constdata          driverlib.lib(sysctl.o)
    0x00007dc8   0x00007dc8   0x00000010   Data   RO         2455    .constdata          grlib.lib(context.o)
    0x00007dd8   0x00007dd8   0x000002f8   Data   RO         2480    .constdata          grlib.lib(fontfixed6x8.o)
    0x000080d0   0x000080d0   0x000000c8   Data   RO         2481    .constdata          grlib.lib(fontfixed6x8.o)
    0x00008198   0x00008198   0x00000025   Data   RO           10    .conststring        lab03.o
    0x000081bd   0x000081bd   0x00000003   PAD
    0x000081c0   0x000081c0   0x00000020   Data   RO         4249    Region$$Table       anon$$obj.o


    Execution Region RW_IRAM1 (Exec base: 0x20000000, Load base: 0x000081e0, Size: 0x00005498, Max: 0x00040000, ABSOLUTE)

    Exec Addr    Load Addr    Size         Type   Attr      Idx    E Section Name        Object

    0x20000000   0x000081e0   0x000000b8   Data   RW           11    .data               lab03.o
    0x200000b8   0x00008298   0x0000000c   Data   RW          121    .data               buzzer.o
    0x200000c4   0x000082a4   0x00000008   Data   RW          208    .data               cfaf128x128x16.o
    0x200000cc   0x000082ac   0x00000004   Data   RW          502    .data               rtx_conf_cm.o
    0x200000d0   0x000082b0   0x00000004   Data   RW          503    .data               rtx_conf_cm.o
    0x200000d4   0x000082b4   0x00000004   Data   RW          504    .data               rtx_conf_cm.o
    0x200000d8   0x000082b8   0x00000004   Data   RW          505    .data               rtx_conf_cm.o
    0x200000dc   0x000082bc   0x00000004   Data   RW          540    .data               system_tm4c129.o
    0x200000e0   0x000082c0   0x00000004   Data   RW         2456    .data               grlib.lib(context.o)
    0x200000e4   0x000082c4   0x00000008   Data   RW         2749    .data               RTX_CM4.lib(rt_cmsis.o)
    0x200000ec   0x000082cc   0x00000008   Data   RW         3286    .data               RTX_CM4.lib(rt_task.o)
    0x200000f4   0x000082d4   0x00000008   Data   RW         3596    .data               RTX_CM4.lib(rt_system.o)
    0x200000fc   0x000082dc   0x00000004   Data   RW         3886    .data               RTX_CM4.lib(rt_time.o)
    0x20000100   0x000082e0   0x00000008   Data   RW         3917    .data               RTX_CM4.lib(rt_robin.o)
    0x20000108   0x000082e8   0x00000001   Data   RW         3997    .data               RTX_CM4.lib(hal_cm.o)
    0x20000109   0x000082e9   0x00000003   PAD
    0x2000010c        -       0x00000010   Zero   RW            5    .bss                lab03.o
    0x2000011c        -       0x00000010   Zero   RW            6    .bss                lab03.o
    0x2000012c        -       0x0000004c   Zero   RW            7    .bss                lab03.o
    0x20000178        -       0x00000018   Zero   RW            8    .bss                lab03.o
    0x20000190        -       0x00000020   Zero   RW          477    .bss                rtx_conf_cm.o
    0x200001b0        -       0x00000450   Zero   RW          478    .bss                rtx_conf_cm.o
    0x20000600        -       0x00003e90   Zero   RW          479    .bss                rtx_conf_cm.o
    0x20004490        -       0x00000408   Zero   RW          480    .bss                rtx_conf_cm.o
    0x20004898        -       0x00000084   Zero   RW          481    .bss                rtx_conf_cm.o
    0x2000491c        -       0x00000054   Zero   RW          482    .bss                rtx_conf_cm.o
    0x20004970        -       0x00000860   Zero   RW          483    .bss                rtx_conf_cm.o
    0x200051d0        -       0x00000034   Zero   RW         3285    .bss                RTX_CM4.lib(rt_task.o)
    0x20005204        -       0x00000030   Zero   RW         3726    .bss                RTX_CM4.lib(rt_list.o)
    0x20005234        -       0x00000060   Zero   RW         4059    .bss                c_w.l(libspace.o)
    0x20005294   0x000082e9   0x00000004   PAD
    0x20005298        -       0x00000000   Zero   RW          530    HEAP                startup_tm4c129.o
    0x20005298        -       0x00000200   Zero   RW          529    STACK               startup_tm4c129.o


==============================================================================

Image component sizes


      Code (inc. data)   RO Data    RW Data    ZI Data      Debug   Object Name

        92         10          0          0          0        856   buttons.o
       340         36          0         12          0       2241   buzzer.o
      1788         94         40          8          0      10658   cfaf128x128x16.o
         0          0        688          0          0        817   chefao.o
         0          0       1696          0          0        804   eddie.o
         0          0       3077          0          0        821   escada.o
         0          0        256          0          0        838   inimigo.o
         0          0        304          0          0        775   item.o
       208         22          0          0          0       1221   joy.o
      5548        124        277        184        132      54758   lab03.o
         0          0       3377          0          0        870   numeros.o
       168         36         84         16      20544       8897   rtx_conf_cm.o
       300         22        512          0        512       6016   startup_tm4c129.o
        40         14          0          4          0        853   system_tm4c129.o

    ----------------------------------------------------------------------
      8484        358      10364        224      21188      90425   Object Totals
         0          0         32          0          0          0   (incl. Generated)
         0          0         21          0          0          0   (incl. Padding)

    ----------------------------------------------------------------------

      Code (inc. data)   RO Data    RW Data    ZI Data      Debug   Library Member Name

       268         24          0          1          0       4524   hal_cm.o
       408         34          0          0          0        824   hal_cm4.o
      1912        210          0          8          0      48535   rt_cmsis.o
       300         24          0          0          0       3423   rt_event.o
       530         34          0          0         48       8685   rt_list.o
       554         10          0          0          0       4237   rt_mailbox.o
       140          0          0          0          0       2069   rt_membox.o
       128          0          0          0          0       2451   rt_memory.o
       352         14          0          0          0       2249   rt_mutex.o
        96         22          0          8          0       1254   rt_robin.o
        52          4          0          0          0        621   rt_semaphore.o
       298         52          0          8          0       6511   rt_system.o
      1216        174          0          8         52      10129   rt_task.o
         6          0          0          4          0        700   rt_time.o
         4          4          0          0          0        208   svc_table.o
         8          0          0          0          0         68   __main.o
         0          0          0          0          0          0   __rtentry.o
        20          0          0          0          0          0   __rtentry2.o
         6          0          0          0          0          0   __rtentry4.o
        52          8          0          0          0          0   __scatter.o
        26          0          0          0          0          0   __scatter_copy.o
        28          0          0          0          0          0   __scatter_zi.o
        18          0          0          0          0         80   exit.o
         6          0          0          0          0        152   heapauxi.o
         0          0          0          0          0          0   indicate_semi.o
         2          0          0          0          0          0   libinit.o
         6          0          0          0          0          0   libinit2.o
         2          0          0          0          0          0   libshutdown.o
         2          0          0          0          0          0   libshutdown2.o
         8          4          0          0         96         68   libspace.o
        72          0          0          0          0         76   llsdiv.o
       238          0          0          0          0        100   lludivv7m.o
         2          0          0          0          0          0   rtexit.o
        10          0          0          0          0          0   rtexit2.o
        12          4          0          0          0         68   sys_exit.o
        74          0          0          0          0         80   sys_stackheap_outer.o
         2          0          0          0          0         68   use_no_semi.o
       388          0          0          0          0       8694   adc.o
       510          8        552          0          0       5722   gpio.o
       168          0          0          0          0       4621   pwm.o
       832         50        596          0          0       5470   sysctl.o
       804         16          0          0          0        368   daddsub_clz.o
        90          4          0          0          0        140   dfixu.o
        38          0          0          0          0        116   dflt_clz.o
       156          4          0          0          0        140   dnaninf.o
        12          0          0          0          0        116   dretinf.o
        10          0          0          0          0        116   fpinit.o
         0          0          0          0          0          0   usenofp.o
         8          0          0          0          0       1494   charmap.o
       808          0          0          0          0      28562   circle.o
       100         12         16          4          0       1387   context.o
         0          0        960          0          0      25662   fontfixed6x8.o
        76          0          0          0          0       1522   line.o
       180          0          0          0          0       1494   rectangle.o
      1208          0          0          0          0       8352   string.o

    ----------------------------------------------------------------------
     12276        716       2124         44        200     191156   Library Totals
        30          0          0          3          4          0   (incl. Padding)

    ----------------------------------------------------------------------

      Code (inc. data)   RO Data    RW Data    ZI Data      Debug   Library Name

      6264        606          0         37        100      96420   RTX_CM4.lib
       594         16          0          0         96        760   c_w.l
      1898         58       1148          0          0      24507   driverlib.lib
      1110         24          0          0          0        996   fz_wm.l
      2380         12        976          4          0      68473   grlib.lib

    ----------------------------------------------------------------------
     12276        716       2124         44        200     191156   Library Totals

    ----------------------------------------------------------------------

==============================================================================


      Code (inc. data)   RO Data    RW Data    ZI Data      Debug   

     20760       1074      12488        268      21388     267021   Grand Totals
     20760       1074      12488        268      21388     267021   ELF Image Totals
     20760       1074      12488        268          0          0   ROM Totals

==============================================================================

    Total RO  Size (Code + RO Data)                33248 (  32.47kB)
    Total RW  Size (RW Data + ZI Data)             21656 (  21.15kB)
    Total ROM Size (Code + RO Data + RW Data)      33516 (  32.73kB)

==============================================================================

