


ARM Macro Assembler    Page 1 


    1 00000000         ; utils.s
    2 00000000         ; Desenvolvido para a placa EK-TM4C1294XL
    3 00000000         ; Código que apresenta algumas funcionalidades:
    4 00000000         ; - Altera a frequência do barramento usando o PLL
    5 00000000         ; - Configura o Systick para utilizar delays precisos
    6 00000000         
    7 00000000         ; Editado por Guilherme Peron
    8 00000000         ; 15/03/2018
    9 00000000         ; Copyright 2014 by Jonathan W. Valvano, valvano@mail.ut
                       exas.edu
   10 00000000         
   11 00000000         ; ------------------------------------------------------
                       --------------------------------------------------------
                       -----------
   12 00000000         ; PLL
   13 00000000         ; ------------------------------------------------------
                       --------------------------------------------------------
                       -----------
   14 00000000         ; A frequência do barramento será 80MHz
   15 00000000         ; Representa o divisor para inicializar o PLL para a fre
                       quência desejada
   16 00000000         ; Frequência do barramento é 480MHz/(PSYSDIV+1) = 480MHz
                       /(5+1) = 80 MHz
   17 00000000 00000005 
                       PSYSDIV EQU              5
   18 00000000         
   19 00000000 400FE050 
                       SYSCTL_RIS_R
                               EQU              0x400FE050
   20 00000000 00000100 
                       SYSCTL_RIS_MOSCPUPRIS
                               EQU              0x00000100  ; MOSC Power Up Raw
                                                             Interrupt Status
   21 00000000 400FE07C 
                       SYSCTL_MOSCCTL_R
                               EQU              0x400FE07C
   22 00000000 00000008 
                       SYSCTL_MOSCCTL_PWRDN
                               EQU              0x00000008  ; Power Down
   23 00000000 00000004 
                       SYSCTL_MOSCCTL_NOXTAL
                               EQU              0x00000004  ; No Crystal Connec
                                                            ted
   24 00000000 400FE0B0 
                       SYSCTL_RSCLKCFG_R
                               EQU              0x400FE0B0
   25 00000000 80000000 
                       SYSCTL_RSCLKCFG_MEMTIMU
                               EQU              0x80000000  ; Memory Timing Reg
                                                            ister Update
   26 00000000 40000000 
                       SYSCTL_RSCLKCFG_NEWFREQ
                               EQU              0x40000000  ; New PLLFREQ Accep
                                                            t
   27 00000000 10000000 
                       SYSCTL_RSCLKCFG_USEPLL
                               EQU              0x10000000  ; Use PLL
   28 00000000 0F000000 
                       SYSCTL_RSCLKCFG_PLLSRC_M



ARM Macro Assembler    Page 2 


                               EQU              0x0F000000  ; PLL Source
   29 00000000 03000000 
                       SYSCTL_RSCLKCFG_PLLSRC_MOSC
                               EQU              0x03000000  ; MOSC is the PLL i
                                                            nput clock source
   30 00000000 00F00000 
                       SYSCTL_RSCLKCFG_OSCSRC_M
                               EQU              0x00F00000  ; Oscillator Source
                                                            
   31 00000000 00300000 
                       SYSCTL_RSCLKCFG_OSCSRC_MOSC
                               EQU              0x00300000  ; MOSC is oscillato
                                                            r source
   32 00000000 000003FF 
                       SYSCTL_RSCLKCFG_PSYSDIV_M
                               EQU              0x000003FF  ; PLL System Clock 
                                                            Divisor
   33 00000000 400FE0C0 
                       SYSCTL_MEMTIM0_R
                               EQU              0x400FE0C0
   34 00000000 400FE144 
                       SYSCTL_DSCLKCFG_R
                               EQU              0x400FE144
   35 00000000 00F00000 
                       SYSCTL_DSCLKCFG_DSOSCSRC_M
                               EQU              0x00F00000  ; Deep Sleep Oscill
                                                            ator Source
   36 00000000 00300000 
                       SYSCTL_DSCLKCFG_DSOSCSRC_MOSC
                               EQU              0x00300000  ; MOSC
   37 00000000 400FE160 
                       SYSCTL_PLLFREQ0_R
                               EQU              0x400FE160
   38 00000000 00800000 
                       SYSCTL_PLLFREQ0_PLLPWR
                               EQU              0x00800000  ; PLL Power
   39 00000000 000FFC00 
                       SYSCTL_PLLFREQ0_MFRAC_M
                               EQU              0x000FFC00  ; PLL M Fractional 
                                                            Value
   40 00000000 000003FF 
                       SYSCTL_PLLFREQ0_MINT_M
                               EQU              0x000003FF  ; PLL M Integer Val
                                                            ue
   41 00000000 0000000A 
                       SYSCTL_PLLFREQ0_MFRAC_S
                               EQU              10
   42 00000000 00000000 
                       SYSCTL_PLLFREQ0_MINT_S
                               EQU              0
   43 00000000 400FE164 
                       SYSCTL_PLLFREQ1_R
                               EQU              0x400FE164
   44 00000000 00001F00 
                       SYSCTL_PLLFREQ1_Q_M
                               EQU              0x00001F00  ; PLL Q Value
   45 00000000 0000001F 
                       SYSCTL_PLLFREQ1_N_M
                               EQU              0x0000001F  ; PLL N Value



ARM Macro Assembler    Page 3 


   46 00000000 00000008 
                       SYSCTL_PLLFREQ1_Q_S
                               EQU              8
   47 00000000 00000000 
                       SYSCTL_PLLFREQ1_N_S
                               EQU              0
   48 00000000 400FE168 
                       SYSCTL_PLLSTAT_R
                               EQU              0x400FE168
   49 00000000 00000001 
                       SYSCTL_PLLSTAT_LOCK
                               EQU              0x00000001  ; PLL Lock
   50 00000000         
   51 00000000                 AREA             |.text|, CODE, READONLY, ALIGN=
2
   52 00000000                 THUMB
   53 00000000         ; ------------------------------------------------------
                       --------------------------------------------------------
                       -----------
   54 00000000         ; SYSTICK
   55 00000000         ; ------------------------------------------------------
                       --------------------------------------------------------
                       -----------
   56 00000000 E000E010 
                       NVIC_ST_CTRL_R
                               EQU              0xE000E010
   57 00000000 E000E014 
                       NVIC_ST_RELOAD_R
                               EQU              0xE000E014
   58 00000000 E000E018 
                       NVIC_ST_CURRENT_R
                               EQU              0xE000E018
   59 00000000         ; ------------------------------------------------------
                       --------------------------------------------------------
                       ----------- 
   60 00000000                 EXPORT           SysTick_Init
   61 00000000                 EXPORT           SysTick_Wait1ms
   62 00000000                 EXPORT           SysTick_Wait1us
   63 00000000         ;------------SysTick_Init------------
   64 00000000         ; Configura o sistema para utilizar o SysTick para delay
                       s
   65 00000000         ; Entrada: Nenhum
   66 00000000         ; Saída: Nenhum
   67 00000000         ; Modifica: R0, R1
   68 00000000         SysTick_Init
   69 00000000 4916            LDR              R1, =NVIC_ST_CTRL_R ; R1 = &NVI
                                                            C_ST_CTRL_R (pontei
                                                            ro)
   70 00000002 F04F 0000       MOV              R0, #0      ; desabilita Systic
                                                            k durante a configu
                                                            ração
   71 00000006 6008            STR              R0, [R1]    ; escreve no endere
                                                            ço de memória do pe
                                                            riférico
   72 00000008 4915            LDR              R1, =NVIC_ST_RELOAD_R ; R1 = &N
                                                            VIC_ST_RELOAD_R (po
                                                            inteiro)
   73 0000000A F06F 407F       LDR              R0, =0x00FFFFFF ;    ; valor má
                                                            ximo de recarga 2^2



ARM Macro Assembler    Page 4 


                                                            4 ticks
   74 0000000E 6008            STR              R0, [R1]    ; escreve no endere
                                                            ço de memória do pe
                                                            riférico o NVIC_ST_
                                                            RELOAD_M
   75 00000010 4914            LDR              R1, =NVIC_ST_CURRENT_R ; R1 = &
                                                            NVIC_ST_CURRENT_R (
                                                            ponteiro)
   76 00000012 F04F 0000       MOV              R0, #0      ; qualquer escrita 
                                                            no endereço NVIC_ST
                                                            _CURRENT_R o limpa
   77 00000016 6008            STR              R0, [R1]    ; limpa o contador
   78 00000018 4910            LDR              R1, =NVIC_ST_CTRL_R ; habilita 
                                                            o SysTick com o clo
                                                            ck do core
   79 0000001A F04F 0005       MOV              R0, #0x05   ; ENABLE | CLK_SRC
   80 0000001E 6008            STR              R0, [R1]    ; Seta os bits de E
                                                            NABLE e CLK_SRC na 
                                                            memória
   81 00000020 4770            BX               LR
   82 00000022         
   83 00000022         ;------------SysTick_Wait------------
   84 00000022         ; Atraso de tempo utilizando processador ocupado
   85 00000022         ; Entrada: R0 -> parâmetro de delay em unidades do clock
                        do core (12.5ns)
   86 00000022         ; Saída: Nenhum
   87 00000022         ; Modifica: R0, R1 e R3
   88 00000022         SysTick_Wait
   89 00000022 490F            LDR              R1, =NVIC_ST_RELOAD_R ; R1 = &N
                                                            VIC_ST_RELOAD_RSUB 
                                                            R0 (ponteiro)
   90 00000024 F1A0 0001       SUB              R0, #1
   91 00000028 6008            STR              R0, [R1]    ; delay-1, número d
                                                            e contagens para es
                                                            perar
   92 0000002A 490C            LDR              R1, =NVIC_ST_CTRL_R ; R1 = &NVI
                                                            C_ST_CTRL_R
   93 0000002C         SysTick_Wait_loop
   94 0000002C 680B            LDR              R3, [R1]    ; R3 = &NVIC_ST_CTR
                                                            L_R (ponteiro)
   95 0000002E F413 3380       ANDS             R3, R3, #0x00010000 ; O bit COU
                                                            NT está setado? (Bi
                                                            t 16)
   96 00000032 D0FB            BEQ              SysTick_Wait_loop ; Se sim perm
                                                            anece no loop
   97 00000034 4770            BX               LR          ; Se não, retorna
   98 00000036         
   99 00000036         ;------------SysTick_Wait1ms------------
  100 00000036         ; tempo de atraso usando processador ocupado. Assume um 
                       clock de 80 MHz
  101 00000036         ; Entrada: R0 --> Número de vezes para contar 1ms.
  102 00000036         ; Saída: Não tem
  103 00000036         ; Modifica: R0
  104 00000036 00013880 
                       DELAY1MS
                               EQU              80000       ; número de ciclos 
                                                            de clock para conta
                                                            r 1ms (assumindo 80
                                                             MHz)



ARM Macro Assembler    Page 5 


  105 00000036         ; 80000 x 12,5 ns = 1 ms
  106 00000036         
  107 00000036         SysTick_Wait1ms
  108 00000036 B510            PUSH             {R4, LR}    ; salva o valor atu
                                                            al de R4 e Link Reg
                                                            ister
  109 00000038 0004            MOVS             R4, R0      ; R4 = R0  numEsper
                                                            asRestantes com atu
                                                            alização dos flags
  110 0000003A D004            BEQ              SysTick_Wait1ms_done ; Se o num
                                                            EsperasRestantes ==
                                                             0, vai para o fim
  111 0000003C         SysTick_Wait1ms_loop
  112 0000003C 480A            LDR              R0, =DELAY1MS ; R0 = DELAY1MS (
                                                            número de ticks par
                                                            a contar 1ms)
  113 0000003E F7FF FFF0       BL               SysTick_Wait ; chama a rotina p
                                                            ara esperar por 1ms
                                                            
  114 00000042 1E64            SUBS             R4, R4, #1  ; R4 = R4 - 1; numE
                                                            sperasRestantes--
  115 00000044 D8FA            BHI              SysTick_Wait1ms_loop ; se (numE
                                                            sperasRestantes > 0
                                                            ), espera mais 1ms
  116 00000046         SysTick_Wait1ms_done
  117 00000046 BD10            POP              {R4, PC}    ;return
  118 00000048         
  119 00000048         ;------------SysTick_Wait1us------------
  120 00000048         ; tempo de atraso usando processador ocupado. Assume um 
                       clock de 80 MHz
  121 00000048         ; Entrada: R0 --> Número de vezes para contar 1us.
  122 00000048         ; Saída: Não tem
  123 00000048         ; Modifica: R0
  124 00000048 00000050 
                       DELAY1US
                               EQU              80          ; número de ciclos 
                                                            de clock para conta
                                                            r 1us (assumindo
  125 00000048         ; 80 MHz) 80 x 12,5 ns = 1 us
  126 00000048         
  127 00000048         SysTick_Wait1us
  128 00000048 B510            PUSH             {R4, LR}    ; salva o valor atu
                                                            al de R4 e Link Reg
                                                            ister
  129 0000004A 0004            MOVS             R4, R0      ; R4 = R0 numEspera
                                                            sRestantes com atua
                                                            lização dos flags
  130 0000004C D005            BEQ              SysTick_Wait1us_done ; Se o num
                                                            EsperasRestantes ==
                                                             0, vai para o fim
  131 0000004E         SysTick_Wait1us_loop
  132 0000004E F04F 0050       LDR              R0, =DELAY1US ; R0 = DELAY1US (
                                                            número de ticks par
                                                            a contar 1us)
  133 00000052 F7FF FFE6       BL               SysTick_Wait ; chama a rotina p
                                                            ara esperar por 1us
                                                            
  134 00000056 1E64            SUBS             R4, R4, #1  ; R4 = R4 - 1; numE
                                                            sperasRestantes--



ARM Macro Assembler    Page 6 


  135 00000058 D8F9            BHI              SysTick_Wait1us_loop ; se (numE
                                                            sperasRestantes > 0
                                                            ), espera mais 1us
  136 0000005A         SysTick_Wait1us_done
  137 0000005A BD10            POP              {R4, PC}    ;return
  138 0000005C         
  139 0000005C         ; ------------------------------------------------------
                       --------------------------------------------------------
                       -----------
  140 0000005C         ; Fim do Arquivo
  141 0000005C         ; ------------------------------------------------------
                       --------------------------------------------------------
                       -----------
  142 0000005C                 ALIGN                        ;Garante que o fim 
                                                            da seção está alinh
                                                            ada 
  143 0000005C                 END                          ;Fim do arquivo
              E000E010 
              E000E014 
              E000E018 
              00013880 
Command Line: --debug --xref --diag_suppress=9931 --cpu=Cortex-M4.fp --apcs=int
erwork --depend=.\flash\utils.d -o.\flash\utils.o -I.\RTE\_TM4C129_Flash -IC:\K
eil_v5\ARM\PACK\ARM\CMSIS\5.5.1\CMSIS\Core\Include -IC:\Keil_v5\ARM\PACK\ARM\CM
SIS\5.5.1\CMSIS\RTOS\RTX\INC -IC:\Keil_v5\ARM\PACK\Keil\TM4C_DFP\1.1.0\Device\I
nclude\TM4C129 --predefine="__RTX SETA 1" --predefine="__UVISION_VERSION SETA 5
26" --predefine="_RTE_ SETA 1" --predefine="TM4C1294NCPDT SETA 1" --list=.\flas
h\utils.lst utils.s



ARM Macro Assembler    Page 1 Alphabetic symbol ordering
Relocatable symbols

.text 00000000

Symbol: .text
   Definitions
      At line 51 in file utils.s
   Uses
      None
Comment: .text unused
SysTick_Init 00000000

Symbol: SysTick_Init
   Definitions
      At line 68 in file utils.s
   Uses
      At line 60 in file utils.s
Comment: SysTick_Init used once
SysTick_Wait 00000022

Symbol: SysTick_Wait
   Definitions
      At line 88 in file utils.s
   Uses
      At line 113 in file utils.s
      At line 133 in file utils.s

SysTick_Wait1ms 00000036

Symbol: SysTick_Wait1ms
   Definitions
      At line 107 in file utils.s
   Uses
      At line 61 in file utils.s
Comment: SysTick_Wait1ms used once
SysTick_Wait1ms_done 00000046

Symbol: SysTick_Wait1ms_done
   Definitions
      At line 116 in file utils.s
   Uses
      At line 110 in file utils.s
Comment: SysTick_Wait1ms_done used once
SysTick_Wait1ms_loop 0000003C

Symbol: SysTick_Wait1ms_loop
   Definitions
      At line 111 in file utils.s
   Uses
      At line 115 in file utils.s
Comment: SysTick_Wait1ms_loop used once
SysTick_Wait1us 00000048

Symbol: SysTick_Wait1us
   Definitions
      At line 127 in file utils.s
   Uses
      At line 62 in file utils.s
Comment: SysTick_Wait1us used once
SysTick_Wait1us_done 0000005A




ARM Macro Assembler    Page 2 Alphabetic symbol ordering
Relocatable symbols

Symbol: SysTick_Wait1us_done
   Definitions
      At line 136 in file utils.s
   Uses
      At line 130 in file utils.s
Comment: SysTick_Wait1us_done used once
SysTick_Wait1us_loop 0000004E

Symbol: SysTick_Wait1us_loop
   Definitions
      At line 131 in file utils.s
   Uses
      At line 135 in file utils.s
Comment: SysTick_Wait1us_loop used once
SysTick_Wait_loop 0000002C

Symbol: SysTick_Wait_loop
   Definitions
      At line 93 in file utils.s
   Uses
      At line 96 in file utils.s
Comment: SysTick_Wait_loop used once
10 symbols



ARM Macro Assembler    Page 1 Alphabetic symbol ordering
Absolute symbols

DELAY1MS 00013880

Symbol: DELAY1MS
   Definitions
      At line 104 in file utils.s
   Uses
      At line 112 in file utils.s
Comment: DELAY1MS used once
DELAY1US 00000050

Symbol: DELAY1US
   Definitions
      At line 124 in file utils.s
   Uses
      At line 132 in file utils.s
Comment: DELAY1US used once
NVIC_ST_CTRL_R E000E010

Symbol: NVIC_ST_CTRL_R
   Definitions
      At line 56 in file utils.s
   Uses
      At line 69 in file utils.s
      At line 78 in file utils.s
      At line 92 in file utils.s

NVIC_ST_CURRENT_R E000E018

Symbol: NVIC_ST_CURRENT_R
   Definitions
      At line 58 in file utils.s
   Uses
      At line 75 in file utils.s
Comment: NVIC_ST_CURRENT_R used once
NVIC_ST_RELOAD_R E000E014

Symbol: NVIC_ST_RELOAD_R
   Definitions
      At line 57 in file utils.s
   Uses
      At line 72 in file utils.s
      At line 89 in file utils.s

PSYSDIV 00000005

Symbol: PSYSDIV
   Definitions
      At line 17 in file utils.s
   Uses
      None
Comment: PSYSDIV unused
SYSCTL_DSCLKCFG_DSOSCSRC_M 00F00000

Symbol: SYSCTL_DSCLKCFG_DSOSCSRC_M
   Definitions
      At line 35 in file utils.s
   Uses
      None
Comment: SYSCTL_DSCLKCFG_DSOSCSRC_M unused



ARM Macro Assembler    Page 2 Alphabetic symbol ordering
Absolute symbols

SYSCTL_DSCLKCFG_DSOSCSRC_MOSC 00300000

Symbol: SYSCTL_DSCLKCFG_DSOSCSRC_MOSC
   Definitions
      At line 36 in file utils.s
   Uses
      None
Comment: SYSCTL_DSCLKCFG_DSOSCSRC_MOSC unused
SYSCTL_DSCLKCFG_R 400FE144

Symbol: SYSCTL_DSCLKCFG_R
   Definitions
      At line 34 in file utils.s
   Uses
      None
Comment: SYSCTL_DSCLKCFG_R unused
SYSCTL_MEMTIM0_R 400FE0C0

Symbol: SYSCTL_MEMTIM0_R
   Definitions
      At line 33 in file utils.s
   Uses
      None
Comment: SYSCTL_MEMTIM0_R unused
SYSCTL_MOSCCTL_NOXTAL 00000004

Symbol: SYSCTL_MOSCCTL_NOXTAL
   Definitions
      At line 23 in file utils.s
   Uses
      None
Comment: SYSCTL_MOSCCTL_NOXTAL unused
SYSCTL_MOSCCTL_PWRDN 00000008

Symbol: SYSCTL_MOSCCTL_PWRDN
   Definitions
      At line 22 in file utils.s
   Uses
      None
Comment: SYSCTL_MOSCCTL_PWRDN unused
SYSCTL_MOSCCTL_R 400FE07C

Symbol: SYSCTL_MOSCCTL_R
   Definitions
      At line 21 in file utils.s
   Uses
      None
Comment: SYSCTL_MOSCCTL_R unused
SYSCTL_PLLFREQ0_MFRAC_M 000FFC00

Symbol: SYSCTL_PLLFREQ0_MFRAC_M
   Definitions
      At line 39 in file utils.s
   Uses
      None
Comment: SYSCTL_PLLFREQ0_MFRAC_M unused
SYSCTL_PLLFREQ0_MFRAC_S 0000000A

Symbol: SYSCTL_PLLFREQ0_MFRAC_S



ARM Macro Assembler    Page 3 Alphabetic symbol ordering
Absolute symbols

   Definitions
      At line 41 in file utils.s
   Uses
      None
Comment: SYSCTL_PLLFREQ0_MFRAC_S unused
SYSCTL_PLLFREQ0_MINT_M 000003FF

Symbol: SYSCTL_PLLFREQ0_MINT_M
   Definitions
      At line 40 in file utils.s
   Uses
      None
Comment: SYSCTL_PLLFREQ0_MINT_M unused
SYSCTL_PLLFREQ0_MINT_S 00000000

Symbol: SYSCTL_PLLFREQ0_MINT_S
   Definitions
      At line 42 in file utils.s
   Uses
      None
Comment: SYSCTL_PLLFREQ0_MINT_S unused
SYSCTL_PLLFREQ0_PLLPWR 00800000

Symbol: SYSCTL_PLLFREQ0_PLLPWR
   Definitions
      At line 38 in file utils.s
   Uses
      None
Comment: SYSCTL_PLLFREQ0_PLLPWR unused
SYSCTL_PLLFREQ0_R 400FE160

Symbol: SYSCTL_PLLFREQ0_R
   Definitions
      At line 37 in file utils.s
   Uses
      None
Comment: SYSCTL_PLLFREQ0_R unused
SYSCTL_PLLFREQ1_N_M 0000001F

Symbol: SYSCTL_PLLFREQ1_N_M
   Definitions
      At line 45 in file utils.s
   Uses
      None
Comment: SYSCTL_PLLFREQ1_N_M unused
SYSCTL_PLLFREQ1_N_S 00000000

Symbol: SYSCTL_PLLFREQ1_N_S
   Definitions
      At line 47 in file utils.s
   Uses
      None
Comment: SYSCTL_PLLFREQ1_N_S unused
SYSCTL_PLLFREQ1_Q_M 00001F00

Symbol: SYSCTL_PLLFREQ1_Q_M
   Definitions
      At line 44 in file utils.s
   Uses



ARM Macro Assembler    Page 4 Alphabetic symbol ordering
Absolute symbols

      None
Comment: SYSCTL_PLLFREQ1_Q_M unused
SYSCTL_PLLFREQ1_Q_S 00000008

Symbol: SYSCTL_PLLFREQ1_Q_S
   Definitions
      At line 46 in file utils.s
   Uses
      None
Comment: SYSCTL_PLLFREQ1_Q_S unused
SYSCTL_PLLFREQ1_R 400FE164

Symbol: SYSCTL_PLLFREQ1_R
   Definitions
      At line 43 in file utils.s
   Uses
      None
Comment: SYSCTL_PLLFREQ1_R unused
SYSCTL_PLLSTAT_LOCK 00000001

Symbol: SYSCTL_PLLSTAT_LOCK
   Definitions
      At line 49 in file utils.s
   Uses
      None
Comment: SYSCTL_PLLSTAT_LOCK unused
SYSCTL_PLLSTAT_R 400FE168

Symbol: SYSCTL_PLLSTAT_R
   Definitions
      At line 48 in file utils.s
   Uses
      None
Comment: SYSCTL_PLLSTAT_R unused
SYSCTL_RIS_MOSCPUPRIS 00000100

Symbol: SYSCTL_RIS_MOSCPUPRIS
   Definitions
      At line 20 in file utils.s
   Uses
      None
Comment: SYSCTL_RIS_MOSCPUPRIS unused
SYSCTL_RIS_R 400FE050

Symbol: SYSCTL_RIS_R
   Definitions
      At line 19 in file utils.s
   Uses
      None
Comment: SYSCTL_RIS_R unused
SYSCTL_RSCLKCFG_MEMTIMU 80000000

Symbol: SYSCTL_RSCLKCFG_MEMTIMU
   Definitions
      At line 25 in file utils.s
   Uses
      None
Comment: SYSCTL_RSCLKCFG_MEMTIMU unused
SYSCTL_RSCLKCFG_NEWFREQ 40000000



ARM Macro Assembler    Page 5 Alphabetic symbol ordering
Absolute symbols


Symbol: SYSCTL_RSCLKCFG_NEWFREQ
   Definitions
      At line 26 in file utils.s
   Uses
      None
Comment: SYSCTL_RSCLKCFG_NEWFREQ unused
SYSCTL_RSCLKCFG_OSCSRC_M 00F00000

Symbol: SYSCTL_RSCLKCFG_OSCSRC_M
   Definitions
      At line 30 in file utils.s
   Uses
      None
Comment: SYSCTL_RSCLKCFG_OSCSRC_M unused
SYSCTL_RSCLKCFG_OSCSRC_MOSC 00300000

Symbol: SYSCTL_RSCLKCFG_OSCSRC_MOSC
   Definitions
      At line 31 in file utils.s
   Uses
      None
Comment: SYSCTL_RSCLKCFG_OSCSRC_MOSC unused
SYSCTL_RSCLKCFG_PLLSRC_M 0F000000

Symbol: SYSCTL_RSCLKCFG_PLLSRC_M
   Definitions
      At line 28 in file utils.s
   Uses
      None
Comment: SYSCTL_RSCLKCFG_PLLSRC_M unused
SYSCTL_RSCLKCFG_PLLSRC_MOSC 03000000

Symbol: SYSCTL_RSCLKCFG_PLLSRC_MOSC
   Definitions
      At line 29 in file utils.s
   Uses
      None
Comment: SYSCTL_RSCLKCFG_PLLSRC_MOSC unused
SYSCTL_RSCLKCFG_PSYSDIV_M 000003FF

Symbol: SYSCTL_RSCLKCFG_PSYSDIV_M
   Definitions
      At line 32 in file utils.s
   Uses
      None
Comment: SYSCTL_RSCLKCFG_PSYSDIV_M unused
SYSCTL_RSCLKCFG_R 400FE0B0

Symbol: SYSCTL_RSCLKCFG_R
   Definitions
      At line 24 in file utils.s
   Uses
      None
Comment: SYSCTL_RSCLKCFG_R unused
SYSCTL_RSCLKCFG_USEPLL 10000000

Symbol: SYSCTL_RSCLKCFG_USEPLL
   Definitions



ARM Macro Assembler    Page 6 Alphabetic symbol ordering
Absolute symbols

      At line 27 in file utils.s
   Uses
      None
Comment: SYSCTL_RSCLKCFG_USEPLL unused
37 symbols
384 symbols in table
