Component: ARM Compiler 5.06 update 6 (build 750) Tool: armlink [4d35ed]

==============================================================================

Section Cross References

    exemplotiva.o(.text) refers to rt_cmsis.o(i.osThreadCreate) for osThreadCreate
    exemplotiva.o(.text) refers to llsdiv.o(.text) for __aeabi_ldivmod
    exemplotiva.o(.text) refers to ffixll.o(x$fpl$llsfromf) for __aeabi_f2lz
    exemplotiva.o(.text) refers to rt_cmsis.o(i.osMutexCreate) for osMutexCreate
    exemplotiva.o(.text) refers to context.o(i.GrContextInit) for GrContextInit
    exemplotiva.o(.text) refers to string.o(i.GrContextFontSet) for GrContextFontSet
    exemplotiva.o(.text) refers to string.o(i.GrStringDraw) for GrStringDraw
    exemplotiva.o(.text) refers to cfaf128x128x16.o(.text) for cfaf128x128x16Init
    exemplotiva.o(.text) refers to pwm.o(.text) for initPWM
    exemplotiva.o(.text) refers to uart.o(.text) for initUART
    exemplotiva.o(.text) refers to rt_cmsis.o(i.osMutexWait) for osMutexWait
    exemplotiva.o(.text) refers to rt_cmsis.o(i.osMutexRelease) for osMutexRelease
    exemplotiva.o(.text) refers to d2f.o(x$fpl$d2f) for __aeabi_d2f
    exemplotiva.o(.text) refers to rt_cmsis.o(i.osMessagePut) for osMessagePut
    exemplotiva.o(.text) refers to rt_cmsis.o(i.osSignalSet) for osSignalSet
    exemplotiva.o(.text) refers to exemplotiva.o(.constdata) for .constdata
    exemplotiva.o(.text) refers to exemplotiva.o(.data) for .data
    exemplotiva.o(.text) refers to cfaf128x128x16.o(.constdata) for g_sCfaf128x128x16
    exemplotiva.o(.text) refers to exemplotiva.o(.bss) for .bss
    exemplotiva.o(.text) refers to fontfixed6x8.o(.constdata) for g_sFontFixed6x8
    exemplotiva.o(.text) refers to rt_cmsis.o(i.osMessageCreate) for osMessageCreate
    exemplotiva.o(.text) refers to rt_cmsis.o(i.osDelay) for osDelay
    exemplotiva.o(.text) refers to rt_cmsis.o(i.osSignalWait) for osSignalWait
    exemplotiva.o(.text) refers to rt_cmsis.o(i.osSignalClear) for osSignalClear
    exemplotiva.o(.text) refers to rt_cmsis.o(i.osMessageGet) for osMessageGet
    exemplotiva.o(.text) refers to daddsub_clz.o(x$fpl$dadd) for __aeabi_dadd
    exemplotiva.o(.text) refers to dleqf.o(x$fpl$dleqf) for __aeabi_cdcmple
    exemplotiva.o(.text) refers to dmul.o(x$fpl$dmul) for __aeabi_dmul
    exemplotiva.o(.text) refers to dfixu.o(x$fpl$dfixu) for __aeabi_d2uiz
    exemplotiva.o(.text) refers to daddsub_clz.o(x$fpl$dsub) for __aeabi_dsub
    exemplotiva.o(.text) refers to drleqf.o(x$fpl$drleqf) for __aeabi_cdrcmple
    exemplotiva.o(.text) refers to dflt_clz.o(x$fpl$dfltu) for __aeabi_ui2d
    exemplotiva.o(.text) refers to ddiv.o(x$fpl$ddiv) for __aeabi_ddiv
    exemplotiva.o(.text) refers to dflt_clz.o(x$fpl$dflt) for __aeabi_i2d
    exemplotiva.o(.text) refers to sin.o(i.__hardfp_sin) for __hardfp_sin
    exemplotiva.o(.text) refers to daddsub_clz.o(x$fpl$drsb) for __aeabi_drsub
    exemplotiva.o(.text) refers to line.o(i.GrLineDrawV) for GrLineDrawV
    exemplotiva.o(.text) refers to rt_cmsis.o(i.osKernelInitialize) for osKernelInitialize
    exemplotiva.o(.text) refers to rt_cmsis.o(i.osKernelStart) for osKernelStart
    exemplotiva.o(.constdata) refers to exemplotiva.o(.bss) for os_mutex_cb_mutex_display
    exemplotiva.o(.constdata) refers to exemplotiva.o(.bss) for os_messageQ_q_fila_amplitude_display
    exemplotiva.o(.constdata) refers to exemplotiva.o(.bss) for os_messageQ_q_fila_amplitude_PWM
    exemplotiva.o(.constdata) refers to exemplotiva.o(.bss) for os_messageQ_q_fila_handler_UART
    exemplotiva.o(.constdata) refers to exemplotiva.o(.bss) for os_messageQ_q_fila_amplitude_onda
    exemplotiva.o(.constdata) refers to exemplotiva.o(.bss) for os_messageQ_q_fila_frequencia_onda
    exemplotiva.o(.constdata) refers to exemplotiva.o(.bss) for os_messageQ_q_fila_tipo_onda
    exemplotiva.o(.constdata) refers to exemplotiva.o(.text) for geradorOnda
    exemplotiva.o(.data) refers to exemplotiva.o(.conststring) for .conststring
    buzzer.o(.text) refers to pwm.o(i.PWMClockSet) for PWMClockSet
    buzzer.o(.text) refers to pwm.o(i.PWMOutputState) for PWMOutputState
    buzzer.o(.text) refers to pwm.o(i.PWMGenPeriodGet) for PWMGenPeriodGet
    buzzer.o(.text) refers to pwm.o(i.PWMPulseWidthSet) for PWMPulseWidthSet
    buzzer.o(.text) refers to pwm.o(i.PWMGenPeriodSet) for PWMGenPeriodSet
    buzzer.o(.text) refers to sysctl.o(i.SysCtlPeripheralEnable) for SysCtlPeripheralEnable
    buzzer.o(.text) refers to sysctl.o(i.SysCtlPeripheralReady) for SysCtlPeripheralReady
    buzzer.o(.text) refers to gpio.o(i.GPIOPinTypePWM) for GPIOPinTypePWM
    buzzer.o(.text) refers to gpio.o(i.GPIOPinConfigure) for GPIOPinConfigure
    buzzer.o(.text) refers to pwm.o(i.PWMGenConfigure) for PWMGenConfigure
    buzzer.o(.text) refers to pwm.o(i.PWMOutputInvert) for PWMOutputInvert
    buzzer.o(.text) refers to pwm.o(i.PWMGenEnable) for PWMGenEnable
    buzzer.o(.text) refers to buzzer.o(.data) for .data
[...]
    __Vectors                                0x00000000   Data           4  startup_tm4c129.o(RESET)
    __ARM_exceptions_init                     - Undefined Weak Reference
    __alloca_initialize                       - Undefined Weak Reference
    __arm_preinit_                            - Undefined Weak Reference
    __cpp_initialize__aeabi_                  - Undefined Weak Reference
    __cxa_finalize                            - Undefined Weak Reference
    __rt_locale                               - Undefined Weak Reference
    __sigvec_lookup                           - Undefined Weak Reference
    _atexit_init                              - Undefined Weak Reference
    _call_atexit_fns                          - Undefined Weak Reference
    _clock_init                               - Undefined Weak Reference
    _fp_trap_init                             - Undefined Weak Reference
    _fp_trap_shutdown                         - Undefined Weak Reference
    _get_lc_collate                           - Undefined Weak Reference
    _get_lc_ctype                             - Undefined Weak Reference
    _get_lc_monetary                          - Undefined Weak Reference
    _get_lc_numeric                           - Undefined Weak Reference
    _get_lc_time                              - Undefined Weak Reference
    _getenv_init                              - Undefined Weak Reference
    _handle_redirection                       - Undefined Weak Reference
    _init_alloc                               - Undefined Weak Reference
    _init_user_alloc                          - Undefined Weak Reference
    _initio                                   - Undefined Weak Reference
    _rand_init                                - Undefined Weak Reference
    _signal_finish                            - Undefined Weak Reference
    _signal_init                              - Undefined Weak Reference
    _terminate_alloc                          - Undefined Weak Reference
    _terminate_user_alloc                     - Undefined Weak Reference
    _terminateio                              - Undefined Weak Reference
    __Vectors_End                            0x00000200   Data           0  startup_tm4c129.o(RESET)
    __Vectors_Size                           0x00000200   Number         0  startup_tm4c129.o ABSOLUTE
    __main                                   0x00000201   Thumb Code     8  __main.o(!!!main)
    __scatterload                            0x00000209   Thumb Code     0  __scatter.o(!!!scatter)
    __scatterload_rt2                        0x00000209   Thumb Code    44  __scatter.o(!!!scatter)
    __scatterload_rt2_thumb_only             0x00000209   Thumb Code     0  __scatter.o(!!!scatter)
    __scatterload_null                       0x00000217   Thumb Code     0  __scatter.o(!!!scatter)
    __scatterload_copy                       0x0000023d   Thumb Code    26  __scatter_copy.o(!!handler_copy)
    __scatterload_zeroinit                   0x00000259   Thumb Code    28  __scatter_zi.o(!!handler_zi)
    __rt_lib_init                            0x00000275   Thumb Code     0  libinit.o(.ARM.Collect$$libinit$$00000000)
    __rt_lib_init_fp_1                       0x00000277   Thumb Code     0  libinit2.o(.ARM.Collect$$libinit$$00000001)
    __rt_lib_init_alloca_1                   0x0000027b   Thumb Code     0  libinit2.o(.ARM.Collect$$libinit$$0000002E)
    __rt_lib_init_argv_1                     0x0000027b   Thumb Code     0  libinit2.o(.ARM.Collect$$libinit$$0000002C)
    __rt_lib_init_atexit_1                   0x0000027b   Thumb Code     0  libinit2.o(.ARM.Collect$$libinit$$0000001B)
    __rt_lib_init_clock_1                    0x0000027b   Thumb Code     0  libinit2.o(.ARM.Collect$$libinit$$00000021)
    __rt_lib_init_cpp_1                      0x0000027b   Thumb Code     0  libinit2.o(.ARM.Collect$$libinit$$00000032)
    __rt_lib_init_exceptions_1               0x0000027b   Thumb Code     0  libinit2.o(.ARM.Collect$$libinit$$00000030)
    __rt_lib_init_fp_trap_1                  0x0000027b   Thumb Code     0  libinit2.o(.ARM.Collect$$libinit$$0000001F)
    __rt_lib_init_getenv_1                   0x0000027b   Thumb Code     0  libinit2.o(.ARM.Collect$$libinit$$00000023)
    __rt_lib_init_heap_1                     0x0000027b   Thumb Code     0  libinit2.o(.ARM.Collect$$libinit$$0000000A)
    __rt_lib_init_lc_collate_1               0x0000027b   Thumb Code     0  libinit2.o(.ARM.Collect$$libinit$$00000011)
    __rt_lib_init_lc_ctype_1                 0x0000027b   Thumb Code     0  libinit2.o(.ARM.Collect$$libinit$$00000013)
    __rt_lib_init_lc_monetary_1              0x0000027b   Thumb Code     0  libinit2.o(.ARM.Collect$$libinit$$00000015)
    __rt_lib_init_lc_numeric_1               0x0000027b   Thumb Code     0  libinit2.o(.ARM.Collect$$libinit$$00000017)
    __rt_lib_init_lc_time_1                  0x0000027b   Thumb Code     0  libinit2.o(.ARM.Collect$$libinit$$00000019)
    __rt_lib_init_preinit_1                  0x0000027b   Thumb Code     0  libinit2.o(.ARM.Collect$$libinit$$00000004)
    __rt_lib_init_rand_1                     0x0000027b   Thumb Code     0  libinit2.o(.ARM.Collect$$libinit$$0000000E)
    __rt_lib_init_return                     0x0000027b   Thumb Code     0  libinit2.o(.ARM.Collect$$libinit$$00000033)
    __rt_lib_init_signal_1                   0x0000027b   Thumb Code     0  libinit2.o(.ARM.Collect$$libinit$$0000001D)
    __rt_lib_init_stdio_1                    0x0000027b   Thumb Code     0  libinit2.o(.ARM.Collect$$libinit$$00000025)
    __rt_lib_init_user_alloc_1               0x0000027b   Thumb Code     0  libinit2.o(.ARM.Collect$$libinit$$0000000C)
    __rt_lib_shutdown                        0x0000027d   Thumb Code     0  libshutdown.o(.ARM.Collect$$libshutdown$$00000000)
    __rt_lib_shutdown_cpp_1                  0x0000027f   Thumb Code     0  libshutdown2.o(.ARM.Collect$$libshutdown$$00000002)
    __rt_lib_shutdown_fp_trap_1              0x0000027f   Thumb Code     0  libshutdown2.o(.ARM.Collect$$libshutdown$$00000007)
    __rt_lib_shutdown_heap_1                 0x0000027f   Thumb Code     0  libshutdown2.o(.ARM.Collect$$libshutdown$$0000000F)
    __rt_lib_shutdown_return                 0x0000027f   Thumb Code     0  libshutdown2.o(.ARM.Collect$$libshutdown$$00000010)
    __rt_lib_shutdown_signal_1               0x0000027f   Thumb Code     0  libshutdown2.o(.ARM.Collect$$libshutdown$$0000000A)
    __rt_lib_shutdown_stdio_1                0x0000027f   Thumb Code     0  libshutdown2.o(.ARM.Collect$$libshutdown$$00000004)
    __rt_lib_shutdown_user_alloc_1           0x0000027f   Thumb Code     0  libshutdown2.o(.ARM.Collect$$libshutdown$$0000000C)
    __rt_entry                               0x00000281   Thumb Code     0  __rtentry.o(.ARM.Collect$$rtentry$$00000000)
    __rt_entry_presh_1                       0x00000281   Thumb Code     0  __rtentry2.o(.ARM.Collect$$rtentry$$00000002)
    __rt_entry_sh                            0x00000281   Thumb Code     0  __rtentry4.o(.ARM.Collect$$rtentry$$00000004)
    __rt_entry_li                            0x00000287   Thumb Code     0  __rtentry2.o(.ARM.Collect$$rtentry$$0000000A)
    __rt_entry_postsh_1                      0x00000287   Thumb Code     0  __rtentry2.o(.ARM.Collect$$rtentry$$00000009)
    __rt_entry_postli_1                      0x0000028b   Thumb Code     0  __rtentry2.o(.ARM.Collect$$rtentry$$0000000B)
    __rt_entry_main                          0x00000293   Thumb Code     0  __rtentry2.o(.ARM.Collect$$rtentry$$0000000D)
    __rt_exit                                0x0000029b   Thumb Code     0  rtexit.o(.ARM.Collect$$rtexit$$00000000)
    __rt_exit_ls                             0x0000029d   Thumb Code     0  rtexit2.o(.ARM.Collect$$rtexit$$00000003)
    __rt_exit_prels_1                        0x0000029d   Thumb Code     0  rtexit2.o(.ARM.Collect$$rtexit$$00000002)
    __rt_exit_exit                           0x000002a1   Thumb Code     0  rtexit2.o(.ARM.Collect$$rtexit$$00000004)
    _platform_post_lib_init                  0x000002a9   Thumb Code    24  rtx_conf_cm.o(.emb_text)
    SysCtlDelay                              0x000002c5   Thumb Code     6  sysctl.o(.emb_text)
    rt_set_PSP                               0x000002cd   Thumb Code     6  hal_cm4.o(.emb_text)
    rt_get_PSP                               0x000002d3   Thumb Code     6  hal_cm4.o(.emb_text)
    os_set_env                               0x000002d9   Thumb Code    24  hal_cm4.o(.emb_text)
    _alloc_box                               0x000002f5   Thumb Code    28  hal_cm4.o(.emb_text)
    _free_box                                0x00000315   Thumb Code    28  hal_cm4.o(.emb_text)
    SVC_Handler                              0x00000335   Thumb Code   168  hal_cm4.o(.emb_text)
    PendSV_Handler                           0x000003ed   Thumb Code    96  hal_cm4.o(.emb_text)
    SysTick_Handler                          0x00000451   Thumb Code     8  hal_cm4.o(.emb_text)
    OS_Tick_Handler                          0x00000459   Thumb Code    12  hal_cm4.o(.emb_text)
    Init_Thread                              0x00000465   Thumb Code    82  exemplotiva.o(.text)
    __RL_RTX_VER                             0x00000482   Number         0  rt_system.o ABSOLUTE
    init_mutex                               0x00000631   Thumb Code    16  exemplotiva.o(.text)
    init_sidelong_menu                       0x00000641   Thumb Code   104  exemplotiva.o(.text)
    init_all                                 0x000006a9   Thumb Code    24  exemplotiva.o(.text)
    draw_pixel                               0x000006c1   Thumb Code    78  exemplotiva.o(.text)
    printInt                                 0x0000070f   Thumb Code    90  exemplotiva.o(.text)
    printDouble                              0x00000769   Thumb Code   106  exemplotiva.o(.text)
    printString                              0x000007d3   Thumb Code    64  exemplotiva.o(.text)
    UART0_Handler                            0x00000813   Thumb Code   106  exemplotiva.o(.text)
    tratamentoHandler                        0x0000087d   Thumb Code   528  exemplotiva.o(.text)
    geradorOnda                              0x00000a8d   Thumb Code  1402  exemplotiva.o(.text)
    mostraDisplay                            0x00001007   Thumb Code   140  exemplotiva.o(.text)
    PWM                                      0x00001093   Thumb Code    74  exemplotiva.o(.text)
    main                                     0x000010dd   Thumb Code   122  exemplotiva.o(.text)
    cfaf128x128x16Rect                       0x000012e9   Thumb Code   100  cfaf128x128x16.o(.text)
    cfaf128x128x16LineVer                    0x0000134d   Thumb Code    22  cfaf128x128x16.o(.text)
    cfaf128x128x16LineHor                    0x00001363   Thumb Code    16  cfaf128x128x16.o(.text)
    cfaf128x128x16Dot                        0x00001373   Thumb Code    22  cfaf128x128x16.o(.text)
    cfaf128x128x16SetOrientation             0x000015cd   Thumb Code    70  cfaf128x128x16.o(.text)
    cfaf128x128x16ClearColor                 0x00001613   Thumb Code    36  cfaf128x128x16.o(.text)
    cfaf128x128x16Clear                      0x00001637   Thumb Code     4  cfaf128x128x16.o(.text)
    InitSSICom                               0x0000163b   Thumb Code   138  cfaf128x128x16.o(.text)
    cfaf128x128x16Init                       0x000016c5   Thumb Code   322  cfaf128x128x16.o(.text)
    writeUART                                0x00001855   Thumb Code    12  uart.o(.text)
    UARTprintString                          0x00001861   Thumb Code    20  uart.o(.text)
    UARTprintMenu                            0x00001875   Thumb Code    70  uart.o(.text)
    initUART                                 0x000018bb   Thumb Code   168  uart.o(.text)
    UARTreceive                              0x00001963   Thumb Code    14  uart.o(.text)
    PWM_enable                               0x00001a9d   Thumb Code    30  pwm.o(.text)
    PWM_amplitude_set                        0x00001abb   Thumb Code    58  pwm.o(.text)
    PWM_per_set                              0x00001af5   Thumb Code    52  pwm.o(.text)
    initPWM                                  0x00001b29   Thumb Code   128  pwm.o(.text)
    os_idle_demon                            0x00001bc5   Thumb Code     2  rtx_conf_cm.o(.text)
    os_error                                 0x00001bc7   Thumb Code     2  rtx_conf_cm.o(.text)
    __user_perthread_libspace                0x00001bc9   Thumb Code    32  rtx_conf_cm.o(.text)
    _mutex_initialize                        0x00001be9   Thumb Code    34  rtx_conf_cm.o(.text)
    _mutex_acquire                           0x00001c0b   Thumb Code    22  rtx_conf_cm.o(.text)
    _mutex_release                           0x00001c21   Thumb Code    18  rtx_conf_cm.o(.text)
    Reset_Handler                            0x00001c51   Thumb Code     8  startup_tm4c129.o(.text)
    NMI_Handler                              0x00001c59   Thumb Code     2  startup_tm4c129.o(.text)
    HardFault_Handler                        0x00001c5b   Thumb Code     2  startup_tm4c129.o(.text)
    MemManage_Handler                        0x00001c5d   Thumb Code     2  startup_tm4c129.o(.text)
    BusFault_Handler                         0x00001c5f   Thumb Code     2  startup_tm4c129.o(.text)
    UsageFault_Handler                       0x00001c61   Thumb Code     2  startup_tm4c129.o(.text)
    DebugMon_Handler                         0x00001c65   Thumb Code     2  startup_tm4c129.o(.text)
    GPIOA_Handler                            0x00001c6b   Thumb Code     2  startup_tm4c129.o(.text)
    GPIOB_Handler                            0x00001c6d   Thumb Code     2  startup_tm4c129.o(.text)
    GPIOC_Handler                            0x00001c6f   Thumb Code     2  startup_tm4c129.o(.text)
    GPIOD_Handler                            0x00001c71   Thumb Code     2  startup_tm4c129.o(.text)
    GPIOE_Handler                            0x00001c73   Thumb Code     2  startup_tm4c129.o(.text)
    UART1_Handler                            0x00001c77   Thumb Code     2  startup_tm4c129.o(.text)
    SSI0_Handler                             0x00001c79   Thumb Code     2  startup_tm4c129.o(.text)
    I2C0_Handler                             0x00001c7b   Thumb Code     2  startup_tm4c129.o(.text)
    PMW0_FAULT_Handler                       0x00001c7d   Thumb Code     2  startup_tm4c129.o(.text)
    PWM0_0_Handler                           0x00001c7f   Thumb Code     2  startup_tm4c129.o(.text)
    PWM0_1_Handler                           0x00001c81   Thumb Code     2  startup_tm4c129.o(.text)
    PWM0_2_Handler                           0x00001c83   Thumb Code     2  startup_tm4c129.o(.text)
    QEI0_Handler                             0x00001c85   Thumb Code     2  startup_tm4c129.o(.text)
    ADC0SS0_Handler                          0x00001c87   Thumb Code     2  startup_tm4c129.o(.text)
    ADC0SS1_Handler                          0x00001c89   Thumb Code     2  startup_tm4c129.o(.text)
    ADC0SS2_Handler                          0x00001c8b   Thumb Code     2  startup_tm4c129.o(.text)
    ADC0SS3_Handler                          0x00001c8d   Thumb Code     2  startup_tm4c129.o(.text)
    WDT0_Handler                             0x00001c8f   Thumb Code     2  startup_tm4c129.o(.text)
    TIMER0A_Handler                          0x00001c91   Thumb Code     2  startup_tm4c129.o(.text)
    TIMER0B_Handler                          0x00001c93   Thumb Code     2  startup_tm4c129.o(.text)
    TIMER1A_Handler                          0x00001c95   Thumb Code     2  startup_tm4c129.o(.text)
    TIMER1B_Handler                          0x00001c97   Thumb Code     2  startup_tm4c129.o(.text)
    TIMER2A_Handler                          0x00001c99   Thumb Code     2  startup_tm4c129.o(.text)
    TIMER2B_Handler                          0x00001c9b   Thumb Code     2  startup_tm4c129.o(.text)
    COMP0_Handler                            0x00001c9d   Thumb Code     2  startup_tm4c129.o(.text)
    COMP1_Handler                            0x00001c9f   Thumb Code     2  startup_tm4c129.o(.text)
    COMP2_Handler                            0x00001ca1   Thumb Code     2  startup_tm4c129.o(.text)
    SYSCTL_Handler                           0x00001ca3   Thumb Code     2  startup_tm4c129.o(.text)
    FLASH_Handler                            0x00001ca5   Thumb Code     2  startup_tm4c129.o(.text)
    GPIOF_Handler                            0x00001ca7   Thumb Code     2  startup_tm4c129.o(.text)
    GPIOG_Handler                            0x00001ca9   Thumb Code     2  startup_tm4c129.o(.text)
    GPIOH_Handler                            0x00001cab   Thumb Code     2  startup_tm4c129.o(.text)
    UART2_Handler                            0x00001cad   Thumb Code     2  startup_tm4c129.o(.text)
    SSI1_Handler                             0x00001caf   Thumb Code     2  startup_tm4c129.o(.text)
    TIMER3A_Handler                          0x00001cb1   Thumb Code     2  startup_tm4c129.o(.text)
    TIMER3B_Handler                          0x00001cb3   Thumb Code     2  startup_tm4c129.o(.text)
    I2C1_Handler                             0x00001cb5   Thumb Code     2  startup_tm4c129.o(.text)
    CAN0_Handler                             0x00001cb7   Thumb Code     2  startup_tm4c129.o(.text)
    CAN1_Handler                             0x00001cb9   Thumb Code     2  startup_tm4c129.o(.text)
    ETH_Handler                              0x00001cbb   Thumb Code     2  startup_tm4c129.o(.text)
    HIB_Handler                              0x00001cbd   Thumb Code     2  startup_tm4c129.o(.text)
    USB0_Handler                             0x00001cbf   Thumb Code     2  startup_tm4c129.o(.text)
    PWM0_3_Handler                           0x00001cc1   Thumb Code     2  startup_tm4c129.o(.text)
    UDMA_Handler                             0x00001cc3   Thumb Code     2  startup_tm4c129.o(.text)
    UDMAERR_Handler                          0x00001cc5   Thumb Code     2  startup_tm4c129.o(.text)
    ADC1SS0_Handler                          0x00001cc7   Thumb Code     2  startup_tm4c129.o(.text)
    ADC1SS1_Handler                          0x00001cc9   Thumb Code     2  startup_tm4c129.o(.text)
    ADC1SS2_Handler                          0x00001ccb   Thumb Code     2  startup_tm4c129.o(.text)
    ADC1SS3_Handler                          0x00001ccd   Thumb Code     2  startup_tm4c129.o(.text)
    EBI0_Handler                             0x00001ccf   Thumb Code     2  startup_tm4c129.o(.text)
    GPIOJ_Handler                            0x00001cd1   Thumb Code     2  startup_tm4c129.o(.text)
    GPIOK_Handler                            0x00001cd3   Thumb Code     2  startup_tm4c129.o(.text)
    GPIOL_Handler                            0x00001cd5   Thumb Code     2  startup_tm4c129.o(.text)
    SSI2_Handler                             0x00001cd7   Thumb Code     2  startup_tm4c129.o(.text)
    SSI3_Handler                             0x00001cd9   Thumb Code     2  startup_tm4c129.o(.text)
    UART3_Handler                            0x00001cdb   Thumb Code     2  startup_tm4c129.o(.text)
    UART4_Handler                            0x00001cdd   Thumb Code     2  startup_tm4c129.o(.text)
    UART5_Handler                            0x00001cdf   Thumb Code     2  startup_tm4c129.o(.text)
    UART6_Handler                            0x00001ce1   Thumb Code     2  startup_tm4c129.o(.text)
    UART7_Handler                            0x00001ce3   Thumb Code     2  startup_tm4c129.o(.text)
    I2C2_Handler                             0x00001ce5   Thumb Code     2  startup_tm4c129.o(.text)
    I2C3_Handler                             0x00001ce7   Thumb Code     2  startup_tm4c129.o(.text)
    TIMER4A_Handler                          0x00001ce9   Thumb Code     2  startup_tm4c129.o(.text)
    TIMER4B_Handler                          0x00001ceb   Thumb Code     2  startup_tm4c129.o(.text)
    TIMER5A_Handler                          0x00001ced   Thumb Code     2  startup_tm4c129.o(.text)
    TIMER5B_Handler                          0x00001cef   Thumb Code     2  startup_tm4c129.o(.text)
    WTIMER0A_Handler                         0x00001cf1   Thumb Code     2  startup_tm4c129.o(.text)
    WTIMER0B_Handler                         0x00001cf3   Thumb Code     2  startup_tm4c129.o(.text)
    WTIMER1A_Handler                         0x00001cf5   Thumb Code     2  startup_tm4c129.o(.text)
    WTIMER1B_Handler                         0x00001cf7   Thumb Code     2  startup_tm4c129.o(.text)
    WTIMER2A_Handler                         0x00001cf9   Thumb Code     2  startup_tm4c129.o(.text)
    WTIMER2B_Handler                         0x00001cfb   Thumb Code     2  startup_tm4c129.o(.text)
    WTIMER3A_Handler                         0x00001cfd   Thumb Code     2  startup_tm4c129.o(.text)
    WTIMER3B_Handler                         0x00001cff   Thumb Code     2  startup_tm4c129.o(.text)
    WTIMER4A_Handler                         0x00001d01   Thumb Code     2  startup_tm4c129.o(.text)
    WTIMER4B_Handler                         0x00001d03   Thumb Code     2  startup_tm4c129.o(.text)
    WTIMER5A_Handler                         0x00001d05   Thumb Code     2  startup_tm4c129.o(.text)
    WTIMER5B_Handler                         0x00001d07   Thumb Code     2  startup_tm4c129.o(.text)
    FPU_Handler                              0x00001d09   Thumb Code     2  startup_tm4c129.o(.text)
    I2C4_Handler                             0x00001d0b   Thumb Code     2  startup_tm4c129.o(.text)
    I2C5_Handler                             0x00001d0d   Thumb Code     2  startup_tm4c129.o(.text)
    GPIOM_Handler                            0x00001d0f   Thumb Code     2  startup_tm4c129.o(.text)
    GPION_Handler                            0x00001d11   Thumb Code     2  startup_tm4c129.o(.text)
    TAMPER_Handler                           0x00001d13   Thumb Code     2  startup_tm4c129.o(.text)
    GPIOP0_Handler                           0x00001d15   Thumb Code     2  startup_tm4c129.o(.text)
    GPIOP1_Handler                           0x00001d17   Thumb Code     2  startup_tm4c129.o(.text)
    GPIOP2_Handler                           0x00001d19   Thumb Code     2  startup_tm4c129.o(.text)
    GPIOP3_Handler                           0x00001d1b   Thumb Code     2  startup_tm4c129.o(.text)
    GPIOP4_Handler                           0x00001d1d   Thumb Code     2  startup_tm4c129.o(.text)
    GPIOP5_Handler                           0x00001d1f   Thumb Code     2  startup_tm4c129.o(.text)
    GPIOP6_Handler                           0x00001d21   Thumb Code     2  startup_tm4c129.o(.text)
    GPIOP7_Handler                           0x00001d23   Thumb Code     2  startup_tm4c129.o(.text)
    GPIOQ0_Handler                           0x00001d25   Thumb Code     2  startup_tm4c129.o(.text)
    GPIOQ1_Handler                           0x00001d27   Thumb Code     2  startup_tm4c129.o(.text)
    GPIOQ2_Handler                           0x00001d29   Thumb Code     2  startup_tm4c129.o(.text)
    GPIOQ3_Handler                           0x00001d2b   Thumb Code     2  startup_tm4c129.o(.text)
    GPIOQ4_Handler                           0x00001d2d   Thumb Code     2  startup_tm4c129.o(.text)
    GPIOQ5_Handler                           0x00001d2f   Thumb Code     2  startup_tm4c129.o(.text)
    GPIOQ6_Handler                           0x00001d31   Thumb Code     2  startup_tm4c129.o(.text)
    GPIOQ7_Handler                           0x00001d33   Thumb Code     2  startup_tm4c129.o(.text)
    GPIOR_Handler                            0x00001d35   Thumb Code     2  startup_tm4c129.o(.text)
    GPIOS_Handler                            0x00001d37   Thumb Code     2  startup_tm4c129.o(.text)
    SHAMD5_Handler                           0x00001d39   Thumb Code     2  startup_tm4c129.o(.text)
    AES_Handler                              0x00001d3b   Thumb Code     2  startup_tm4c129.o(.text)
    DES3DES_Handler                          0x00001d3d   Thumb Code     2  startup_tm4c129.o(.text)
    LCDCONTROLLER_Handler                    0x00001d3f   Thumb Code     2  startup_tm4c129.o(.text)
    TIMER6A_Handler                          0x00001d41   Thumb Code     2  startup_tm4c129.o(.text)
    TIMER6B_Handler                          0x00001d43   Thumb Code     2  startup_tm4c129.o(.text)
    TIMER7A_Handler                          0x00001d45   Thumb Code     2  startup_tm4c129.o(.text)
    TIMER7B_Handler                          0x00001d47   Thumb Code     2  startup_tm4c129.o(.text)
    I2C6_Handler                             0x00001d49   Thumb Code     2  startup_tm4c129.o(.text)
    I2C7_Handler                             0x00001d4b   Thumb Code     2  startup_tm4c129.o(.text)
    HIMSCANKEYBOARD_Handler                  0x00001d4d   Thumb Code     2  startup_tm4c129.o(.text)
    ONEWIRE_Handler                          0x00001d4f   Thumb Code     2  startup_tm4c129.o(.text)
    HIMPS2_Handler                           0x00001d51   Thumb Code     2  startup_tm4c129.o(.text)
    HIMLEDSEQUENCER_Handler                  0x00001d53   Thumb Code     2  startup_tm4c129.o(.text)
    HIMCONSUMERIR_Handler                    0x00001d55   Thumb Code     2  startup_tm4c129.o(.text)
    I2C8_Handler                             0x00001d57   Thumb Code     2  startup_tm4c129.o(.text)
    I2C9_Handler                             0x00001d59   Thumb Code     2  startup_tm4c129.o(.text)
    GPIOT_Handler                            0x00001d5b   Thumb Code     2  startup_tm4c129.o(.text)
    __user_initial_stackheap                 0x00001d5d   Thumb Code     0  startup_tm4c129.o(.text)
    SystemCoreClockUpdate                    0x00001d7d   Thumb Code     8  system_tm4c129.o(.text)
    SystemInit                               0x00001d85   Thumb Code    18  system_tm4c129.o(.text)
    __user_libspace                          0x00001da5   Thumb Code     8  libspace.o(.text)
    __user_perproc_libspace                  0x00001da5   Thumb Code     0  libspace.o(.text)
    __aeabi_uldivmod                         0x00001dad   Thumb Code     0  lludivv7m.o(.text)
    _ll_udiv                                 0x00001dad   Thumb Code   238  lludivv7m.o(.text)
    __aeabi_ldivmod                          0x00001e9b   Thumb Code     0  llsdiv.o(.text)
    _ll_sdiv                                 0x00001e9b   Thumb Code    72  llsdiv.o(.text)
    exit                                     0x00001ee3   Thumb Code    18  exit.o(.text)
    __use_two_region_memory                  0x00001ef5   Thumb Code     2  heapauxi.o(.text)
    __rt_heap_escrow$2region                 0x00001ef7   Thumb Code     2  heapauxi.o(.text)
    __rt_heap_expand$2region                 0x00001ef9   Thumb Code     2  heapauxi.o(.text)
    __read_errno                             0x00001efb   Thumb Code    10  _rserrno.o(.text)
    __set_errno                              0x00001f05   Thumb Code    12  _rserrno.o(.text)
    __aeabi_errno_addr                       0x00001f11   Thumb Code     4  rt_errno_addr_twolibspace.o(.text)
    __errno$twolibspace                      0x00001f11   Thumb Code     0  rt_errno_addr_twolibspace.o(.text)
    __rt_errno_addr$twolibspace              0x00001f11   Thumb Code     0  rt_errno_addr_twolibspace.o(.text)
    _sys_exit                                0x00001f15   Thumb Code     8  sys_exit.o(.text)
    __user_setup_stackheap                   0x00001f21   Thumb Code    74  sys_stackheap_outer.o(.text)
    __I$use$semihosting                      0x00001f6b   Thumb Code     0  use_no_semi.o(.text)
    __use_no_semihosting_swi                 0x00001f6b   Thumb Code     2  use_no_semi.o(.text)
    SVC_Count                                0x00001f6c   Data           4  svc_table.o(SVC_TABLE)
    __semihosting_library_function           0x00001f6d   Thumb Code     0  indicate_semi.o(.text)
    GPIODirModeSet                           0x00001f71   Thumb Code    40  gpio.o(i.GPIODirModeSet)
    SVC_Table                                0x00001f70   Data           0  svc_table.o(SVC_TABLE)
    GPIOPadConfigSet                         0x00001f99   Thumb Code   312  gpio.o(i.GPIOPadConfigSet)
    GPIOPinConfigure                         0x000020d1   Thumb Code    60  gpio.o(i.GPIOPinConfigure)
    GPIOPinTypePWM                           0x00002115   Thumb Code    28  gpio.o(i.GPIOPinTypePWM)
    GPIOPinTypeUART                          0x00002131   Thumb Code    28  gpio.o(i.GPIOPinTypeUART)
    GrContextFontSet                         0x0000214d   Thumb Code     6  string.o(i.GrContextFontSet)
    GrContextInit                            0x00002155   Thumb Code    88  context.o(i.GrContextInit)
    GrDefaultStringRenderer                  0x000021b9   Thumb Code   280  string.o(i.GrDefaultStringRenderer)
    GrFontGlyphDataGet                       0x000022d1   Thumb Code   166  string.o(i.GrFontGlyphDataGet)
    GrFontGlyphRender                        0x00002377   Thumb Code   648  string.o(i.GrFontGlyphRender)
    GrLineDrawV                              0x000025ff   Thumb Code    76  line.o(i.GrLineDrawV)
    GrMapISO8859_1_Unicode                   0x0000264b   Thumb Code     8  charmap.o(i.GrMapISO8859_1_Unicode)
    GrStringDraw                             0x00002653   Thumb Code    32  string.o(i.GrStringDraw)
    PWMGenEnable                             0x00002673   Thumb Code    10  pwm.o(i.PWMGenEnable)
    PWMGenPeriodGet                          0x0000267d   Thumb Code    18  pwm.o(i.PWMGenPeriodGet)
    PWMGenPeriodSet                          0x0000268f   Thumb Code    18  pwm.o(i.PWMGenPeriodSet)
    PWMOutputInvert                          0x000026a1   Thumb Code    16  pwm.o(i.PWMOutputInvert)
    PWMPulseWidthSet                         0x000026b1   Thumb Code    32  pwm.o(i.PWMPulseWidthSet)
    SysCtlClockFreqSet                       0x000026d1   Thumb Code   706  sysctl.o(i.SysCtlClockFreqSet)
    SysCtlPeripheralEnable                   0x000029bd   Thumb Code    36  sysctl.o(i.SysCtlPeripheralEnable)
    SysCtlPeripheralReady                    0x000029e5   Thumb Code    40  sysctl.o(i.SysCtlPeripheralReady)
    UARTConfigSetExpClk                      0x00002a11   Thumb Code   110  uart.o(i.UARTConfigSetExpClk)
    UARTEnable                               0x00002a7f   Thumb Code    20  uart.o(i.UARTEnable)
    __ARM_fpclassify                         0x00002aff   Thumb Code    48  fpclassify.o(i.__ARM_fpclassify)
    __hardfp_sin                             0x00002b31   Thumb Code   180  sin.o(i.__hardfp_sin)
    __ieee754_rem_pio2                       0x00002bf9   Thumb Code   938  rred.o(i.__ieee754_rem_pio2)
    __kernel_cos                             0x00003031   Thumb Code   322  cos_i.o(i.__kernel_cos)
    __kernel_poly                            0x000031a1   Thumb Code   248  poly.o(i.__kernel_poly)
    __kernel_sin                             0x00003299   Thumb Code   280  sin_i.o(i.__kernel_sin)
    __mathlib_dbl_infnan                     0x000033c9   Thumb Code    20  dunder.o(i.__mathlib_dbl_infnan)
    __mathlib_dbl_invalid                    0x000033e1   Thumb Code    24  dunder.o(i.__mathlib_dbl_invalid)
    __mathlib_dbl_underflow                  0x00003401   Thumb Code    24  dunder.o(i.__mathlib_dbl_underflow)
    _init_box                                0x00003421   Thumb Code    70  rt_membox.o(i._init_box)
    dbg_init                                 0x00003469   Thumb Code    34  hal_cm.o(i.dbg_init)
    dbg_task_notify                          0x00003499   Thumb Code    32  hal_cm.o(i.dbg_task_notify)
    dbg_task_switch                          0x000034b9   Thumb Code    16  hal_cm.o(i.dbg_task_switch)
    fabs                                     0x000034c9   Thumb Code    24  fabs.o(i.fabs)
    isrMessageGet                            0x000034e1   Thumb Code    42  rt_cmsis.o(i.isrMessageGet)
    isrMessagePut                            0x0000350b   Thumb Code    44  rt_cmsis.o(i.isrMessagePut)
    isrSignalSet                             0x00003537   Thumb Code    36  rt_cmsis.o(i.isrSignalSet)
    isr_evt_set                              0x0000355d   Thumb Code    34  rt_event.o(i.isr_evt_set)
    isr_mbx_receive                          0x00003585   Thumb Code    86  rt_mailbox.o(i.isr_mbx_receive)
    isr_mbx_send                             0x000035db   Thumb Code    14  rt_mailbox.o(i.isr_mbx_send)
    osDelay                                  0x000035e9   Thumb Code    18  rt_cmsis.o(i.osDelay)
    osKernelInitialize                       0x00003601   Thumb Code    30  rt_cmsis.o(i.osKernelInitialize)
    osKernelStart                            0x00003625   Thumb Code    98  rt_cmsis.o(i.osKernelStart)
    osMessageCreate                          0x00003691   Thumb Code    36  rt_cmsis.o(i.osMessageCreate)
    osMessageGet                             0x000036bd   Thumb Code    18  rt_cmsis.o(i.osMessageGet)
    osMessagePut                             0x000036d5   Thumb Code    18  rt_cmsis.o(i.osMessagePut)
    osMutexCreate                            0x000036ed   Thumb Code    36  rt_cmsis.o(i.osMutexCreate)
    osMutexRelease                           0x00003719   Thumb Code    18  rt_cmsis.o(i.osMutexRelease)
    osMutexWait                              0x00003731   Thumb Code    18  rt_cmsis.o(i.osMutexWait)
    osSignalClear                            0x00003749   Thumb Code    20  rt_cmsis.o(i.osSignalClear)
    osSignalSet                              0x00003761   Thumb Code    18  rt_cmsis.o(i.osSignalSet)
    osSignalWait                             0x00003779   Thumb Code    18  rt_cmsis.o(i.osSignalWait)
    osThreadCreate                           0x00003791   Thumb Code    36  rt_cmsis.o(i.osThreadCreate)
    osThreadExit                             0x000037bd   Thumb Code    14  rt_cmsis.o(i.osThreadExit)
    osTimerCall                              0x000037d5   Thumb Code     8  rt_cmsis.o(i.osTimerCall)
    osTimerThread                            0x000037e1   Thumb Code    38  rt_cmsis.o(i.osTimerThread)
    os_tick_init                             0x0000380d   Thumb Code    32  rt_system.o(i.os_tick_init)
    os_tick_irqack                           0x00003835   Thumb Code     2  rt_system.o(i.os_tick_irqack)
    rt_alloc_box                             0x00003837   Thumb Code    26  rt_membox.o(i.rt_alloc_box)
    rt_alloc_mem                             0x00003851   Thumb Code    62  rt_memory.o(i.rt_alloc_mem)
    rt_block                                 0x00003891   Thumb Code    48  rt_task.o(i.rt_block)
    rt_chk_robin                             0x000038c9   Thumb Code    60  rt_robin.o(i.rt_chk_robin)
    rt_dec_dly                               0x00003911   Thumb Code   102  rt_list.o(i.rt_dec_dly)
    rt_dispatch                              0x00003981   Thumb Code    60  rt_task.o(i.rt_dispatch)
    rt_dly_wait                              0x000039c5   Thumb Code     6  rt_time.o(i.rt_dly_wait)
    rt_evt_clr                               0x000039cd   Thumb Code    22  rt_event.o(i.rt_evt_clr)
    rt_evt_psh                               0x000039e9   Thumb Code    76  rt_event.o(i.rt_evt_psh)
    rt_evt_set                               0x00003a39   Thumb Code    88  rt_event.o(i.rt_evt_set)
    rt_evt_wait                              0x00003a95   Thumb Code    56  rt_event.o(i.rt_evt_wait)
    rt_free_box                              0x00003ad1   Thumb Code    44  rt_membox.o(i.rt_free_box)
    rt_free_mem                              0x00003afd   Thumb Code    40  rt_memory.o(i.rt_free_mem)
    rt_get_first                             0x00003b25   Thumb Code    40  rt_list.o(i.rt_get_first)
    rt_init_mem                              0x00003b9d   Thumb Code    26  rt_memory.o(i.rt_init_mem)
    rt_init_robin                            0x00003bb9   Thumb Code    14  rt_robin.o(i.rt_init_robin)
    rt_init_stack                            0x00003bd1   Thumb Code   118  hal_cm.o(i.rt_init_stack)
    rt_mbx_check                             0x00003c51   Thumb Code     8  rt_mailbox.o(i.rt_mbx_check)
    rt_mbx_init                              0x00003c59   Thumb Code    26  rt_mailbox.o(i.rt_mbx_init)
    rt_mbx_psh                               0x00003c75   Thumb Code   236  rt_mailbox.o(i.rt_mbx_psh)
    rt_mbx_send                              0x00003d65   Thumb Code   148  rt_mailbox.o(i.rt_mbx_send)
    rt_mbx_wait                              0x00003dfd   Thumb Code   174  rt_mailbox.o(i.rt_mbx_wait)
    rt_mut_init                              0x00003ef5   Thumb Code    16  rt_mutex.o(i.rt_mut_init)
    rt_mut_release                           0x00003f05   Thumb Code   208  rt_mutex.o(i.rt_mut_release)
    rt_mut_wait                              0x00003fdd   Thumb Code   114  rt_mutex.o(i.rt_mut_wait)
    rt_pop_req                               0x00004055   Thumb Code   112  rt_system.o(i.rt_pop_req)
    rt_psh_req                               0x000040d1   Thumb Code    22  rt_system.o(i.rt_psh_req)
    rt_psq_enq                               0x000040f1   Thumb Code    88  rt_list.o(i.rt_psq_enq)
    rt_put_dly                               0x0000414d   Thumb Code    68  rt_list.o(i.rt_put_dly)
    rt_put_prio                              0x00004195   Thumb Code    54  rt_list.o(i.rt_put_prio)
    rt_put_rdy_first                         0x000041cd   Thumb Code    14  rt_list.o(i.rt_put_rdy_first)
    rt_resort_prio                           0x000041e1   Thumb Code    46  rt_list.o(i.rt_resort_prio)
    rt_ret_val                               0x00004225   Thumb Code    12  hal_cm.o(i.rt_ret_val)
    rt_ret_val2                              0x00004231   Thumb Code    16  hal_cm.o(i.rt_ret_val2)
    rt_rmv_dly                               0x00004241   Thumb Code    40  rt_list.o(i.rt_rmv_dly)
    rt_rmv_list                              0x00004269   Thumb Code    44  rt_list.o(i.rt_rmv_list)
    rt_sem_psh                               0x00004299   Thumb Code    48  rt_semaphore.o(i.rt_sem_psh)
    rt_stk_check                             0x000042cd   Thumb Code    28  rt_system.o(i.rt_stk_check)
    rt_switch_req                            0x000042f1   Thumb Code    30  rt_task.o(i.rt_switch_req)
    rt_sys_init                              0x00004319   Thumb Code   138  rt_task.o(i.rt_sys_init)
    rt_sys_start                             0x000043e5   Thumb Code   110  rt_task.o(i.rt_sys_start)
    rt_systick                               0x0000445d   Thumb Code    50  rt_system.o(i.rt_systick)
    rt_tsk_create                            0x000044e5   Thumb Code   118  rt_task.o(i.rt_tsk_create)
    rt_tsk_delete                            0x0000456d   Thumb Code   352  rt_task.o(i.rt_tsk_delete)
    rt_tsk_prio                              0x000046e9   Thumb Code   108  rt_task.o(i.rt_tsk_prio)
    rt_tsk_self                              0x00004765   Thumb Code    12  rt_task.o(i.rt_tsk_self)
    svcDelay                                 0x00004775   Thumb Code    18  rt_cmsis.o(i.svcDelay)
    svcKernelInitialize                      0x00004789   Thumb Code    80  rt_cmsis.o(i.svcKernelInitialize)
    svcKernelStart                           0x000047f9   Thumb Code    62  rt_cmsis.o(i.svcKernelStart)
    svcMessageCreate                         0x00004841   Thumb Code    36  rt_cmsis.o(i.svcMessageCreate)
    svcMessageGet                            0x00004865   Thumb Code    58  rt_cmsis.o(i.svcMessageGet)
    svcMessagePut                            0x0000489f   Thumb Code    54  rt_cmsis.o(i.svcMessagePut)
    svcMutexCreate                           0x000048d5   Thumb Code    28  rt_cmsis.o(i.svcMutexCreate)
    svcMutexRelease                          0x000048f1   Thumb Code    34  rt_cmsis.o(i.svcMutexRelease)
    svcMutexWait                             0x00004913   Thumb Code    58  rt_cmsis.o(i.svcMutexWait)
    svcSignalClear                           0x0000494d   Thumb Code    36  rt_cmsis.o(i.svcSignalClear)
    svcSignalSet                             0x00004971   Thumb Code    36  rt_cmsis.o(i.svcSignalSet)
    svcSignalWait                            0x00004995   Thumb Code    80  rt_cmsis.o(i.svcSignalWait)
    svcThreadCreate                          0x000049e9   Thumb Code    96  rt_cmsis.o(i.svcThreadCreate)
    svcThreadGetId                           0x00004a55   Thumb Code    22  rt_cmsis.o(i.svcThreadGetId)
    svcThreadTerminate                       0x00004a71   Thumb Code    50  rt_cmsis.o(i.svcThreadTerminate)
    svcTimerCall                             0x00004aa9   Thumb Code    24  rt_cmsis.o(i.svcTimerCall)
    sysTimerTick                             0x00004ac1   Thumb Code    84  rt_cmsis.o(i.sysTimerTick)
    __aeabi_dneg                             0x00004b1d   Thumb Code     0  basic.o(x$fpl$basic)
    _dneg                                    0x00004b1d   Thumb Code     6  basic.o(x$fpl$basic)
    __aeabi_fneg                             0x00004b23   Thumb Code     0  basic.o(x$fpl$basic)
    _fneg                                    0x00004b23   Thumb Code     6  basic.o(x$fpl$basic)
    _dabs                                    0x00004b29   Thumb Code     6  basic.o(x$fpl$basic)
    _fabs                                    0x00004b2f   Thumb Code     6  basic.o(x$fpl$basic)
    __aeabi_d2f                              0x00004b35   Thumb Code     0  d2f.o(x$fpl$d2f)
    _d2f                                     0x00004b35   Thumb Code    98  d2f.o(x$fpl$d2f)
    __aeabi_dadd                             0x00004b99   Thumb Code     0  daddsub_clz.o(x$fpl$dadd)
    _dadd                                    0x00004b99   Thumb Code   332  daddsub_clz.o(x$fpl$dadd)
    __fpl_dcmp_Inf                           0x00004ce9   Thumb Code    24  dcmpi.o(x$fpl$dcmpinf)
    __aeabi_ddiv                             0x00004d01   Thumb Code     0  ddiv.o(x$fpl$ddiv)
    _ddiv                                    0x00004d01   Thumb Code   552  ddiv.o(x$fpl$ddiv)
    __aeabi_d2iz                             0x00004fb1   Thumb Code     0  dfix.o(x$fpl$dfix)
    _dfix                                    0x00004fb1   Thumb Code    94  dfix.o(x$fpl$dfix)
    __aeabi_d2uiz                            0x00005011   Thumb Code     0  dfixu.o(x$fpl$dfixu)
    _dfixu                                   0x00005011   Thumb Code    90  dfixu.o(x$fpl$dfixu)
    __aeabi_i2d                              0x0000506b   Thumb Code     0  dflt_clz.o(x$fpl$dflt)
    _dflt                                    0x0000506b   Thumb Code    46  dflt_clz.o(x$fpl$dflt)
    __aeabi_ui2d                             0x00005099   Thumb Code     0  dflt_clz.o(x$fpl$dfltu)
    _dfltu                                   0x00005099   Thumb Code    38  dflt_clz.o(x$fpl$dfltu)
    __aeabi_cdcmple                          0x000050c1   Thumb Code     0  dleqf.o(x$fpl$dleqf)
    _dcmple                                  0x000050c1   Thumb Code   120  dleqf.o(x$fpl$dleqf)
    __fpl_dcmple_InfNaN                      0x00005123   Thumb Code     0  dleqf.o(x$fpl$dleqf)
    __aeabi_dmul                             0x00005139   Thumb Code     0  dmul.o(x$fpl$dmul)
    _dmul                                    0x00005139   Thumb Code   332  dmul.o(x$fpl$dmul)
    __fpl_dnaninf                            0x0000528d   Thumb Code   156  dnaninf.o(x$fpl$dnaninf)
    __fpl_dretinf                            0x00005329   Thumb Code    12  dretinf.o(x$fpl$dretinf)
    __aeabi_cdrcmple                         0x00005335   Thumb Code     0  drleqf.o(x$fpl$drleqf)
    _drcmple                                 0x00005335   Thumb Code   108  drleqf.o(x$fpl$drleqf)
    __aeabi_drsub                            0x000053a1   Thumb Code     0  daddsub_clz.o(x$fpl$drsb)
    _drsb                                    0x000053a1   Thumb Code    22  daddsub_clz.o(x$fpl$drsb)
    __aeabi_dsub                             0x000053b9   Thumb Code     0  daddsub_clz.o(x$fpl$dsub)
    _dsub                                    0x000053b9   Thumb Code   464  daddsub_clz.o(x$fpl$dsub)
    __fpl_fnaninf                            0x0000558d   Thumb Code   140  fnaninf.o(x$fpl$fnaninf)
    _fp_init                                 0x00005619   Thumb Code    10  fpinit.o(x$fpl$fpinit)
    __fplib_config_fpu_vfp                   0x00005621   Thumb Code     0  fpinit.o(x$fpl$fpinit)
    __fplib_config_pureend_doubles           0x00005621   Thumb Code     0  fpinit.o(x$fpl$fpinit)
    __fpl_fretinf                            0x00005623   Thumb Code    10  fretinf.o(x$fpl$fretinf)
    __aeabi_f2lz                             0x0000562d   Thumb Code     0  ffixll.o(x$fpl$llsfromf)
    _ll_sfrom_f                              0x0000562d   Thumb Code   134  ffixll.o(x$fpl$llsfromf)
    __I$use$fp                               0x000056b2   Number         0  usenofp.o(x$fpl$usenofp)
    os_mutex_def_mutex_display               0x000056b4   Data           4  exemplotiva.o(.constdata)
    os_messageQ_def_fila_amplitude_display   0x000056b8   Data           8  exemplotiva.o(.constdata)
    os_messageQ_def_fila_amplitude_PWM       0x000056c0   Data           8  exemplotiva.o(.constdata)
    os_messageQ_def_fila_handler_UART        0x000056c8   Data           8  exemplotiva.o(.constdata)
    os_messageQ_def_fila_amplitude_onda      0x000056d0   Data           8  exemplotiva.o(.constdata)
    os_messageQ_def_fila_frequencia_onda     0x000056d8   Data           8  exemplotiva.o(.constdata)
    os_messageQ_def_fila_tipo_onda           0x000056e0   Data           8  exemplotiva.o(.constdata)
    os_thread_def_geradorOnda                0x000056e8   Data          16  exemplotiva.o(.constdata)
    os_thread_def_PWM                        0x000056f8   Data          16  exemplotiva.o(.constdata)
    os_thread_def_mostraDisplay              0x00005708   Data          16  exemplotiva.o(.constdata)
    os_thread_def_tratamentoHandler          0x00005718   Data          16  exemplotiva.o(.constdata)
    g_sCfaf128x128x16                        0x00005728   Data          40  cfaf128x128x16.o(.constdata)
    os_maxtaskrun                            0x00005750   Data           2  rtx_conf_cm.o(.constdata)
    os_stackinfo                             0x00005754   Data           4  rtx_conf_cm.o(.constdata)
    os_rrobin                                0x00005758   Data           4  rtx_conf_cm.o(.constdata)
    os_trv                                   0x0000575c   Data           4  rtx_conf_cm.o(.constdata)
    os_flags                                 0x00005760   Data           1  rtx_conf_cm.o(.constdata)
    CMSIS_RTOS_API_Version                   0x00005764   Data           4  rtx_conf_cm.o(.constdata)
    CMSIS_RTOS_RTX_Version                   0x00005768   Data           4  rtx_conf_cm.o(.constdata)
    os_clockrate                             0x0000576c   Data           4  rtx_conf_cm.o(.constdata)
    os_timernum                              0x00005770   Data           4  rtx_conf_cm.o(.constdata)
    mp_tcb_size                              0x00005774   Data           2  rtx_conf_cm.o(.constdata)
    mp_stk_size                              0x00005778   Data           4  rtx_conf_cm.o(.constdata)
    os_stack_sz                              0x0000577c   Data           4  rtx_conf_cm.o(.constdata)
    os_fifo_size                             0x00005780   Data           1  rtx_conf_cm.o(.constdata)
    os_thread_def_osTimerThread              0x00005784   Data          16  rtx_conf_cm.o(.constdata)
    os_messageQ_def_osTimerMessageQ          0x00005794   Data           8  rtx_conf_cm.o(.constdata)
    mp_tmr_size                              0x0000579c   Data           2  rtx_conf_cm.o(.constdata)
    os_thread_def_main                       0x000057a0   Data          16  rtx_conf_cm.o(.constdata)
    g_psDefaultCodePointMapTable             0x00005c2c   Data          16  context.o(.constdata)
    g_sFontFixed6x8                          0x00005f34   Data         200  fontfixed6x8.o(.constdata)
    Region$$Table$$Base                      0x00006148   Number         0  anon$$obj.o(Region$$Table)
    Region$$Table$$Limit                     0x00006168   Number         0  anon$$obj.o(Region$$Table)
    fila_amplitude_display_ID                0x20000008   Data           4  exemplotiva.o(.data)
    fila_amplitude_PWM_ID                    0x2000000c   Data           4  exemplotiva.o(.data)
    fila_handler_UART_ID                     0x20000010   Data           4  exemplotiva.o(.data)
    fila_amplitude_onda_ID                   0x20000014   Data           4  exemplotiva.o(.data)
    fila_frequencia_onda_ID                  0x20000018   Data           4  exemplotiva.o(.data)
    fila_tipo_onda_ID                        0x2000001c   Data           4  exemplotiva.o(.data)
    geradorOnda_ID                           0x20000020   Data           4  exemplotiva.o(.data)
    PWM_ID                                   0x20000024   Data           4  exemplotiva.o(.data)
    mostraDisplay_ID                         0x20000028   Data           4  exemplotiva.o(.data)
    tratamentoHandler_ID                     0x2000002c   Data           4  exemplotiva.o(.data)
    mutex_display_ID                         0x20000030   Data           4  exemplotiva.o(.data)
    m_tmr                                    0x20000048   Data           4  rtx_conf_cm.o(.data)
    osThreadId_osTimerThread                 0x2000004c   Data           4  rtx_conf_cm.o(.data)
    osMessageQId_osTimerMessageQ             0x20000050   Data           4  rtx_conf_cm.o(.data)
    SystemCoreClock                          0x20000058   Data           4  system_tm4c129.o(.data)
    os_initialized                           0x20000060   Data           1  rt_cmsis.o(.data)
    os_running                               0x20000061   Data           1  rt_cmsis.o(.data)
    os_timer_head                            0x20000064   Data           4  rt_cmsis.o(.data)
    os_tsk                                   0x20000068   Data           8  rt_task.o(.data)
    os_tick_irqn                             0x20000074   Data           4  rt_system.o(.data)
    os_time                                  0x20000078   Data           4  rt_time.o(.data)
    os_robin                                 0x2000007c   Data           8  rt_robin.o(.data)
    dbg_msg                                  0x20000084   Data           1  hal_cm.o(.data)
    os_messageQ_q_fila_amplitude_display     0x20000088   Data          36  exemplotiva.o(.bss)
    os_messageQ_q_fila_amplitude_PWM         0x200000ac   Data          36  exemplotiva.o(.bss)
    os_messageQ_q_fila_handler_UART          0x200000d0   Data          36  exemplotiva.o(.bss)
    os_messageQ_q_fila_amplitude_onda        0x200000f4   Data          36  exemplotiva.o(.bss)
    os_messageQ_q_fila_frequencia_onda       0x20000118   Data          36  exemplotiva.o(.bss)
    os_messageQ_q_fila_tipo_onda             0x2000013c   Data          36  exemplotiva.o(.bss)
    os_mutex_cb_mutex_display                0x20000160   Data          16  exemplotiva.o(.bss)
    sContext                                 0x20000170   Data          44  exemplotiva.o(.bss)
    os_messageQ_q_osTimerMessageQ            0x2000019c   Data          32  rtx_conf_cm.o(.bss)
    mp_tcb                                   0x200001bc   Data         480  rtx_conf_cm.o(.bss)
    mp_stk                                   0x200003a0   Data        6416  rtx_conf_cm.o(.bss)
    os_stack_mem                             0x20001cb0   Data        1032  rtx_conf_cm.o(.bss)
    os_fifo                                  0x200020b8   Data         132  rtx_conf_cm.o(.bss)
    os_active_TCB                            0x2000213c   Data          36  rtx_conf_cm.o(.bss)
    os_idle_TCB                              0x20002540   Data          52  rt_task.o(.bss)
    os_rdy                                   0x20002574   Data          24  rt_list.o(.bss)
    os_dly                                   0x2000258c   Data          24  rt_list.o(.bss)
    __libspace_start                         0x200025a4   Data          96  libspace.o(.bss)
    __temporary_stack_top$libspace           0x20002604   Data           0  libspace.o(.bss)



==============================================================================

Memory Map of the image

  Image Entry point : 0x00000201

  Load Region LR_IROM1 (Base: 0x00000000, Size: 0x000061f0, Max: 0x00100000, ABSOLUTE)

    Execution Region ER_IROM1 (Exec base: 0x00000000, Load base: 0x00000000, Size: 0x00006168, Max: 0x00100000, ABSOLUTE)

    Exec Addr    Load Addr    Size         Type   Attr      Idx    E Section Name        Object

    0x00000000   0x00000000   0x00000200   Data   RO          500    RESET               startup_tm4c129.o
    0x00000200   0x00000200   0x00000008   Code   RO         4285  * !!!main             c_w.l(__main.o)
    0x00000208   0x00000208   0x00000034   Code   RO         4554    !!!scatter          c_w.l(__scatter.o)
    0x0000023c   0x0000023c   0x0000001a   Code   RO         4556    !!handler_copy      c_w.l(__scatter_copy.o)
    0x00000256   0x00000256   0x00000002   PAD
    0x00000258   0x00000258   0x0000001c   Code   RO         4558    !!handler_zi        c_w.l(__scatter_zi.o)
    0x00000274   0x00000274   0x00000002   Code   RO         4440    .ARM.Collect$$libinit$$00000000  c_w.l(libinit.o)
    0x00000276   0x00000276   0x00000004   Code   RO         4451    .ARM.Collect$$libinit$$00000001  c_w.l(libinit2.o)
    0x0000027a   0x0000027a   0x00000000   Code   RO         4454    .ARM.Collect$$libinit$$00000004  c_w.l(libinit2.o)
    0x0000027a   0x0000027a   0x00000000   Code   RO         4457    .ARM.Collect$$libinit$$0000000A  c_w.l(libinit2.o)
    0x0000027a   0x0000027a   0x00000000   Code   RO         4459    .ARM.Collect$$libinit$$0000000C  c_w.l(libinit2.o)
    0x0000027a   0x0000027a   0x00000000   Code   RO         4461    .ARM.Collect$$libinit$$0000000E  c_w.l(libinit2.o)
    0x0000027a   0x0000027a   0x00000000   Code   RO         4464    .ARM.Collect$$libinit$$00000011  c_w.l(libinit2.o)
    0x0000027a   0x0000027a   0x00000000   Code   RO         4466    .ARM.Collect$$libinit$$00000013  c_w.l(libinit2.o)
    0x0000027a   0x0000027a   0x00000000   Code   RO         4468    .ARM.Collect$$libinit$$00000015  c_w.l(libinit2.o)
    0x0000027a   0x0000027a   0x00000000   Code   RO         4470    .ARM.Collect$$libinit$$00000017  c_w.l(libinit2.o)
    0x0000027a   0x0000027a   0x00000000   Code   RO         4472    .ARM.Collect$$libinit$$00000019  c_w.l(libinit2.o)
    0x0000027a   0x0000027a   0x00000000   Code   RO         4474    .ARM.Collect$$libinit$$0000001B  c_w.l(libinit2.o)
    0x0000027a   0x0000027a   0x00000000   Code   RO         4476    .ARM.Collect$$libinit$$0000001D  c_w.l(libinit2.o)
    0x0000027a   0x0000027a   0x00000000   Code   RO         4478    .ARM.Collect$$libinit$$0000001F  c_w.l(libinit2.o)
    0x0000027a   0x0000027a   0x00000000   Code   RO         4480    .ARM.Collect$$libinit$$00000021  c_w.l(libinit2.o)
    0x0000027a   0x0000027a   0x00000000   Code   RO         4482    .ARM.Collect$$libinit$$00000023  c_w.l(libinit2.o)
    0x0000027a   0x0000027a   0x00000000   Code   RO         4484    .ARM.Collect$$libinit$$00000025  c_w.l(libinit2.o)
    0x0000027a   0x0000027a   0x00000000   Code   RO         4488    .ARM.Collect$$libinit$$0000002C  c_w.l(libinit2.o)
    0x0000027a   0x0000027a   0x00000000   Code   RO         4490    .ARM.Collect$$libinit$$0000002E  c_w.l(libinit2.o)
    0x0000027a   0x0000027a   0x00000000   Code   RO         4492    .ARM.Collect$$libinit$$00000030  c_w.l(libinit2.o)
    0x0000027a   0x0000027a   0x00000000   Code   RO         4494    .ARM.Collect$$libinit$$00000032  c_w.l(libinit2.o)
    0x0000027a   0x0000027a   0x00000002   Code   RO         4495    .ARM.Collect$$libinit$$00000033  c_w.l(libinit2.o)
    0x0000027c   0x0000027c   0x00000002   Code   RO         4441    .ARM.Collect$$libshutdown$$00000000  c_w.l(libshutdown.o)
    0x0000027e   0x0000027e   0x00000000   Code   RO         4497    .ARM.Collect$$libshutdown$$00000002  c_w.l(libshutdown2.o)
    0x0000027e   0x0000027e   0x00000000   Code   RO         4499    .ARM.Collect$$libshutdown$$00000004  c_w.l(libshutdown2.o)
    0x0000027e   0x0000027e   0x00000000   Code   RO         4502    .ARM.Collect$$libshutdown$$00000007  c_w.l(libshutdown2.o)
    0x0000027e   0x0000027e   0x00000000   Code   RO         4505    .ARM.Collect$$libshutdown$$0000000A  c_w.l(libshutdown2.o)
    0x0000027e   0x0000027e   0x00000000   Code   RO         4507    .ARM.Collect$$libshutdown$$0000000C  c_w.l(libshutdown2.o)
    0x0000027e   0x0000027e   0x00000000   Code   RO         4510    .ARM.Collect$$libshutdown$$0000000F  c_w.l(libshutdown2.o)
    0x0000027e   0x0000027e   0x00000002   Code   RO         4511    .ARM.Collect$$libshutdown$$00000010  c_w.l(libshutdown2.o)
    0x00000280   0x00000280   0x00000000   Code   RO         4331    .ARM.Collect$$rtentry$$00000000  c_w.l(__rtentry.o)
    0x00000280   0x00000280   0x00000000   Code   RO         4382    .ARM.Collect$$rtentry$$00000002  c_w.l(__rtentry2.o)
    0x00000280   0x00000280   0x00000006   Code   RO         4394    .ARM.Collect$$rtentry$$00000004  c_w.l(__rtentry4.o)
    0x00000286   0x00000286   0x00000000   Code   RO         4384    .ARM.Collect$$rtentry$$00000009  c_w.l(__rtentry2.o)
    0x00000286   0x00000286   0x00000004   Code   RO         4385    .ARM.Collect$$rtentry$$0000000A  c_w.l(__rtentry2.o)
    0x0000028a   0x0000028a   0x00000008   Code   RO         4386    .ARM.Collect$$rtentry$$0000000B  c_w.l(__rtentry2.o)
    0x00000292   0x00000292   0x00000008   Code   RO         4388    .ARM.Collect$$rtentry$$0000000D  c_w.l(__rtentry2.o)
    0x0000029a   0x0000029a   0x00000002   Code   RO         4332    .ARM.Collect$$rtexit$$00000000  c_w.l(rtexit.o)
    0x0000029c   0x0000029c   0x00000000   Code   RO         4397    .ARM.Collect$$rtexit$$00000002  c_w.l(rtexit2.o)
    0x0000029c   0x0000029c   0x00000004   Code   RO         4398    .ARM.Collect$$rtexit$$00000003  c_w.l(rtexit2.o)
    0x000002a0   0x000002a0   0x00000006   Code   RO         4399    .ARM.Collect$$rtexit$$00000004  c_w.l(rtexit2.o)
    0x000002a6   0x000002a6   0x00000002   PAD
    0x000002a8   0x000002a8   0x0000001c   Code   RO          444    .emb_text           rtx_conf_cm.o
    0x000002c4   0x000002c4   0x00000006   Code   RO         1806    .emb_text           driverlib.lib(sysctl.o)
    0x000002ca   0x000002ca   0x00000002   PAD
    0x000002cc   0x000002cc   0x00000198   Code   RO         4259    .emb_text           RTX_CM4.lib(hal_cm4.o)
    0x00000464   0x00000464   0x00000cf2   Code   RO            4    .text               exemplotiva.o
    0x00001156   0x00001156   0x00000002   PAD
    0x00001158   0x00001158   0x000006fc   Code   RO          200    .text               cfaf128x128x16.o
    0x00001854   0x00001854   0x00000248   Code   RO          383    .text               uart.o
    0x00001a9c   0x00001a9c   0x00000128   Code   RO          427    .text               pwm.o
    0x00001bc4   0x00001bc4   0x0000008c   Code   RO          445    .text               rtx_conf_cm.o
    0x00001c50   0x00001c50   0x0000012c   Code   RO          501    .text               startup_tm4c129.o
    0x00001d7c   0x00001d7c   0x00000028   Code   RO          508    .text               system_tm4c129.o
    0x00001da4   0x00001da4   0x00000008   Code   RO         4274    .text               c_w.l(libspace.o)
    0x00001dac   0x00001dac   0x000000ee   Code   RO         4277    .text               c_w.l(lludivv7m.o)
    0x00001e9a   0x00001e9a   0x00000048   Code   RO         4279    .text               c_w.l(llsdiv.o)
    0x00001ee2   0x00001ee2   0x00000012   Code   RO         4281    .text               c_w.l(exit.o)
    0x00001ef4   0x00001ef4   0x00000006   Code   RO         4283    .text               c_w.l(heapauxi.o)
    0x00001efa   0x00001efa   0x00000016   Code   RO         4338    .text               c_w.l(_rserrno.o)
    0x00001f10   0x00001f10   0x00000004   Code   RO         4410    .text               c_w.l(rt_errno_addr_twolibspace.o)
    0x00001f14   0x00001f14   0x0000000c   Code   RO         4426    .text               c_w.l(sys_exit.o)
    0x00001f20   0x00001f20   0x0000004a   Code   RO         4428    .text               c_w.l(sys_stackheap_outer.o)
    0x00001f6a   0x00001f6a   0x00000002   Code   RO         4442    .text               c_w.l(use_no_semi.o)
    0x00001f6c   0x00001f6c   0x00000000   Code   RO         4444    .text               c_w.l(indicate_semi.o)
    0x00001f6c   0x00001f6c   0x00000004   Code   RO         4269    SVC_TABLE           RTX_CM4.lib(svc_table.o)
    0x00001f70   0x00001f70   0x00000028   Code   RO          818    i.GPIODirModeSet    driverlib.lib(gpio.o)
    0x00001f98   0x00001f98   0x00000138   Code   RO          830    i.GPIOPadConfigSet  driverlib.lib(gpio.o)
    0x000020d0   0x000020d0   0x00000044   Code   RO          831    i.GPIOPinConfigure  driverlib.lib(gpio.o)
    0x00002114   0x00002114   0x0000001c   Code   RO          849    i.GPIOPinTypePWM    driverlib.lib(gpio.o)
    0x00002130   0x00002130   0x0000001c   Code   RO          854    i.GPIOPinTypeUART   driverlib.lib(gpio.o)
    0x0000214c   0x0000214c   0x00000006   Code   RO         2764    i.GrContextFontSet  grlib.lib(string.o)
    0x00002152   0x00002152   0x00000002   PAD
    0x00002154   0x00002154   0x00000064   Code   RO         2692    i.GrContextInit     grlib.lib(context.o)
    0x000021b8   0x000021b8   0x00000118   Code   RO         2765    i.GrDefaultStringRenderer  grlib.lib(string.o)
    0x000022d0   0x000022d0   0x000000a6   Code   RO         2769    i.GrFontGlyphDataGet  grlib.lib(string.o)
    0x00002376   0x00002376   0x00000288   Code   RO         2770    i.GrFontGlyphRender  grlib.lib(string.o)
    0x000025fe   0x000025fe   0x0000004c   Code   RO         2742    i.GrLineDrawV       grlib.lib(line.o)
    0x0000264a   0x0000264a   0x00000008   Code   RO         3647    i.GrMapISO8859_1_Unicode  grlib.lib(charmap.o)
    0x00002652   0x00002652   0x00000020   Code   RO         2776    i.GrStringDraw      grlib.lib(string.o)
    0x00002672   0x00002672   0x0000000a   Code   RO         1583    i.PWMGenEnable      driverlib.lib(pwm.o)
    0x0000267c   0x0000267c   0x00000012   Code   RO         1595    i.PWMGenPeriodGet   driverlib.lib(pwm.o)
    0x0000268e   0x0000268e   0x00000012   Code   RO         1596    i.PWMGenPeriodSet   driverlib.lib(pwm.o)
    0x000026a0   0x000026a0   0x00000010   Code   RO         1602    i.PWMOutputInvert   driverlib.lib(pwm.o)
    0x000026b0   0x000026b0   0x00000020   Code   RO         1606    i.PWMPulseWidthSet  driverlib.lib(pwm.o)
    0x000026d0   0x000026d0   0x000002ec   Code   RO         1808    i.SysCtlClockFreqSet  driverlib.lib(sysctl.o)
    0x000029bc   0x000029bc   0x00000028   Code   RO         1840    i.SysCtlPeripheralEnable  driverlib.lib(sysctl.o)
    0x000029e4   0x000029e4   0x0000002c   Code   RO         1844    i.SysCtlPeripheralReady  driverlib.lib(sysctl.o)
    0x00002a10   0x00002a10   0x0000006e   Code   RO         2410    i.UARTConfigSetExpClk  driverlib.lib(uart.o)
    0x00002a7e   0x00002a7e   0x00000014   Code   RO         2415    i.UARTEnable        driverlib.lib(uart.o)
    0x00002a92   0x00002a92   0x0000006c   Code   RO         2782    i.UpdateContextCharMapping  grlib.lib(string.o)
    0x00002afe   0x00002afe   0x00000030   Code   RO         4422    i.__ARM_fpclassify  m_wm.l(fpclassify.o)
    0x00002b2e   0x00002b2e   0x00000002   PAD
    0x00002b30   0x00002b30   0x000000c8   Code   RO         4319    i.__hardfp_sin      m_wm.l(sin.o)
    0x00002bf8   0x00002bf8   0x00000438   Code   RO         4370    i.__ieee754_rem_pio2  m_wm.l(rred.o)
    0x00003030   0x00003030   0x00000170   Code   RO         4353    i.__kernel_cos      m_wm.l(cos_i.o)
    0x000031a0   0x000031a0   0x000000f8   Code   RO         4424    i.__kernel_poly     m_wm.l(poly.o)
    0x00003298   0x00003298   0x00000130   Code   RO         4375    i.__kernel_sin      m_wm.l(sin_i.o)
    0x000033c8   0x000033c8   0x00000014   Code   RO         4357    i.__mathlib_dbl_infnan  m_wm.l(dunder.o)
    0x000033dc   0x000033dc   0x00000004   PAD
    0x000033e0   0x000033e0   0x00000020   Code   RO         4359    i.__mathlib_dbl_invalid  m_wm.l(dunder.o)
    0x00003400   0x00003400   0x00000020   Code   RO         4362    i.__mathlib_dbl_underflow  m_wm.l(dunder.o)
    0x00003420   0x00003420   0x00000046   Code   RO         4153    i._init_box         RTX_CM4.lib(rt_membox.o)
    0x00003466   0x00003466   0x00000002   PAD
    0x00003468   0x00003468   0x00000030   Code   RO         4206    i.dbg_init          RTX_CM4.lib(hal_cm.o)
    0x00003498   0x00003498   0x00000020   Code   RO         4207    i.dbg_task_notify   RTX_CM4.lib(hal_cm.o)
    0x000034b8   0x000034b8   0x00000010   Code   RO         4208    i.dbg_task_switch   RTX_CM4.lib(hal_cm.o)
    0x000034c8   0x000034c8   0x00000018   Code   RO         4418    i.fabs              m_wm.l(fabs.o)
    0x000034e0   0x000034e0   0x0000002a   Code   RO         2894    i.isrMessageGet     RTX_CM4.lib(rt_cmsis.o)
    0x0000350a   0x0000350a   0x0000002c   Code   RO         2895    i.isrMessagePut     RTX_CM4.lib(rt_cmsis.o)
    0x00003536   0x00003536   0x00000024   Code   RO         2897    i.isrSignalSet      RTX_CM4.lib(rt_cmsis.o)
    0x0000355a   0x0000355a   0x00000002   PAD
    0x0000355c   0x0000355c   0x00000028   Code   RO         3890    i.isr_evt_set       RTX_CM4.lib(rt_event.o)
    0x00003584   0x00003584   0x00000056   Code   RO         4008    i.isr_mbx_receive   RTX_CM4.lib(rt_mailbox.o)
    0x000035da   0x000035da   0x0000000e   Code   RO         4009    i.isr_mbx_send      RTX_CM4.lib(rt_mailbox.o)
    0x000035e8   0x000035e8   0x00000018   Code   RO         2898    i.osDelay           RTX_CM4.lib(rt_cmsis.o)
    0x00003600   0x00003600   0x00000024   Code   RO         2899    i.osKernelInitialize  RTX_CM4.lib(rt_cmsis.o)
    0x00003624   0x00003624   0x0000006c   Code   RO         2901    i.osKernelStart     RTX_CM4.lib(rt_cmsis.o)
    0x00003690   0x00003690   0x0000002c   Code   RO         2909    i.osMessageCreate   RTX_CM4.lib(rt_cmsis.o)
    0x000036bc   0x000036bc   0x00000018   Code   RO         2910    i.osMessageGet      RTX_CM4.lib(rt_cmsis.o)
    0x000036d4   0x000036d4   0x00000018   Code   RO         2911    i.osMessagePut      RTX_CM4.lib(rt_cmsis.o)
    0x000036ec   0x000036ec   0x0000002c   Code   RO         2912    i.osMutexCreate     RTX_CM4.lib(rt_cmsis.o)
    0x00003718   0x00003718   0x00000018   Code   RO         2914    i.osMutexRelease    RTX_CM4.lib(rt_cmsis.o)
    0x00003730   0x00003730   0x00000018   Code   RO         2915    i.osMutexWait       RTX_CM4.lib(rt_cmsis.o)
    0x00003748   0x00003748   0x00000018   Code   RO         2924    i.osSignalClear     RTX_CM4.lib(rt_cmsis.o)
    0x00003760   0x00003760   0x00000018   Code   RO         2925    i.osSignalSet       RTX_CM4.lib(rt_cmsis.o)
    0x00003778   0x00003778   0x00000018   Code   RO         2926    i.osSignalWait      RTX_CM4.lib(rt_cmsis.o)
    0x00003790   0x00003790   0x0000002c   Code   RO         2927    i.osThreadCreate    RTX_CM4.lib(rt_cmsis.o)
    0x000037bc   0x000037bc   0x00000018   Code   RO         2928    i.osThreadExit      RTX_CM4.lib(rt_cmsis.o)
    0x000037d4   0x000037d4   0x0000000c   Code   RO         2934    i.osTimerCall       RTX_CM4.lib(rt_cmsis.o)
    0x000037e0   0x000037e0   0x0000002c   Code   RO         2939    i.osTimerThread     RTX_CM4.lib(rt_cmsis.o)
    0x0000380c   0x0000380c   0x00000028   Code   RO         3800    i.os_tick_init      RTX_CM4.lib(rt_system.o)
    0x00003834   0x00003834   0x00000002   Code   RO         3801    i.os_tick_irqack    RTX_CM4.lib(rt_system.o)
    0x00003836   0x00003836   0x0000001a   Code   RO         4154    i.rt_alloc_box      RTX_CM4.lib(rt_membox.o)
    0x00003850   0x00003850   0x0000003e   Code   RO         4182    i.rt_alloc_mem      RTX_CM4.lib(rt_memory.o)
    0x0000388e   0x0000388e   0x00000002   PAD
    0x00003890   0x00003890   0x00000038   Code   RO         3513    i.rt_block          RTX_CM4.lib(rt_task.o)
    0x000038c8   0x000038c8   0x00000048   Code   RO         4131    i.rt_chk_robin      RTX_CM4.lib(rt_robin.o)
    0x00003910   0x00003910   0x00000070   Code   RO         3932    i.rt_dec_dly        RTX_CM4.lib(rt_list.o)
    0x00003980   0x00003980   0x00000044   Code   RO         3514    i.rt_dispatch       RTX_CM4.lib(rt_task.o)
    0x000039c4   0x000039c4   0x00000006   Code   RO         4098    i.rt_dly_wait       RTX_CM4.lib(rt_time.o)
    0x000039ca   0x000039ca   0x00000002   PAD
    0x000039cc   0x000039cc   0x0000001c   Code   RO         3891    i.rt_evt_clr        RTX_CM4.lib(rt_event.o)
    0x000039e8   0x000039e8   0x00000050   Code   RO         3893    i.rt_evt_psh        RTX_CM4.lib(rt_event.o)
    0x00003a38   0x00003a38   0x0000005c   Code   RO         3894    i.rt_evt_set        RTX_CM4.lib(rt_event.o)
    0x00003a94   0x00003a94   0x0000003c   Code   RO         3895    i.rt_evt_wait       RTX_CM4.lib(rt_event.o)
    0x00003ad0   0x00003ad0   0x0000002c   Code   RO         4155    i.rt_free_box       RTX_CM4.lib(rt_membox.o)
    0x00003afc   0x00003afc   0x00000028   Code   RO         4183    i.rt_free_mem       RTX_CM4.lib(rt_memory.o)
    0x00003b24   0x00003b24   0x00000028   Code   RO         3933    i.rt_get_first      RTX_CM4.lib(rt_list.o)
    0x00003b4c   0x00003b4c   0x00000008   Code   RO         2944    i.rt_id2obj         RTX_CM4.lib(rt_cmsis.o)
    0x00003b54   0x00003b54   0x00000048   Code   RO         3515    i.rt_init_context   RTX_CM4.lib(rt_task.o)
    0x00003b9c   0x00003b9c   0x0000001a   Code   RO         4184    i.rt_init_mem       RTX_CM4.lib(rt_memory.o)
    0x00003bb6   0x00003bb6   0x00000002   PAD
    0x00003bb8   0x00003bb8   0x00000018   Code   RO         4132    i.rt_init_robin     RTX_CM4.lib(rt_robin.o)
    0x00003bd0   0x00003bd0   0x00000080   Code   RO         4209    i.rt_init_stack     RTX_CM4.lib(hal_cm.o)
    0x00003c50   0x00003c50   0x00000008   Code   RO         4010    i.rt_mbx_check      RTX_CM4.lib(rt_mailbox.o)
    0x00003c58   0x00003c58   0x0000001a   Code   RO         4011    i.rt_mbx_init       RTX_CM4.lib(rt_mailbox.o)
    0x00003c72   0x00003c72   0x00000002   PAD
    0x00003c74   0x00003c74   0x000000f0   Code   RO         4012    i.rt_mbx_psh        RTX_CM4.lib(rt_mailbox.o)
    0x00003d64   0x00003d64   0x00000098   Code   RO         4013    i.rt_mbx_send       RTX_CM4.lib(rt_mailbox.o)
    0x00003dfc   0x00003dfc   0x000000b4   Code   RO         4014    i.rt_mbx_wait       RTX_CM4.lib(rt_mailbox.o)
    0x00003eb0   0x00003eb0   0x00000044   Code   RO         2945    i.rt_ms2tick        RTX_CM4.lib(rt_cmsis.o)
    0x00003ef4   0x00003ef4   0x00000010   Code   RO         3598    i.rt_mut_init       RTX_CM4.lib(rt_mutex.o)
    0x00003f04   0x00003f04   0x000000d8   Code   RO         3599    i.rt_mut_release    RTX_CM4.lib(rt_mutex.o)
    0x00003fdc   0x00003fdc   0x00000078   Code   RO         3600    i.rt_mut_wait       RTX_CM4.lib(rt_mutex.o)
    0x00004054   0x00004054   0x0000007c   Code   RO         3804    i.rt_pop_req        RTX_CM4.lib(rt_system.o)
    0x000040d0   0x000040d0   0x00000020   Code   RO         3805    i.rt_psh_req        RTX_CM4.lib(rt_system.o)
    0x000040f0   0x000040f0   0x0000005c   Code   RO         3935    i.rt_psq_enq        RTX_CM4.lib(rt_list.o)
    0x0000414c   0x0000414c   0x00000048   Code   RO         3936    i.rt_put_dly        RTX_CM4.lib(rt_list.o)
    0x00004194   0x00004194   0x00000036   Code   RO         3937    i.rt_put_prio       RTX_CM4.lib(rt_list.o)
    0x000041ca   0x000041ca   0x00000002   PAD
    0x000041cc   0x000041cc   0x00000014   Code   RO         3938    i.rt_put_rdy_first  RTX_CM4.lib(rt_list.o)
    0x000041e0   0x000041e0   0x00000034   Code   RO         3939    i.rt_resort_prio    RTX_CM4.lib(rt_list.o)
    0x00004214   0x00004214   0x00000010   Code   RO         4210    i.rt_ret_regs       RTX_CM4.lib(hal_cm.o)
    0x00004224   0x00004224   0x0000000c   Code   RO         4211    i.rt_ret_val        RTX_CM4.lib(hal_cm.o)
    0x00004230   0x00004230   0x00000010   Code   RO         4212    i.rt_ret_val2       RTX_CM4.lib(hal_cm.o)
    0x00004240   0x00004240   0x00000028   Code   RO         3940    i.rt_rmv_dly        RTX_CM4.lib(rt_list.o)
    0x00004268   0x00004268   0x00000030   Code   RO         3941    i.rt_rmv_list       RTX_CM4.lib(rt_list.o)
    0x00004298   0x00004298   0x00000034   Code   RO         4059    i.rt_sem_psh        RTX_CM4.lib(rt_semaphore.o)
    0x000042cc   0x000042cc   0x00000024   Code   RO         3807    i.rt_stk_check      RTX_CM4.lib(rt_system.o)
    0x000042f0   0x000042f0   0x00000028   Code   RO         3516    i.rt_switch_req     RTX_CM4.lib(rt_task.o)
    0x00004318   0x00004318   0x000000cc   Code   RO         3517    i.rt_sys_init       RTX_CM4.lib(rt_task.o)
    0x000043e4   0x000043e4   0x00000078   Code   RO         3518    i.rt_sys_start      RTX_CM4.lib(rt_task.o)
    0x0000445c   0x0000445c   0x00000040   Code   RO         3809    i.rt_systick        RTX_CM4.lib(rt_system.o)
    0x0000449c   0x0000449c   0x00000012   Code   RO         2946    i.rt_tid2ptcb       RTX_CM4.lib(rt_cmsis.o)
    0x000044ae   0x000044ae   0x00000002   PAD
    0x000044b0   0x000044b0   0x00000034   Code   RO         2947    i.rt_timer_insert   RTX_CM4.lib(rt_cmsis.o)
    0x000044e4   0x000044e4   0x00000088   Code   RO         3519    i.rt_tsk_create     RTX_CM4.lib(rt_task.o)
    0x0000456c   0x0000456c   0x0000017c   Code   RO         3520    i.rt_tsk_delete     RTX_CM4.lib(rt_task.o)
    0x000046e8   0x000046e8   0x0000007c   Code   RO         3522    i.rt_tsk_prio       RTX_CM4.lib(rt_task.o)
    0x00004764   0x00004764   0x00000010   Code   RO         3523    i.rt_tsk_self       RTX_CM4.lib(rt_task.o)
    0x00004774   0x00004774   0x00000012   Code   RO         2949    i.svcDelay          RTX_CM4.lib(rt_cmsis.o)
    0x00004786   0x00004786   0x00000002   PAD
    0x00004788   0x00004788   0x00000070   Code   RO         2950    i.svcKernelInitialize  RTX_CM4.lib(rt_cmsis.o)
    0x000047f8   0x000047f8   0x00000048   Code   RO         2952    i.svcKernelStart    RTX_CM4.lib(rt_cmsis.o)
    0x00004840   0x00004840   0x00000024   Code   RO         2955    i.svcMessageCreate  RTX_CM4.lib(rt_cmsis.o)
    0x00004864   0x00004864   0x0000003a   Code   RO         2956    i.svcMessageGet     RTX_CM4.lib(rt_cmsis.o)
    0x0000489e   0x0000489e   0x00000036   Code   RO         2957    i.svcMessagePut     RTX_CM4.lib(rt_cmsis.o)
    0x000048d4   0x000048d4   0x0000001c   Code   RO         2958    i.svcMutexCreate    RTX_CM4.lib(rt_cmsis.o)
    0x000048f0   0x000048f0   0x00000022   Code   RO         2960    i.svcMutexRelease   RTX_CM4.lib(rt_cmsis.o)
    0x00004912   0x00004912   0x0000003a   Code   RO         2961    i.svcMutexWait      RTX_CM4.lib(rt_cmsis.o)
    0x0000494c   0x0000494c   0x00000024   Code   RO         2967    i.svcSignalClear    RTX_CM4.lib(rt_cmsis.o)
    0x00004970   0x00004970   0x00000024   Code   RO         2968    i.svcSignalSet      RTX_CM4.lib(rt_cmsis.o)
    0x00004994   0x00004994   0x00000054   Code   RO         2969    i.svcSignalWait     RTX_CM4.lib(rt_cmsis.o)
    0x000049e8   0x000049e8   0x0000006c   Code   RO         2970    i.svcThreadCreate   RTX_CM4.lib(rt_cmsis.o)
    0x00004a54   0x00004a54   0x0000001c   Code   RO         2971    i.svcThreadGetId    RTX_CM4.lib(rt_cmsis.o)
    0x00004a70   0x00004a70   0x00000038   Code   RO         2974    i.svcThreadTerminate  RTX_CM4.lib(rt_cmsis.o)
    0x00004aa8   0x00004aa8   0x00000018   Code   RO         2976    i.svcTimerCall      RTX_CM4.lib(rt_cmsis.o)
    0x00004ac0   0x00004ac0   0x0000005c   Code   RO         2985    i.sysTimerTick      RTX_CM4.lib(rt_cmsis.o)
    0x00004b1c   0x00004b1c   0x00000018   Code   RO         4340    x$fpl$basic         fz_wm.l(basic.o)
    0x00004b34   0x00004b34   0x00000062   Code   RO         4287    x$fpl$d2f           fz_wm.l(d2f.o)
    0x00004b96   0x00004b96   0x00000002   PAD
    0x00004b98   0x00004b98   0x00000150   Code   RO         4289    x$fpl$dadd          fz_wm.l(daddsub_clz.o)
    0x00004ce8   0x00004ce8   0x00000018   Code   RO         4342    x$fpl$dcmpinf       fz_wm.l(dcmpi.o)
    0x00004d00   0x00004d00   0x000002b0   Code   RO         4296    x$fpl$ddiv          fz_wm.l(ddiv.o)
    0x00004fb0   0x00004fb0   0x0000005e   Code   RO         4412    x$fpl$dfix          fz_wm.l(dfix.o)
    0x0000500e   0x0000500e   0x00000002   PAD
    0x00005010   0x00005010   0x0000005a   Code   RO         4299    x$fpl$dfixu         fz_wm.l(dfixu.o)
    0x0000506a   0x0000506a   0x0000002e   Code   RO         4304    x$fpl$dflt          fz_wm.l(dflt_clz.o)
    0x00005098   0x00005098   0x00000026   Code   RO         4303    x$fpl$dfltu         fz_wm.l(dflt_clz.o)
    0x000050be   0x000050be   0x00000002   PAD
    0x000050c0   0x000050c0   0x00000078   Code   RO         4309    x$fpl$dleqf         fz_wm.l(dleqf.o)
    0x00005138   0x00005138   0x00000154   Code   RO         4311    x$fpl$dmul          fz_wm.l(dmul.o)
    0x0000528c   0x0000528c   0x0000009c   Code   RO         4344    x$fpl$dnaninf       fz_wm.l(dnaninf.o)
    0x00005328   0x00005328   0x0000000c   Code   RO         4346    x$fpl$dretinf       fz_wm.l(dretinf.o)
    0x00005334   0x00005334   0x0000006c   Code   RO         4313    x$fpl$drleqf        fz_wm.l(drleqf.o)
    0x000053a0   0x000053a0   0x00000016   Code   RO         4290    x$fpl$drsb          fz_wm.l(daddsub_clz.o)
    0x000053b6   0x000053b6   0x00000002   PAD
    0x000053b8   0x000053b8   0x000001d4   Code   RO         4291    x$fpl$dsub          fz_wm.l(daddsub_clz.o)
    0x0000558c   0x0000558c   0x0000008c   Code   RO         4348    x$fpl$fnaninf       fz_wm.l(fnaninf.o)
    0x00005618   0x00005618   0x0000000a   Code   RO         4518    x$fpl$fpinit        fz_wm.l(fpinit.o)
    0x00005622   0x00005622   0x0000000a   Code   RO         4350    x$fpl$fretinf       fz_wm.l(fretinf.o)
    0x0000562c   0x0000562c   0x00000086   Code   RO         4315    x$fpl$llsfromf      fz_wm.l(ffixll.o)
    0x000056b2   0x000056b2   0x00000000   Code   RO         4352    x$fpl$usenofp       fz_wm.l(usenofp.o)
    0x000056b2   0x000056b2   0x00000002   PAD
    0x000056b4   0x000056b4   0x00000074   Data   RO           13    .constdata          exemplotiva.o
    0x00005728   0x00005728   0x00000028   Data   RO          213    .constdata          cfaf128x128x16.o
    0x00005750   0x00005750   0x00000002   Data   RO          453    .constdata          rtx_conf_cm.o
    0x00005752   0x00005752   0x00000002   PAD
    0x00005754   0x00005754   0x00000004   Data   RO          454    .constdata          rtx_conf_cm.o
    0x00005758   0x00005758   0x00000004   Data   RO          455    .constdata          rtx_conf_cm.o
    0x0000575c   0x0000575c   0x00000004   Data   RO          459    .constdata          rtx_conf_cm.o
    0x00005760   0x00005760   0x00000001   Data   RO          460    .constdata          rtx_conf_cm.o
    0x00005761   0x00005761   0x00000003   PAD
    0x00005764   0x00005764   0x00000010   Data   RO          461    .constdata          rtx_conf_cm.o
    0x00005774   0x00005774   0x00000002   Data   RO          462    .constdata          rtx_conf_cm.o
    0x00005776   0x00005776   0x00000002   PAD
    0x00005778   0x00005778   0x00000004   Data   RO          463    .constdata          rtx_conf_cm.o
    0x0000577c   0x0000577c   0x00000004   Data   RO          464    .constdata          rtx_conf_cm.o
    0x00005780   0x00005780   0x00000001   Data   RO          465    .constdata          rtx_conf_cm.o
    0x00005781   0x00005781   0x00000003   PAD
    0x00005784   0x00005784   0x00000010   Data   RO          466    .constdata          rtx_conf_cm.o
    0x00005794   0x00005794   0x00000008   Data   RO          467    .constdata          rtx_conf_cm.o
    0x0000579c   0x0000579c   0x00000002   Data   RO          468    .constdata          rtx_conf_cm.o
    0x0000579e   0x0000579e   0x00000002   PAD
    0x000057a0   0x000057a0   0x00000010   Data   RO          469    .constdata          rtx_conf_cm.o
    0x000057b0   0x000057b0   0x00000228   Data   RO          862    .constdata          driverlib.lib(gpio.o)
    0x000059d8   0x000059d8   0x00000254   Data   RO         1862    .constdata          driverlib.lib(sysctl.o)
    0x00005c2c   0x00005c2c   0x00000010   Data   RO         2694    .constdata          grlib.lib(context.o)
    0x00005c3c   0x00005c3c   0x000002f8   Data   RO         2726    .constdata          grlib.lib(fontfixed6x8.o)
    0x00005f34   0x00005f34   0x000000c8   Data   RO         2727    .constdata          grlib.lib(fontfixed6x8.o)
    0x00005ffc   0x00005ffc   0x00000004   PAD
    0x00006000   0x00006000   0x00000030   Data   RO         4354    .constdata          m_wm.l(cos_i.o)
    0x00006030   0x00006030   0x000000c8   Data   RO         4372    .constdata          m_wm.l(rred.o)
    0x000060f8   0x000060f8   0x00000028   Data   RO         4376    .constdata          m_wm.l(sin_i.o)
    0x00006120   0x00006120   0x00000025   Data   RO           14    .conststring        exemplotiva.o
    0x00006145   0x00006145   0x00000003   PAD
    0x00006148   0x00006148   0x00000020   Data   RO         4552    Region$$Table       anon$$obj.o


    Execution Region RW_IRAM1 (Exec base: 0x20000000, Load base: 0x00006168, Size: 0x00002808, Max: 0x00040000, ABSOLUTE)

    Exec Addr    Load Addr    Size         Type   Attr      Idx    E Section Name        Object

    0x20000000   0x00006168   0x00000034   Data   RW           15    .data               exemplotiva.o
    0x20000034   0x0000619c   0x00000008   Data   RW          214    .data               cfaf128x128x16.o
    0x2000003c   0x000061a4   0x00000004   Data   RW          386    .data               uart.o
    0x20000040   0x000061a8   0x00000008   Data   RW          428    .data               pwm.o
    0x20000048   0x000061b0   0x00000004   Data   RW          471    .data               rtx_conf_cm.o
    0x2000004c   0x000061b4   0x00000004   Data   RW          472    .data               rtx_conf_cm.o
    0x20000050   0x000061b8   0x00000004   Data   RW          473    .data               rtx_conf_cm.o
    0x20000054   0x000061bc   0x00000004   Data   RW          474    .data               rtx_conf_cm.o
    0x20000058   0x000061c0   0x00000004   Data   RW          509    .data               system_tm4c129.o
    0x2000005c   0x000061c4   0x00000004   Data   RW         2695    .data               grlib.lib(context.o)
    0x20000060   0x000061c8   0x00000008   Data   RW         2988    .data               RTX_CM4.lib(rt_cmsis.o)
    0x20000068   0x000061d0   0x00000008   Data   RW         3525    .data               RTX_CM4.lib(rt_task.o)
    0x20000070   0x000061d8   0x00000008   Data   RW         3812    .data               RTX_CM4.lib(rt_system.o)
    0x20000078   0x000061e0   0x00000004   Data   RW         4102    .data               RTX_CM4.lib(rt_time.o)
    0x2000007c   0x000061e4   0x00000008   Data   RW         4133    .data               RTX_CM4.lib(rt_robin.o)
    0x20000084   0x000061ec   0x00000001   Data   RW         4213    .data               RTX_CM4.lib(hal_cm.o)
    0x20000085   0x000061ed   0x00000003   PAD
    0x20000088        -       0x00000024   Zero   RW            5    .bss                exemplotiva.o
    0x200000ac        -       0x00000024   Zero   RW            6    .bss                exemplotiva.o
    0x200000d0        -       0x00000024   Zero   RW            7    .bss                exemplotiva.o
    0x200000f4        -       0x00000024   Zero   RW            8    .bss                exemplotiva.o
    0x20000118        -       0x00000024   Zero   RW            9    .bss                exemplotiva.o
    0x2000013c        -       0x00000024   Zero   RW           10    .bss                exemplotiva.o
    0x20000160        -       0x00000010   Zero   RW           11    .bss                exemplotiva.o
    0x20000170        -       0x0000002c   Zero   RW           12    .bss                exemplotiva.o
    0x2000019c        -       0x00000020   Zero   RW          446    .bss                rtx_conf_cm.o
    0x200001bc        -       0x000001e0   Zero   RW          447    .bss                rtx_conf_cm.o
    0x2000039c   0x000061ed   0x00000004   PAD
    0x200003a0        -       0x00001910   Zero   RW          448    .bss                rtx_conf_cm.o
    0x20001cb0        -       0x00000408   Zero   RW          449    .bss                rtx_conf_cm.o
    0x200020b8        -       0x00000084   Zero   RW          450    .bss                rtx_conf_cm.o
    0x2000213c        -       0x00000024   Zero   RW          451    .bss                rtx_conf_cm.o
    0x20002160        -       0x000003e0   Zero   RW          452    .bss                rtx_conf_cm.o
    0x20002540        -       0x00000034   Zero   RW         3524    .bss                RTX_CM4.lib(rt_task.o)
    0x20002574        -       0x00000030   Zero   RW         3942    .bss                RTX_CM4.lib(rt_list.o)
    0x200025a4        -       0x00000060   Zero   RW         4275    .bss                c_w.l(libspace.o)
    0x20002604   0x000061ed   0x00000004   PAD
    0x20002608        -       0x00000000   Zero   RW          499    HEAP                startup_tm4c129.o
    0x20002608        -       0x00000200   Zero   RW          498    STACK               startup_tm4c129.o


==============================================================================

Image component sizes


      Code (inc. data)   RO Data    RW Data    ZI Data      Debug   Object Name

      1788         94         40          8          0      10778   cfaf128x128x16.o
      3314        254        153         52        276      71941   exemplotiva.o
       296         28          0          8          0       1711   pwm.o
       168         36         84         16       9120       9013   rtx_conf_cm.o
       300         22        512          0        512       6056   startup_tm4c129.o
        40         14          0          4          0        933   system_tm4c129.o
       584        300          0          4          0      30226   uart.o

    ----------------------------------------------------------------------
      6492        748        836         92       9912     130658   Object Totals
         0          0         32          0          0          0   (incl. Generated)
         2          0         15          0          4          0   (incl. Padding)

    ----------------------------------------------------------------------

      Code (inc. data)   RO Data    RW Data    ZI Data      Debug   Library Member Name

       268         24          0          1          0       4524   hal_cm.o
       408         34          0          0          0        824   hal_cm4.o
      1750        198          0          8          0      46977   rt_cmsis.o
       300         24          0          0          0       3423   rt_event.o
       530         34          0          0         48       8685   rt_list.o
       706         14          0          0          0       5123   rt_mailbox.o
       140          0          0          0          0       2069   rt_membox.o
       128          0          0          0          0       2451   rt_memory.o
       352         14          0          0          0       2249   rt_mutex.o
        96         22          0          8          0       1254   rt_robin.o
        52          4          0          0          0        621   rt_semaphore.o
       298         52          0          8          0       6511   rt_system.o
      1216        174          0          8         52      10129   rt_task.o
         6          0          0          4          0        700   rt_time.o
         4          4          0          0          0        208   svc_table.o
         8          0          0          0          0         68   __main.o
         0          0          0          0          0          0   __rtentry.o
        20          0          0          0          0          0   __rtentry2.o
         6          0          0          0          0          0   __rtentry4.o
        52          8          0          0          0          0   __scatter.o
        26          0          0          0          0          0   __scatter_copy.o
        28          0          0          0          0          0   __scatter_zi.o
        22          0          0          0          0        100   _rserrno.o
        18          0          0          0          0         80   exit.o
         6          0          0          0          0        152   heapauxi.o
         0          0          0          0          0          0   indicate_semi.o
         2          0          0          0          0          0   libinit.o
         6          0          0          0          0          0   libinit2.o
         2          0          0          0          0          0   libshutdown.o
         2          0          0          0          0          0   libshutdown2.o
         8          4          0          0         96         68   libspace.o
        72          0          0          0          0         76   llsdiv.o
       238          0          0          0          0        100   lludivv7m.o
         4          0          0          0          0         68   rt_errno_addr_twolibspace.o
         2          0          0          0          0          0   rtexit.o
        10          0          0          0          0          0   rtexit2.o
        12          4          0          0          0         68   sys_exit.o
        74          0          0          0          0         80   sys_stackheap_outer.o
         2          0          0          0          0         68   use_no_semi.o
         0          0          0          0          0       3064   adc.o
       476          8        552          0          0       4554   gpio.o
        94          0          0          0          0       2900   pwm.o
       838         50        596          0          0       5850   sysctl.o
       130          0          0          0          0       2127   uart.o
        24          0          0          0          0        164   basic.o
        98          4          0          0          0        140   d2f.o
       826         16          0          0          0        492   daddsub_clz.o
        24          0          0          0          0        116   dcmpi.o
       688        140          0          0          0        256   ddiv.o
        94          4          0          0          0        140   dfix.o
        90          4          0          0          0        140   dfixu.o
        84          0          0          0          0        232   dflt_clz.o
       120          4          0          0          0        140   dleqf.o
       340         12          0          0          0        152   dmul.o
       156          4          0          0          0        140   dnaninf.o
        12          0          0          0          0        116   dretinf.o
       108          0          0          0          0        128   drleqf.o
       134          4          0          0          0        132   ffixll.o
       140          4          0          0          0        132   fnaninf.o
        10          0          0          0          0        116   fpinit.o
        10          0          0          0          0        116   fretinf.o
         0          0          0          0          0          0   usenofp.o
         8          0          0          0          0       1494   charmap.o
       100         12         16          4          0      26443   context.o
         0          0        960          0          0      25662   fontfixed6x8.o
        76          0          0          0          0       1522   line.o
      1240          0          0          0          0       9079   string.o
       368         46         48          0          0        200   cos_i.o
        84         16          0          0          0        372   dunder.o
        24          0          0          0          0        124   fabs.o
        48          0          0          0          0        124   fpclassify.o
       248          0          0          0          0        152   poly.o
      1080        142        200          0          0        188   rred.o
       200         20          0          0          0        164   sin.o
       304         24         40          0          0        208   sin_i.o

    ----------------------------------------------------------------------
     15192       1128       2416         44        200     183755   Library Totals
        42          0          4          3          4          0   (incl. Padding)

    ----------------------------------------------------------------------

      Code (inc. data)   RO Data    RW Data    ZI Data      Debug   Library Name

      6254        598          0         37        100      95748   RTX_CM4.lib
       620         16          0          0         96        928   c_w.l
      1538         58       1148          0          0      18495   driverlib.lib
      2958        196          0          0          0       2852   fz_wm.l
      1424         12        976          4          0      64200   grlib.lib
      2356        248        288          0          0       1532   m_wm.l

    ----------------------------------------------------------------------
     15192       1128       2416         44        200     183755   Library Totals

    ----------------------------------------------------------------------

==============================================================================


      Code (inc. data)   RO Data    RW Data    ZI Data      Debug   

     21684       1876       3252        136      10112     298549   Grand Totals
     21684       1876       3252        136      10112     298549   ELF Image Totals
     21684       1876       3252        136          0          0   ROM Totals

==============================================================================

    Total RO  Size (Code + RO Data)                24936 (  24.35kB)
    Total RW  Size (RW Data + ZI Data)             10248 (  10.01kB)
    Total ROM Size (Code + RO Data + RW Data)      25072 (  24.48kB)

==============================================================================

