<html>
<body>
<pre>
<h1>µVision Build Log</h1>
<h2>Tool Versions:</h2>
IDE-Version: µVision V5.26.2.0
Copyright (C) 2018 ARM Ltd and ARM Germany GmbH. All rights reserved.
License Information: Alexandre Matias, UTFPR, LIC=V8545-G9JU0-VHI87-EKM36-NS04F-U0YIW
 
Tool Versions:
Toolchain:       MDK-ARM Professional  Version: 5.26.2.0
Toolchain Path:  C:\Keil_v5\ARM\ARMCC\Bin
C Compiler:      Armcc.exe V5.06 update 6 (build 750)
Assembler:       Armasm.exe V5.06 update 6 (build 750)
Linker/Locator:  ArmLink.exe V5.06 update 6 (build 750)
Library Manager: ArmAr.exe V5.06 update 6 (build 750)
Hex Converter:   FromElf.exe V5.06 update 6 (build 750)
CPU DLL:         SARMCM3.DLL V5.26.2.0
Dialog DLL:      DCM.DLL V1.17.2.0
Target DLL:      lmidk-agdi.dll V???
Dialog DLL:      TCM.DLL V1.36.1.0
 
<h2>Project:</h2>
C:\Users\Alexa\Embarcados\lab05\ProjectFiles\base_project.uvprojx
Project File Date:  12/02/2019

<h2>Output:</h2>
*** Using Compiler 'V5.06 update 6 (build 750)', folder: 'C:\Keil_v5\ARM\ARMCC\Bin'
*** Note: Rebuilding project, since 'Options->Output->Create Batch File' is selected.
Rebuild Project 'base_project' - Target 'TM4C129 Flash'
compiling exemploTIVA.c...
C:\Users\Alexa\Embarcados\lab05\ProjectFiles\UART\UART.h(32): warning:  #1295-D: Deprecated declaration UARTenable - give arg types
  void UARTenable();
C:\Users\Alexa\Embarcados\lab05\ProjectFiles\UART\UART.h(36): warning:  #1-D: last line of file ends without a newline
  void UARTprintMenu();
C:\Users\Alexa\Embarcados\lab05\ProjectFiles\UART\UART.h(36): warning:  #1295-D: Deprecated declaration UARTprintMenu - give arg types
  void UARTprintMenu();
C:\Users\Alexa\Embarcados\lab05\inc\hw_memmap.h(51): warning:  #47-D: incompatible redefinition of macro "WATCHDOG0_BASE"  (declared at line 1915 of "C:\Keil_v5\ARM\PACK\Keil\TM4C_DFP\1.1.0\Device\Include\TM4C129\TM4C1294NCPDT.h")
  #define WATCHDOG0_BASE          0x40000000  // Watchdog0
C:\Users\Alexa\Embarcados\lab05\inc\hw_memmap.h(52): warning:  #47-D: incompatible redefinition of macro "WATCHDOG1_BASE"  (declared at line 1916 of "C:\Keil_v5\ARM\PACK\Keil\TM4C_DFP\1.1.0\Device\Include\TM4C129\TM4C1294NCPDT.h")
  #define WATCHDOG1_BASE          0x40001000  // Watchdog1
C:\Users\Alexa\Embarcados\lab05\inc\hw_memmap.h(57): warning:  #47-D: incompatible redefinition of macro "SSI0_BASE"  (declared at line 1917 of "C:\Keil_v5\ARM\PACK\Keil\TM4C_DFP\1.1.0\Device\Include\TM4C129\TM4C1294NCPDT.h")
  #define SSI0_BASE               0x40008000  // SSI0
C:\Users\Alexa\Embarcados\lab05\inc\hw_memmap.h(58): warning:  #47-D: incompatible redefinition of macro "SSI1_BASE"  (declared at line 1918 of "C:\Keil_v5\ARM\PACK\Keil\TM4C_DFP\1.1.0\Device\Include\TM4C129\TM4C1294NCPDT.h")
  #define SSI1_BASE               0x40009000  // SSI1
C:\Users\Alexa\Embarcados\lab05\inc\hw_memmap.h(59): warning:  #47-D: incompatible redefinition of macro "SSI2_BASE"  (declared at line 1919 of "C:\Keil_v5\ARM\PACK\Keil\TM4C_DFP\1.1.0\Device\Include\TM4C129\TM4C1294NCPDT.h")
  #define SSI2_BASE               0x4000A000  // SSI2
C:\Users\Alexa\Embarcados\lab05\inc\hw_memmap.h(60): warning:  #47-D: incompatible redefinition of macro "SSI3_BASE"  (declared at line 1920 of "C:\Keil_v5\ARM\PACK\Keil\TM4C_DFP\1.1.0\Device\Include\TM4C129\TM4C1294NCPDT.h")
  #define SSI3_BASE               0x4000B000  // SSI3
C:\Users\Alexa\Embarcados\lab05\inc\hw_memmap.h(61): warning:  #47-D: incompatible redefinition of macro "UART0_BASE"  (declared at line 1921 of "C:\Keil_v5\ARM\PACK\Keil\TM4C_DFP\1.1.0\Device\Include\TM4C129\TM4C1294NCPDT.h")
  #define UART0_BASE              0x4000C000  // UART0
C:\Users\Alexa\Embarcados\lab05\inc\hw_memmap.h(62): warning:  #47-D: incompatible redefinition of macro "UART1_BASE"  (declared at line 1922 of "C:\Keil_v5\ARM\PACK\Keil\TM4C_DFP\1.1.0\Device\Include\TM4C129\TM4C1294NCPDT.h")
  #define UART1_BASE              0x4000D000  // UART1
C:\Users\Alexa\Embarcados\lab05\inc\hw_memmap.h(63): warning:  #47-D: incompatible redefinition of macro "UART2_BASE"  (declared at line 1923 of "C:\Keil_v5\ARM\PACK\Keil\TM4C_DFP\1.1.0\Device\Include\TM4C129\TM4C1294NCPDT.h")
  #define UART2_BASE              0x4000E000  // UART2
C:\Users\Alexa\Embarcados\lab05\inc\hw_memmap.h(64): warning:  #47-D: incompatible redefinition of macro "UART3_BASE"  (declared at line 1924 of "C:\Keil_v5\ARM\PACK\Keil\TM4C_DFP\1.1.0\Device\Include\TM4C129\TM4C1294NCPDT.h")
  #define UART3_BASE              0x4000F000  // UART3
C:\Users\Alexa\Embarcados\lab05\inc\hw_memmap.h(65): warning:  #47-D: incompatible redefinition of macro "UART4_BASE"  (declared at line 1925 of "C:\Keil_v5\ARM\PACK\Keil\TM4C_DFP\1.1.0\Device\Include\TM4C129\TM4C1294NCPDT.h")
  #define UART4_BASE              0x40010000  // UART4
C:\Users\Alexa\Embarcados\lab05\inc\hw_memmap.h(66): warning:  #47-D: incompatible redefinition of macro "UART5_BASE"  (declared at line 1926 of "C:\Keil_v5\ARM\PACK\Keil\TM4C_DFP\1.1.0\Device\Include\TM4C129\TM4C1294NCPDT.h")
  #define UART5_BASE              0x40011000  // UART5
C:\Users\Alexa\Embarcados\lab05\inc\hw_memmap.h(67): warning:  #47-D: incompatible redefinition of macro "UART6_BASE"  (declared at line 1927 of "C:\Keil_v5\ARM\PACK\Keil\TM4C_DFP\1.1.0\Device\Include\TM4C129\TM4C1294NCPDT.h")
  #define UART6_BASE              0x40012000  // UART6
C:\Users\Alexa\Embarcados\lab05\inc\hw_memmap.h(68): warning:  #47-D: incompatible redefinition of macro "UART7_BASE"  (declared at line 1928 of "C:\Keil_v5\ARM\PACK\Keil\TM4C_DFP\1.1.0\Device\Include\TM4C129\TM4C1294NCPDT.h")
  #define UART7_BASE              0x40013000  // UART7
C:\Users\Alexa\Embarcados\lab05\inc\hw_memmap.h(69): warning:  #47-D: incompatible redefinition of macro "I2C0_BASE"  (declared at line 1929 of "C:\Keil_v5\ARM\PACK\Keil\TM4C_DFP\1.1.0\Device\Include\TM4C129\TM4C1294NCPDT.h")
  #define I2C0_BASE               0x40020000  // I2C0
C:\Users\Alexa\Embarcados\lab05\inc\hw_memmap.h(70): warning:  #47-D: incompatible redefinition of macro "I2C1_BASE"  (declared at line 1930 of "C:\Keil_v5\ARM\PACK\Keil\TM4C_DFP\1.1.0\Device\Include\TM4C129\TM4C1294NCPDT.h")
  #define I2C1_BASE               0x40021000  // I2C1
C:\Users\Alexa\Embarcados\lab05\inc\hw_memmap.h(71): warning:  #47-D: incompatible redefinition of macro "I2C2_BASE"  (declared at line 1931 of "C:\Keil_v5\ARM\PACK\Keil\TM4C_DFP\1.1.0\Device\Include\TM4C129\TM4C1294NCPDT.h")
  #define I2C2_BASE               0x40022000  // I2C2
C:\Users\Alexa\Embarcados\lab05\inc\hw_memmap.h(72): warning:  #47-D: incompatible redefinition of macro "I2C3_BASE"  (declared at line 1932 of "C:\Keil_v5\ARM\PACK\Keil\TM4C_DFP\1.1.0\Device\Include\TM4C129\TM4C1294NCPDT.h")
  #define I2C3_BASE               0x40023000  // I2C3
C:\Users\Alexa\Embarcados\lab05\inc\hw_memmap.h(77): warning:  #47-D: incompatible redefinition of macro "PWM0_BASE"  (declared at line 1933 of "C:\Keil_v5\ARM\PACK\Keil\TM4C_DFP\1.1.0\Device\Include\TM4C129\TM4C1294NCPDT.h")
  #define PWM0_BASE               0x40028000  // Pulse Width Modulator (PWM)
C:\Users\Alexa\Embarcados\lab05\inc\hw_memmap.h(79): warning:  #47-D: incompatible redefinition of macro "QEI0_BASE"  (declared at line 1934 of "C:\Keil_v5\ARM\PACK\Keil\TM4C_DFP\1.1.0\Device\Include\TM4C129\TM4C1294NCPDT.h")
  #define QEI0_BASE               0x4002C000  // QEI0
C:\Users\Alexa\Embarcados\lab05\inc\hw_memmap.h(81): warning:  #47-D: incompatible redefinition of macro "TIMER0_BASE"  (declared at line 1935 of "C:\Keil_v5\ARM\PACK\Keil\TM4C_DFP\1.1.0\Device\Include\TM4C129\TM4C1294NCPDT.h")
  #define TIMER0_BASE             0x40030000  // Timer0
C:\Users\Alexa\Embarcados\lab05\inc\hw_memmap.h(82): warning:  #47-D: incompatible redefinition of macro "TIMER1_BASE"  (declared at line 1936 of "C:\Keil_v5\ARM\PACK\Keil\TM4C_DFP\1.1.0\Device\Include\TM4C129\TM4C1294NCPDT.h")
  #define TIMER1_BASE             0x40031000  // Timer1
C:\Users\Alexa\Embarcados\lab05\inc\hw_memmap.h(83): warning:  #47-D: incompatible redefinition of macro "TIMER2_BASE"  (declared at line 1937 of "C:\Keil_v5\ARM\PACK\Keil\TM4C_DFP\1.1.0\Device\Include\TM4C129\TM4C1294NCPDT.h")
  #define TIMER2_BASE             0x40032000  // Timer2
C:\Users\Alexa\Embarcados\lab05\inc\hw_memmap.h(84): warning:  #47-D: incompatible redefinition of macro "TIMER3_BASE"  (declared at line 1938 of "C:\Keil_v5\ARM\PACK\Keil\TM4C_DFP\1.1.0\Device\Include\TM4C129\TM4C1294NCPDT.h")
  #define TIMER3_BASE             0x40033000  // Timer3
C:\Users\Alexa\Embarcados\lab05\inc\hw_memmap.h(85): warning:  #47-D: incompatible redefinition of macro "TIMER4_BASE"  (declared at line 1939 of "C:\Keil_v5\ARM\PACK\Keil\TM4C_DFP\1.1.0\Device\Include\TM4C129\TM4C1294NCPDT.h")
  #define TIMER4_BASE             0x40034000  // Timer4
C:\Users\Alexa\Embarcados\lab05\inc\hw_memmap.h(86): warning:  #47-D: incompatible redefinition of macro "TIMER5_BASE"  (declared at line 1940 of "C:\Keil_v5\ARM\PACK\Keil\TM4C_DFP\1.1.0\Device\Include\TM4C129\TM4C1294NCPDT.h")
  #define TIMER5_BASE             0x40035000  // Timer5
C:\Users\Alexa\Embarcados\lab05\inc\hw_memmap.h(89): warning:  #47-D: incompatible redefinition of macro "ADC0_BASE"  (declared at line 1941 of "C:\Keil_v5\ARM\PACK\Keil\TM4C_DFP\1.1.0\Device\Include\TM4C129\TM4C1294NCPDT.h")
  #define ADC0_BASE               0x40038000  // ADC0
C:\Users\Alexa\Embarcados\lab05\inc\hw_memmap.h(90): warning:  #47-D: incompatible redefinition of macro "ADC1_BASE"  (declared at line 1942 of "C:\Keil_v5\ARM\PACK\Keil\TM4C_DFP\1.1.0\Device\Include\TM4C129\TM4C1294NCPDT.h")
  #define ADC1_BASE               0x40039000  // ADC1
C:\Users\Alexa\Embarcados\lab05\inc\hw_memmap.h(91): warning:  #47-D: incompatible redefinition of macro "COMP_BASE"  (declared at line 1943 of "C:\Keil_v5\ARM\PACK\Keil\TM4C_DFP\1.1.0\Device\Include\TM4C129\TM4C1294NCPDT.h")
  #define COMP_BASE               0x4003C000  // Analog comparators
C:\Users\Alexa\Embarcados\lab05\inc\hw_memmap.h(93): warning:  #47-D: incompatible redefinition of macro "CAN0_BASE"  (declared at line 1944 of "C:\Keil_v5\ARM\PACK\Keil\TM4C_DFP\1.1.0\Device\Include\TM4C129\TM4C1294NCPDT.h")
  #define CAN0_BASE               0x40040000  // CAN0
C:\Users\Alexa\Embarcados\lab05\inc\hw_memmap.h(94): warning:  #47-D: incompatible redefinition of macro "CAN1_BASE"  (declared at line 1945 of "C:\Keil_v5\ARM\PACK\Keil\TM4C_DFP\1.1.0\Device\Include\TM4C129\TM4C1294NCPDT.h")
  #define CAN1_BASE               0x40041000  // CAN1
C:\Users\Alexa\Embarcados\lab05\inc\hw_memmap.h(99): warning:  #47-D: incompatible redefinition of macro "USB0_BASE"  (declared at line 1946 of "C:\Keil_v5\ARM\PACK\Keil\TM4C_DFP\1.1.0\Device\Include\TM4C129\TM4C1294NCPDT.h")
  #define USB0_BASE               0x40050000  // USB 0 Controller
C:\Users\Alexa\Embarcados\lab05\inc\hw_memmap.h(121): warning:  #47-D: incompatible redefinition of macro "EEPROM_BASE"  (declared at line 1962 of "C:\Keil_v5\ARM\PACK\Keil\TM4C_DFP\1.1.0\Device\Include\TM4C129\TM4C1294NCPDT.h")
  #define EEPROM_BASE             0x400AF000  // EEPROM memory
C:\Users\Alexa\Embarcados\lab05\inc\hw_memmap.h(123): warning:  #47-D: incompatible redefinition of macro "I2C8_BASE"  (declared at line 1963 of "C:\Keil_v5\ARM\PACK\Keil\TM4C_DFP\1.1.0\Device\Include\TM4C129\TM4C1294NCPDT.h")
  #define I2C8_BASE               0x400B8000  // I2C8
C:\Users\Alexa\Embarcados\lab05\inc\hw_memmap.h(124): warning:  #47-D: incompatible redefinition of macro "I2C9_BASE"  (declared at line 1964 of "C:\Keil_v5\ARM\PACK\Keil\TM4C_DFP\1.1.0\Device\Include\TM4C129\TM4C1294NCPDT.h")
  #define I2C9_BASE               0x400B9000  // I2C9
C:\Users\Alexa\Embarcados\lab05\inc\hw_memmap.h(125): warning:  #47-D: incompatible redefinition of macro "I2C4_BASE"  (declared at line 1965 of "C:\Keil_v5\ARM\PACK\Keil\TM4C_DFP\1.1.0\Device\Include\TM4C129\TM4C1294NCPDT.h")
  #define I2C4_BASE               0x400C0000  // I2C4
C:\Users\Alexa\Embarcados\lab05\inc\hw_memmap.h(126): warning:  #47-D: incompatible redefinition of macro "I2C5_BASE"  (declared at line 1966 of "C:\Keil_v5\ARM\PACK\Keil\TM4C_DFP\1.1.0\Device\Include\TM4C129\TM4C1294NCPDT.h")
  #define I2C5_BASE               0x400C1000  // I2C5
C:\Users\Alexa\Embarcados\lab05\inc\hw_memmap.h(127): warning:  #47-D: incompatible redefinition of macro "I2C6_BASE"  (declared at line 1967 of "C:\Keil_v5\ARM\PACK\Keil\TM4C_DFP\1.1.0\Device\Include\TM4C129\TM4C1294NCPDT.h")
  #define I2C6_BASE               0x400C2000  // I2C6
C:\Users\Alexa\Embarcados\lab05\inc\hw_memmap.h(128): warning:  #47-D: incompatible redefinition of macro "I2C7_BASE"  (declared at line 1968 of "C:\Keil_v5\ARM\PACK\Keil\TM4C_DFP\1.1.0\Device\Include\TM4C129\TM4C1294NCPDT.h")
  #define I2C7_BASE               0x400C3000  // I2C7
C:\Users\Alexa\Embarcados\lab05\inc\hw_memmap.h(129): warning:  #47-D: incompatible redefinition of macro "EPI0_BASE"  (declared at line 1969 of "C:\Keil_v5\ARM\PACK\Keil\TM4C_DFP\1.1.0\Device\Include\TM4C129\TM4C1294NCPDT.h")
  #define EPI0_BASE               0x400D0000  // EPI0
C:\Users\Alexa\Embarcados\lab05\inc\hw_memmap.h(130): warning:  #47-D: incompatible redefinition of macro "TIMER6_BASE"  (declared at line 1970 of "C:\Keil_v5\ARM\PACK\Keil\TM4C_DFP\1.1.0\Device\Include\TM4C129\TM4C1294NCPDT.h")
  #define TIMER6_BASE             0x400E0000  // General-Purpose Timers
C:\Users\Alexa\Embarcados\lab05\inc\hw_memmap.h(131): warning:  #47-D: incompatible redefinition of macro "TIMER7_BASE"  (declared at line 1971 of "C:\Keil_v5\ARM\PACK\Keil\TM4C_DFP\1.1.0\Device\Include\TM4C129\TM4C1294NCPDT.h")
  #define TIMER7_BASE             0x400E1000  // General-Purpose Timers
C:\Users\Alexa\Embarcados\lab05\inc\hw_memmap.h(132): warning:  #47-D: incompatible redefinition of macro "EMAC0_BASE"  (declared at line 1972 of "C:\Keil_v5\ARM\PACK\Keil\TM4C_DFP\1.1.0\Device\Include\TM4C129\TM4C1294NCPDT.h")
  #define EMAC0_BASE              0x400EC000  // Ethernet Controller
C:\Users\Alexa\Embarcados\lab05\inc\hw_memmap.h(133): warning:  #47-D: incompatible redefinition of macro "SYSEXC_BASE"  (declared at line 1973 of "C:\Keil_v5\ARM\PACK\Keil\TM4C_DFP\1.1.0\Device\Include\TM4C129\TM4C1294NCPDT.h")
  #define SYSEXC_BASE             0x400F9000  // System Exception Module
C:\Users\Alexa\Embarcados\lab05\inc\hw_memmap.h(134): warning:  #47-D: incompatible redefinition of macro "HIB_BASE"  (declared at line 1974 of "C:\Keil_v5\ARM\PACK\Keil\TM4C_DFP\1.1.0\Device\Include\TM4C129\TM4C1294NCPDT.h")
  #define HIB_BASE                0x400FC000  // Hibernation Module
C:\Users\Alexa\Embarcados\lab05\inc\hw_memmap.h(135): warning:  #47-D: incompatible redefinition of macro "FLASH_CTRL_BASE"  (declared at line 1975 of "C:\Keil_v5\ARM\PACK\Keil\TM4C_DFP\1.1.0\Device\Include\TM4C129\TM4C1294NCPDT.h")
  #define FLASH_CTRL_BASE         0x400FD000  // FLASH Controller
C:\Users\Alexa\Embarcados\lab05\inc\hw_memmap.h(136): warning:  #47-D: incompatible redefinition of macro "SYSCTL_BASE"  (declared at line 1976 of "C:\Keil_v5\ARM\PACK\Keil\TM4C_DFP\1.1.0\Device\Include\TM4C129\TM4C1294NCPDT.h")
  #define SYSCTL_BASE             0x400FE000  // System Control
C:\Users\Alexa\Embarcados\lab05\inc\hw_memmap.h(137): warning:  #47-D: incompatible redefinition of macro "UDMA_BASE"  (declared at line 1977 of "C:\Keil_v5\ARM\PACK\Keil\TM4C_DFP\1.1.0\Device\Include\TM4C129\TM4C1294NCPDT.h")
  #define UDMA_BASE               0x400FF000  // uDMA Controller
C:\Users\Alexa\Embarcados\lab05\inc\hw_memmap.h(138): warning:  #47-D: incompatible redefinition of macro "CCM0_BASE"  (declared at line 1978 of "C:\Keil_v5\ARM\PACK\Keil\TM4C_DFP\1.1.0\Device\Include\TM4C129\TM4C1294NCPDT.h")
  #define CCM0_BASE               0x44030000  // Cyclical Redundancy Check (CRC)
C:\Users\Alexa\Embarcados\lab05\inc\hw_memmap.h(145): warning:  #47-D: incompatible redefinition of macro "ITM_BASE"  (declared at line 1546 of "C:\Keil_v5\ARM\PACK\ARM\CMSIS\5.5.1\CMSIS\Core\Include\core_cm4.h")
  #define ITM_BASE                0xE0000000  // Instrumentation Trace Macrocell
C:\Users\Alexa\Embarcados\lab05\inc\hw_memmap.h(146): warning:  #47-D: incompatible redefinition of macro "DWT_BASE"  (declared at line 1547 of "C:\Keil_v5\ARM\PACK\ARM\CMSIS\5.5.1\CMSIS\Core\Include\core_cm4.h")
  #define DWT_BASE                0xE0001000  // Data Watchpoint and Trace
C:\Users\Alexa\Embarcados\lab05\inc\hw_memmap.h(148): warning:  #47-D: incompatible redefinition of macro "NVIC_BASE"  (declared at line 1551 of "C:\Keil_v5\ARM\PACK\ARM\CMSIS\5.5.1\CMSIS\Core\Include\core_cm4.h")
  #define NVIC_BASE               0xE000E000  // Nested Vectored Interrupt Ctrl
C:\Users\Alexa\Embarcados\lab05\ProjectFiles\PWM\PWM.h(36): warning:  #1-D: last line of file ends without a newline
  void PWM_per_set(uint16_t period);
C:\Users\Alexa\Embarcados\lab05\ProjectFiles\exemploTIVA.c(265): warning:  #223-D: function "initUART" declared implicitly
        initUART();
C:\Users\Alexa\Embarcados\lab05\ProjectFiles\exemploTIVA.c(332): warning:  #550-D: variable "caracter"  was set but never used
        char caracter;
C:\Users\Alexa\Embarcados\lab05\ProjectFiles\exemploTIVA.c(630): warning:  #177-D: variable "tick_init_char"  was declared but never referenced
        char tick_init_char [32];
C:\Users\Alexa\Embarcados\lab05\ProjectFiles\exemploTIVA.c(631): warning:  #177-D: variable "tick_end_char"  was declared but never referenced
        char tick_end_char [32];
C:\Users\Alexa\Embarcados\lab05\ProjectFiles\exemploTIVA.c(679): warning:  #177-D: variable "tick_init_char"  was declared but never referenced
        char tick_init_char [32];
C:\Users\Alexa\Embarcados\lab05\ProjectFiles\exemploTIVA.c(680): warning:  #177-D: variable "tick_end_char"  was declared but never referenced
        char tick_end_char [32];
C:\Users\Alexa\Embarcados\lab05\ProjectFiles\exemploTIVA.c(729): warning:  #177-D: variable "tick_init_char"  was declared but never referenced
        char tick_init_char [32];
C:\Users\Alexa\Embarcados\lab05\ProjectFiles\exemploTIVA.c(730): warning:  #177-D: variable "tick_end_char"  was declared but never referenced
        char tick_end_char [32];
C:\Users\Alexa\Embarcados\lab05\ProjectFiles\exemploTIVA.c(777): warning:  #177-D: variable "tick_init_char"  was declared but never referenced
        char tick_init_char [32];
C:\Users\Alexa\Embarcados\lab05\ProjectFiles\exemploTIVA.c(778): warning:  #177-D: variable "tick_end_char"  was declared but never referenced
        char tick_end_char [32];
C:\Users\Alexa\Embarcados\lab05\ProjectFiles\exemploTIVA.c(823): warning:  #177-D: variable "tick_init_char"  was declared but never referenced
        char tick_init_char [32];
C:\Users\Alexa\Embarcados\lab05\ProjectFiles\exemploTIVA.c(824): warning:  #177-D: variable "tick_end_char"  was declared but never referenced
        char tick_end_char [32];
C:\Users\Alexa\Embarcados\lab05\ProjectFiles\exemploTIVA.c(872): warning:  #177-D: variable "tick_init_char"  was declared but never referenced
        char tick_init_char [32];
C:\Users\Alexa\Embarcados\lab05\ProjectFiles\exemploTIVA.c(873): warning:  #177-D: variable "tick_end_char"  was declared but never referenced
        char tick_end_char [32];
C:\Users\Alexa\Embarcados\lab05\ProjectFiles\exemploTIVA.c(928): warning:  #1-D: last line of file ends without a newline
  }
exemploTIVA.c: 71 warnings, 0 errors
compiling buzzer.c...
C:\Users\Alexa\Embarcados\lab05\ProjectFiles\buzzer.h(18): warning:  #1295-D: Deprecated declaration buzzer_init - give arg types
  extern void buzzer_init();
C:\Users\Alexa\Embarcados\lab05\ProjectFiles\buzzer.h(23): warning:  #1-D: last line of file ends without a newline
  #endif //__BUZZER_H
C:\Users\Alexa\Embarcados\lab05\ProjectFiles\buzzer.c(162): warning:  #1-D: last line of file ends without a newline
  }
C:\Users\Alexa\Embarcados\lab05\ProjectFiles\buzzer.c(31): warning:  #550-D: variable "g_ui32SysClock"  was set but never used
  static uint32_t g_ui32SysClock;
C:\Users\Alexa\Embarcados\lab05\ProjectFiles\buzzer.c(33): warning:  #550-D: variable "g_current_per"  was set but never used
  static uint16_t g_current_per;
buzzer.c: 5 warnings, 0 errors
compiling accel.c...
C:\Users\Alexa\Embarcados\lab05\ProjectFiles\accel.c(89): warning:  #1-D: last line of file ends without a newline
  }
accel.c: 1 warning, 0 errors
compiling buttons.c...
C:\Users\Alexa\Embarcados\lab05\ProjectFiles\buttons.h(5): warning:  #1295-D: Deprecated declaration button_init - give arg types
  extern void button_init();
C:\Users\Alexa\Embarcados\lab05\ProjectFiles\buttons.h(6): warning:  #1295-D: Deprecated declaration button_read_s1 - give arg types
  extern bool button_read_s1();
C:\Users\Alexa\Embarcados\lab05\ProjectFiles\buttons.h(7): warning:  #1295-D: Deprecated declaration button_read_s2 - give arg types
  extern bool button_read_s2();
C:\Users\Alexa\Embarcados\lab05\ProjectFiles\buttons.h(9): warning:  #1-D: last line of file ends without a newline
  #endif //__BUTTONS_H
buttons.c: 4 warnings, 0 errors
compiling cfaf128x128x16.c...
C:\Users\Alexa\Embarcados\lab05\ProjectFiles\cfaf128x128x16.c(880): warning:  #1-D: last line of file ends without a newline
  //*****************************************************************************
C:\Users\Alexa\Embarcados\lab05\ProjectFiles\cfaf128x128x16.c(770): warning:  #177-D: function "ssiSetDataMode"  was declared but never referenced
  ssiSetDataMode(uint8_t mode) {
C:\Users\Alexa\Embarcados\lab05\ProjectFiles\cfaf128x128x16.c(777): warning:  #177-D: function "ssiSetClockDivider"  was declared but never referenced
  ssiSetClockDivider(uint8_t divider){
cfaf128x128x16.c: 3 warnings, 0 errors
compiling led.c...
compiling mic.c...
C:\Users\Alexa\Embarcados\lab05\ProjectFiles\mic.h(23): warning:  #1-D: last line of file ends without a newline
  #endif //__MIC_H__
C:\Users\Alexa\Embarcados\lab05\ProjectFiles\mic.c(91): warning:  #1-D: last line of file ends without a newline
  }
mic.c: 2 warnings, 0 errors
compiling opt.c...
C:\Users\Alexa\Embarcados\lab05\ProjectFiles\opt.h(20): warning:  #1295-D: Deprecated declaration opt_init - give arg types
  extern void  opt_init();
C:\Users\Alexa\Embarcados\lab05\ProjectFiles\opt.h(21): warning:  #1295-D: Deprecated declaration opt_read - give arg types
  extern uint16_t opt_read();
C:\Users\Alexa\Embarcados\lab05\ProjectFiles\opt.h(22): warning:  #1295-D: Deprecated declaration opt_read_lux - give arg types
  extern uint32_t opt_read_lux();
C:\Users\Alexa\Embarcados\lab05\ProjectFiles\opt.h(24): warning:  #1-D: last line of file ends without a newline
  #endif //__OPT_H__
C:\Users\Alexa\Embarcados\lab05\ProjectFiles\opt.c(149): warning:  #128-D: loop is not reachable
                while(i < n){
C:\Users\Alexa\Embarcados\lab05\ProjectFiles\opt.c(195): warning:  #128-D: loop is not reachable
                while(i < n-1){
C:\Users\Alexa\Embarcados\lab05\ProjectFiles\opt.c(330): warning:  #177-D: variable "temp"  was declared but never referenced
                uint64_t temp = 0;
C:\Users\Alexa\Embarcados\lab05\ProjectFiles\opt.c(60): warning:  #550-D: variable "mid"  was set but never used
  static uint16_t mid, did;
C:\Users\Alexa\Embarcados\lab05\ProjectFiles\opt.c(60): warning:  #550-D: variable "did"  was set but never used
  static uint16_t mid, did;
C:\Users\Alexa\Embarcados\lab05\ProjectFiles\opt.c(86): warning:  #177-D: variable "g_mid"  was declared but never referenced
  static uint16_t g_mid, g_did, g_timeout_count;
C:\Users\Alexa\Embarcados\lab05\ProjectFiles\opt.c(86): warning:  #177-D: variable "g_did"  was declared but never referenced
  static uint16_t g_mid, g_did, g_timeout_count;
opt.c: 11 warnings, 0 errors
compiling rgb.c...
C:\Users\Alexa\Embarcados\lab05\ProjectFiles\rgb.h(66): warning:  #1-D: last line of file ends without a newline
  #endif //__RGB_H__
C:\Users\Alexa\Embarcados\lab05\ProjectFiles\rgb.c(290): warning:  #1-D: last line of file ends without a newline
  }
rgb.c: 2 warnings, 0 errors
compiling servo.c...
C:\Users\Alexa\Embarcados\lab05\ProjectFiles\servo.h(27): warning:  #1295-D: Deprecated declaration servo_init - give arg types
  extern void servo_init();
C:\Users\Alexa\Embarcados\lab05\ProjectFiles\servo.c(59): warning:  #550-D: variable "g_ui32SysClock"  was set but never used
  static uint32_t g_ui32SysClock;
servo.c: 2 warnings, 0 errors
compiling joy.c...
C:\Users\Alexa\Embarcados\lab05\ProjectFiles\joy.h(20): warning:  #1295-D: Deprecated declaration joy_read_center - give arg types
  extern bool joy_read_center();
C:\Users\Alexa\Embarcados\lab05\ProjectFiles\joy.c(102): warning:  #1-D: last line of file ends without a newline
  }
joy.c: 2 warnings, 0 errors
compiling temp.c...
C:\Users\Alexa\Embarcados\lab05\ProjectFiles\temp.h(23): warning:  #1-D: last line of file ends without a newline
  #endif //__TEMP_H__
C:\Users\Alexa\Embarcados\lab05\ProjectFiles\temp.c(158): warning:  #128-D: loop is not reachable
                while(i < n){
C:\Users\Alexa\Embarcados\lab05\ProjectFiles\temp.c(207): warning:  #128-D: loop is not reachable
                while(i < n-1){
C:\Users\Alexa\Embarcados\lab05\ProjectFiles\temp.c(303): warning:  #177-D: variable "temp"  was declared but never referenced
        uint64_t temp = 0;
C:\Users\Alexa\Embarcados\lab05\ProjectFiles\temp.c(94): warning:  #550-D: variable "g_mid"  was set but never used
  static uint16_t g_mid, g_did, g_timeout_count;
C:\Users\Alexa\Embarcados\lab05\ProjectFiles\temp.c(94): warning:  #550-D: variable "g_did"  was set but never used
  static uint16_t g_mid, g_did, g_timeout_count;
temp.c: 6 warnings, 0 errors
assembling utils.s...
compiling UART.c...
C:\Users\Alexa\Embarcados\lab05\ProjectFiles\UART\UART.h(32): warning:  #1295-D: Deprecated declaration UARTenable - give arg types
  void UARTenable();
C:\Users\Alexa\Embarcados\lab05\ProjectFiles\UART\UART.h(36): warning:  #1-D: last line of file ends without a newline
  void UARTprintMenu();
C:\Users\Alexa\Embarcados\lab05\ProjectFiles\UART\UART.h(36): warning:  #1295-D: Deprecated declaration UARTprintMenu - give arg types
  void UARTprintMenu();
C:\Users\Alexa\Embarcados\lab05\ProjectFiles\UART\UART.c(18): warning:  #223-D: function "UARTConfigSetExpClk" declared implicitly
      MAP_UARTConfigSetExpClk(g_ulBase, ui32SysClock, 115200, (UART_CONFIG_PAR_NONE | UART_CONFIG_STOP_ONE | UART_CONFIG_WLEN_8)); // Configure the UART for 115200, n, 8, 1
C:\Users\Alexa\Embarcados\lab05\ProjectFiles\UART\UART.c(19): warning:  #223-D: function "UARTEnable" declared implicitly
      MAP_UARTEnable(g_ulBase); // Enable the UART operation.
UART\UART.c: 5 warnings, 0 errors
compiling PWM.c...
C:\Users\Alexa\Embarcados\lab05\ProjectFiles\PWM\PWM.h(36): warning:  #1-D: last line of file ends without a newline
  void PWM_per_set(uint16_t period);
C:\Users\Alexa\Embarcados\lab05\ProjectFiles\PWM\PWM.c(45): warning:  #177-D: variable "ui32Reg"  was declared but never referenced
        uint32_t ui32Reg,ui32GenBase,ui32Gen;
C:\Users\Alexa\Embarcados\lab05\ProjectFiles\PWM\PWM.c(45): warning:  #177-D: variable "ui32GenBase"  was declared but never referenced
        uint32_t ui32Reg,ui32GenBase,ui32Gen;
C:\Users\Alexa\Embarcados\lab05\ProjectFiles\PWM\PWM.c(45): warning:  #177-D: variable "ui32Gen"  was declared but never referenced
        uint32_t ui32Reg,ui32GenBase,ui32Gen;
C:\Users\Alexa\Embarcados\lab05\ProjectFiles\PWM\PWM.c(60): warning:  #177-D: variable "ui32Gen"  was declared but never referenced
        uint32_t ui32Gen;
PWM\PWM.c: 5 warnings, 0 errors
compiling RTX_Conf_CM.c...
assembling startup_TM4C129.s...
compiling system_TM4C129.c...
linking...
Program Size: Code=19764 RO-data=3052 RW-data=128 ZI-data=9928  
".\Flash\base_project.axf" - 0 Error(s), 119 Warning(s).

<h2>Software Packages used:</h2>

Package Vendor: ARM
                http://www.keil.com/pack/ARM.CMSIS.5.5.1.pack
                ARM.CMSIS.5.5.1
                CMSIS (Cortex Microcontroller Software Interface Standard)
   * Component: RTOS Version: 1.0.0
   * Component: CORE Version: 5.2.0
   * Component: Keil RTX Version: 4.81.1

Package Vendor: Keil
                http://www.keil.com/pack/Keil.TM4C_DFP.1.1.0.pack
                Keil.TM4C_DFP.1.1.0
                Texas Instruments Tiva C Series Device Support and Examples
   * Component: Startup Version: 1.0.0

<h2>Collection of Component include folders:</h2>
  .\RTE\_TM4C129_Flash
  C:\Keil_v5\ARM\PACK\ARM\CMSIS\5.5.1\CMSIS\Core\Include
  C:\Keil_v5\ARM\PACK\ARM\CMSIS\5.5.1\CMSIS\RTOS\RTX\INC
  C:\Keil_v5\ARM\PACK\Keil\TM4C_DFP\1.1.0\Device\Include\TM4C129

<h2>Collection of Component Files used:</h2>

   * Component: ::CMSIS:RTOS:1.0.0 (API)

   * Component: ARM::CMSIS:CORE:5.2.0

   * Component: ARM::CMSIS:RTOS:Keil RTX:4.81.1
      Source file:   CMSIS\RTOS\RTX\UserCodeTemplates\MemPool.c
      Source file:   CMSIS\RTOS\RTX\UserCodeTemplates\Timer.c
      Source file:   CMSIS\RTOS\RTX\SRC\ARM\SVC_Table.s
      Source file:   CMSIS\RTOS\RTX\UserCodeTemplates\Mutex.c
      Include file:  CMSIS\RTOS\RTX\UserCodeTemplates\osObjects.h
      Source file:   CMSIS\RTOS\RTX\Templates\RTX_Conf_CM.c
      Source file:   CMSIS\RTOS\RTX\UserCodeTemplates\main.c
      Library file:  CMSIS\RTOS\RTX\LIB\ARM\RTX_CM4.lib
      Source file:   CMSIS\RTOS\RTX\UserCodeTemplates\Thread.c
      Include file:  CMSIS\RTOS\RTX\INC\cmsis_os.h
      Source file:   CMSIS\RTOS\RTX\UserCodeTemplates\MailQueue.c
      Source file:   CMSIS\RTOS\RTX\UserCodeTemplates\Semaphore.c
      Source file:   CMSIS\RTOS\RTX\UserCodeTemplates\MsgQueue.c

   * Component: Keil::Device:Startup:1.0.0
      Source file:   Device\Source\ARM\startup_TM4C129.s
      Include file:  Device\Include\TM4C129\TM4C129.h
      Source file:   Device\Source\system_TM4C129.c
Build Time Elapsed:  00:00:04
</pre>
</body>
</html>
