<html>
<body>
<pre>
<h1>µVision Build Log</h1>
<h2>Tool Versions:</h2>
IDE-Version: µVision V5.26.2.0
Copyright (C) 2018 ARM Ltd and ARM Germany GmbH. All rights reserved.
License Information: Giuliana Silva, Universidade Tecnológica Federal do Paraná, LIC=MGXAR-KIJ7V-SF2I0-B2WBI-RS74F-1LYI4
 
Tool Versions:
Toolchain:       MDK-ARM Professional  Version: 5.26.2.0
Toolchain Path:  C:\Keil_v5\ARM\ARMCC\Bin
C Compiler:      Armcc.exe V5.06 update 6 (build 750)
Assembler:       Armasm.exe V5.06 update 6 (build 750)
Linker/Locator:  ArmLink.exe V5.06 update 6 (build 750)
Library Manager: ArmAr.exe V5.06 update 6 (build 750)
Hex Converter:   FromElf.exe V5.06 update 6 (build 750)
CPU DLL:         SARMCM3.DLL V5.26.2.0
Dialog DLL:      DCM.DLL V1.17.2.0
Target DLL:      lmidk-agdi.dll V???
Dialog DLL:      TCM.DLL V1.36.1.0
 
<h2>Project:</h2>
C:\Users\giumr\OneDrive\Documents\Sistemas Embarcados\Embarcados\lab01\ProjectFiles\base_project.uvprojx
Project File Date:  08/26/2019

<h2>Output:</h2>
*** Using Compiler 'V5.06 update 6 (build 750)', folder: 'C:\Keil_v5\ARM\ARMCC\Bin'
*** Note: Rebuilding project, since 'Options->Output->Create Batch File' is selected.
Rebuild Project 'base_project' - Target 'TM4C129 Flash'
assembling assemblyFunctions.s...
C:\Users\giumr\OneDrive\Documents\Sistemas Embarcados\Embarcados\lab01\ProjectFiles\assemblyFunctions.s(35): warning: A1865W: '#' not seen before constant expression
C:\Users\giumr\OneDrive\Documents\Sistemas Embarcados\Embarcados\lab01\ProjectFiles\assemblyFunctions.s(54): warning: A1313W: Missing END directive at end of file
C:\Users\giumr\OneDrive\Documents\Sistemas Embarcados\Embarcados\lab01\ProjectFiles\assemblyFunctions.s(54): warning: A1581W: Added 2 bytes of padding at address 0x66
compiling lab01.c...
C:\Users\giumr\OneDrive\Documents\Sistemas Embarcados\Embarcados\lab01\ProjectFiles\buttons.h(5): warning:  #1295-D: Deprecated declaration button_init - give arg types
  extern void button_init();
C:\Users\giumr\OneDrive\Documents\Sistemas Embarcados\Embarcados\lab01\ProjectFiles\buttons.h(6): warning:  #1295-D: Deprecated declaration button_read_s1 - give arg types
  extern bool button_read_s1();
C:\Users\giumr\OneDrive\Documents\Sistemas Embarcados\Embarcados\lab01\ProjectFiles\buttons.h(7): warning:  #1295-D: Deprecated declaration button_read_s2 - give arg types
  extern bool button_read_s2();
C:\Users\giumr\OneDrive\Documents\Sistemas Embarcados\Embarcados\lab01\ProjectFiles\buttons.h(9): warning:  #1-D: last line of file ends without a newline
  #endif //__BUTTONS_H
C:\Users\giumr\OneDrive\Documents\Sistemas Embarcados\Embarcados\lab01\ProjectFiles\joy.h(20): warning:  #1295-D: Deprecated declaration joy_read_center - give arg types
  extern bool joy_read_center();
lab01.c: 5 warnings, 0 errors
compiling buttons.c...
C:\Users\giumr\OneDrive\Documents\Sistemas Embarcados\Embarcados\lab01\ProjectFiles\buttons.h(5): warning:  #1295-D: Deprecated declaration button_init - give arg types
  extern void button_init();
C:\Users\giumr\OneDrive\Documents\Sistemas Embarcados\Embarcados\lab01\ProjectFiles\buttons.h(6): warning:  #1295-D: Deprecated declaration button_read_s1 - give arg types
  extern bool button_read_s1();
C:\Users\giumr\OneDrive\Documents\Sistemas Embarcados\Embarcados\lab01\ProjectFiles\buttons.h(7): warning:  #1295-D: Deprecated declaration button_read_s2 - give arg types
  extern bool button_read_s2();
C:\Users\giumr\OneDrive\Documents\Sistemas Embarcados\Embarcados\lab01\ProjectFiles\buttons.h(9): warning:  #1-D: last line of file ends without a newline
  #endif //__BUTTONS_H
buttons.c: 4 warnings, 0 errors
compiling cfaf128x128x16.c...
C:\Users\giumr\OneDrive\Documents\Sistemas Embarcados\Embarcados\lab01\ProjectFiles\cfaf128x128x16.c(880): warning:  #1-D: last line of file ends without a newline
  //*****************************************************************************
C:\Users\giumr\OneDrive\Documents\Sistemas Embarcados\Embarcados\lab01\ProjectFiles\cfaf128x128x16.c(770): warning:  #177-D: function "ssiSetDataMode"  was declared but never referenced
  ssiSetDataMode(uint8_t mode) {
C:\Users\giumr\OneDrive\Documents\Sistemas Embarcados\Embarcados\lab01\ProjectFiles\cfaf128x128x16.c(777): warning:  #177-D: function "ssiSetClockDivider"  was declared but never referenced
  ssiSetClockDivider(uint8_t divider){
cfaf128x128x16.c: 3 warnings, 0 errors
compiling joy.c...
C:\Users\giumr\OneDrive\Documents\Sistemas Embarcados\Embarcados\lab01\ProjectFiles\joy.h(20): warning:  #1295-D: Deprecated declaration joy_read_center - give arg types
  extern bool joy_read_center();
C:\Users\giumr\OneDrive\Documents\Sistemas Embarcados\Embarcados\lab01\ProjectFiles\joy.c(102): warning:  #1-D: last line of file ends without a newline
  }
joy.c: 2 warnings, 0 errors
compiling airplane.c...
assembling utils.s...
compiling buffalo.c...
compiling RTX_Conf_CM.c...
assembling startup_TM4C129.s...
compiling system_TM4C129.c...
linking...
Program Size: Code=11464 RO-data=39244 RW-data=80 ZI-data=26264  
".\Flash\base_project.axf" - 0 Error(s), 17 Warning(s).

<h2>Software Packages used:</h2>

Package Vendor: ARM
                http://www.keil.com/pack/ARM.CMSIS.5.4.0.pack
                ARM.CMSIS.5.4.0
                CMSIS (Cortex Microcontroller Software Interface Standard)
   * Component: RTOS Version: 1.0.0
   * Component: CORE Version: 5.1.2
   * Component: Keil RTX Version: 4.81.1

Package Vendor: Keil
                http://www.keil.com/pack/Keil.TM4C_DFP.1.1.0.pack
                Keil.TM4C_DFP.1.1.0
                Texas Instruments Tiva C Series Device Support and Examples
   * Component: Startup Version: 1.0.0

<h2>Collection of Component include folders:</h2>
  .\RTE\_TM4C129_Flash
  C:\Keil_v5\ARM\PACK\ARM\CMSIS\5.4.0\CMSIS\Core\Include
  C:\Keil_v5\ARM\PACK\ARM\CMSIS\5.4.0\CMSIS\RTOS\RTX\INC
  C:\Keil_v5\ARM\PACK\Keil\TM4C_DFP\1.1.0\Device\Include\TM4C129

<h2>Collection of Component Files used:</h2>

   * Component: ::CMSIS:RTOS:1.0.0 (API)

   * Component: ARM::CMSIS:CORE:5.1.2

   * Component: ARM::CMSIS:RTOS:Keil RTX:4.81.1
      Source file:   CMSIS\RTOS\RTX\UserCodeTemplates\MailQueue.c
      Source file:   CMSIS\RTOS\RTX\UserCodeTemplates\main.c
      Include file:  CMSIS\RTOS\RTX\INC\cmsis_os.h
      Include file:  CMSIS\RTOS\RTX\UserCodeTemplates\osObjects.h
      Source file:   CMSIS\RTOS\RTX\UserCodeTemplates\Mutex.c
      Source file:   CMSIS\RTOS\RTX\UserCodeTemplates\Thread.c
      Source file:   CMSIS\RTOS\RTX\UserCodeTemplates\Semaphore.c
      Source file:   CMSIS\RTOS\RTX\UserCodeTemplates\Timer.c
      Source file:   CMSIS\RTOS\RTX\SRC\ARM\SVC_Table.s
      Source file:   CMSIS\RTOS\RTX\Templates\RTX_Conf_CM.c
      Source file:   CMSIS\RTOS\RTX\UserCodeTemplates\MsgQueue.c
      Source file:   CMSIS\RTOS\RTX\UserCodeTemplates\MemPool.c
      Library file:  CMSIS\RTOS\RTX\LIB\ARM\RTX_CM4.lib

   * Component: Keil::Device:Startup:1.0.0
      Source file:   Device\Source\system_TM4C129.c
      Source file:   Device\Source\ARM\startup_TM4C129.s
      Include file:  Device\Include\TM4C129\TM4C129.h
Build Time Elapsed:  00:00:04
</pre>
</body>
</html>
